=== A) 4 seeds at TC* ===
[seeds] sd=0: ok top=oscillator/0.9687 T3=166.0 acfT3=166.0 q=0.9 T2=26.0 t1=5.0 s12=5.2 s23=6.4 G1=True G2=True BOTH
[seeds] sd=1: ok top=oscillator/0.9708 T3=166.5 acfT3=166.5 q=0.89 T2=26.0 t1=4.8 s12=5.4 s23=6.4 G1=True G2=True BOTH
[seeds] sd=2: ok top=oscillator/0.9727 T3=167.0 acfT3=167.0 q=0.9 T2=26.0 t1=4.95 s12=5.3 s23=6.4 G1=True G2=True BOTH
[seeds] sd=3: ok top=oscillator/0.9301 T3=165.5 acfT3=165.5 q=0.89 T2=26.0 t1=4.85 s12=5.4 s23=6.4 G1=True G2=True BOTH
SEEDS: 4/4 BOTH
=== B) 6 jitter draws (+-10% all 9 searched params) ===
[jit0] sd=20: ok top=oscillator/0.9574 T3=152.5 acfT3=152.5 q=0.89 T2=25.0 t1=4.72 s12=5.3 s23=6.1 G1=True G2=True BOTH
[jit1] sd=21: ok top=oscillator/0.956 T3=151.0 acfT3=151.0 q=0.9 T2=24.5 t1=4.75 s12=5.2 s23=6.2 G1=True G2=True BOTH
[jit2] sd=22: ok top=oscillator/0.93 T3=176.0 acfT3=176.0 q=0.9 T2=25.0 t1=4.45 s12=5.6 s23=7.0 G1=True G2=True BOTH
[jit3] sd=23: ok top=switch/0.7806 T3=169.7 acfT3=172.5 q=0.78 T2=26.5 t1=4.8 s12=5.5 s23=6.4 G1=True G2=False 
[jit4] sd=24: ok top=oscillator/0.9596 T3=147.5 acfT3=147.5 q=0.92 T2=25.5 t1=4.85 s12=5.3 s23=5.8 G1=True G2=True BOTH
[jit5] sd=25: ok top=oscillator/0.9048 T3=213.0 acfT3=213.0 q=0.86 T2=26.5 t1=4.7 s12=5.6 s23=8.0 G1=True G2=True BOTH
JITTER: 5/6 BOTH
=== C) response curve rho (x2 seeds) ===
[rc_rho=0.026] sd=0: ok top=oscillator/0.8329 T3=224.5 acfT3=224.5 q=0.76 T2=25.0 t1=4.45 s12=5.6 s23=9.0 G1=True G2=False 
[rc_rho=0.026] sd=1: ok top=oscillator/0.8428 T3=222.0 acfT3=222.0 q=0.77 T2=25.0 t1=4.6 s12=5.4 s23=8.9 G1=True G2=False 
[rc_rho=0.03] sd=0: ok top=oscillator/0.9524 T3=194.5 acfT3=194.5 q=0.88 T2=25.5 t1=4.55 s12=5.6 s23=7.6 G1=True G2=True BOTH
[rc_rho=0.03] sd=1: ok top=oscillator/0.9508 T3=193.5 acfT3=193.5 q=0.88 T2=25.8 t1=4.65 s12=5.5 s23=7.5 G1=True G2=True BOTH
[rc_rho=0.034] sd=0: ok top=oscillator/0.9687 T3=166.0 acfT3=166.0 q=0.9 T2=26.0 t1=5.0 s12=5.2 s23=6.4 G1=True G2=True BOTH
[rc_rho=0.034] sd=1: ok top=oscillator/0.9708 T3=166.5 acfT3=166.5 q=0.89 T2=26.0 t1=4.8 s12=5.4 s23=6.4 G1=True G2=True BOTH
[rc_rho=0.038] sd=0: ok top=oscillator/0.9619 T3=155.5 acfT3=155.5 q=0.91 T2=26.5 t1=4.85 s12=5.5 s23=5.9 G1=True G2=True BOTH
[rc_rho=0.038] sd=1: ok top=oscillator/0.9699 T3=154.5 acfT3=154.5 q=0.91 T2=26.5 t1=4.9 s12=5.4 s23=5.8 G1=True G2=True BOTH
[rc_rho=0.042] sd=0: ok top=oscillator/0.9389 T3=141.0 acfT3=141.0 q=0.91 T2=26.5 t1=4.7 s12=5.6 s23=5.3 G1=True G2=True BOTH
[rc_rho=0.042] sd=1: ok top=oscillator/0.8639 T3=142.0 acfT3=142.0 q=0.9 T2=26.5 t1=4.53 s12=5.9 s23=5.4 G1=True G2=True BOTH
=== D) response curve eta2 ===
[rc_eta2=0.4] sd=0: ok top=oscillator/0.936 T3=163.0 acfT3=163.0 q=0.87 T2=26.5 t1=4.75 s12=5.6 s23=6.2 G1=True G2=True BOTH
[rc_eta2=0.42] sd=0: ok top=oscillator/0.9607 T3=164.0 acfT3=164.0 q=0.9 T2=26.5 t1=4.8 s12=5.5 s23=6.2 G1=True G2=True BOTH
[rc_eta2=0.44] sd=0: ok top=oscillator/0.9687 T3=166.0 acfT3=166.0 q=0.9 T2=26.0 t1=5.0 s12=5.2 s23=6.4 G1=True G2=True BOTH
[rc_eta2=0.46] sd=0: ok top=oscillator/0.9444 T3=182.5 acfT3=182.5 q=0.9 T2=25.8 t1=4.7 s12=5.5 s23=7.1 G1=True G2=True BOTH
=== E) long-run persistence check (112k ticks) ===
[long] sd=0: ok top=oscillator/0.948 T3=166.5 acfT3=166.5 q=0.94 T2=26.0 t1=4.85 s12=5.4 s23=6.4 G1=True G2=True BOTH
DONE cert2
