s1-00 mu1=0.7 e2=0.25 rho=0.1: st=ok top={'H': ('switch', 0.7925), 'P': ('oscillator', 0.8627)} G1=True G2=True T=44.0 tau2=14.0 tau1=0.56 cv=0.35 np=133.0 rt=4.5s
s1-01 mu1=0.7 e2=0.25 rho=0.2: st=ok top={'H': ('switch', 0.7976), 'P': ('oscillator', 0.8685)} G1=False G2=True T=33.0 tau2=7.0 tau1=17.21 cv=0.4 np=139.0 rt=4.3s
s1-02 mu1=0.7 e2=0.25 rho=0.3: st=ok top={'H': ('switch', 0.7979), 'P': ('switch', 0.7885)} G1=False G2=False T=28.4 tau2=7.0 tau1=22.34 cv=0.45 np=132.5 rt=4.3s
s1-03 mu1=0.7 e2=0.35 rho=0.1: st=ok top={'H': ('oscillator', 0.8277), 'P': ('oscillator', 0.8718)} G1=True G2=True T=42.0 tau2=14.0 tau1=0.56 cv=0.26 np=101.5 rt=4.3s
s1-04 mu1=0.7 e2=0.35 rho=0.2: st=ok top={'H': ('oscillator', 0.8534), 'P': ('oscillator', 0.95)} G1=True G2=True T=30.5 tau2=7.0 tau1=0.54 cv=0.23 np=129.0 rt=4.2s
s1-05 mu1=0.7 e2=0.35 rho=0.3: st=ok top={'H': ('switch', 0.8092), 'P': ('switch', 0.8017)} G1=False G2=False T=25.7 tau2=7.0 tau1=12.74 cv=0.23 np=148.0 rt=4.3s
s1-06 mu1=0.7 e2=0.5 rho=0.1: st=ok top={'H': ('oscillator', 0.9484), 'P': ('oscillator', 0.968)} G1=False G2=True T=42.0 tau2=14.0 tau1=1.55 cv=0.18 np=111.0 rt=4.3s
s1-07 mu1=0.7 e2=0.5 rho=0.2: st=ok top={'H': ('switch', 0.8098), 'P': ('switch', 0.8104)} G1=False G2=False T=29.7 tau2=7.0 tau1=1.02 cv=0.16 np=132.5 rt=4.3s
s1-08 mu1=0.7 e2=0.5 rho=0.3: st=ok top={'H': ('oscillator', 0.8933), 'P': ('oscillator', 0.9232)} G1=False G2=True T=24.5 tau2=7.0 tau1=3.29 cv=0.14 np=156.5 rt=4.3s
s1-09 mu1=0.7 e2=0.65 rho=0.1: st=ok top={'H': ('switch', 0.6283), 'P': ('switch', 0.5981)} G1=False G2=False T=27.3 tau2=7.0 tau1=30.38 cv=0.09 np=172.5 rt=4.2s
s1-10 mu1=0.7 e2=0.65 rho=0.2: st=ok top={'H': ('switch', 0.6839), 'P': ('switch', 0.6725)} G1=False G2=False T=24.8 tau2=7.0 tau1=19.53 cv=0.1 np=170.0 rt=4.3s
s1-11 mu1=0.7 e2=0.65 rho=0.3: st=ok top={'H': ('switch', 0.6387), 'P': ('switch', 0.6343)} G1=False G2=False T=23.5 tau2=7.0 tau1=10.53 cv=0.1 np=163.0 rt=4.3s
s1-12 mu1=0.9 e2=0.25 rho=0.1: st=ok top={'H': ('switch', 0.801), 'P': ('oscillator', 0.9241)} G1=True G2=True T=53.5 tau2=14.0 tau1=0.28 cv=0.28 np=138.0 rt=4.3s
s1-13 mu1=0.9 e2=0.25 rho=0.2: st=ok top={'H': ('switch', 0.808), 'P': ('oscillator', 0.8489)} G1=False G2=False T=39.1 tau2=14.0 tau1=24.32 cv=0.3 np=133.5 rt=4.3s
s1-14 mu1=0.9 e2=0.25 rho=0.3: st=ok top={'H': ('switch', 0.8095), 'P': ('oscillator', 0.8409)} G1=True G2=False T=33.5 tau2=7.0 tau1=0.58 cv=0.35 np=129.0 rt=4.4s
s1-15 mu1=0.9 e2=0.35 rho=0.1: st=ok top={'H': ('oscillator', 0.9199), 'P': ('oscillator', 0.9824)} G1=False G2=True T=52.0 tau2=14.0 tau1=5.3 cv=0.19 np=144.0 rt=4.3s
s1-16 mu1=0.9 e2=0.35 rho=0.2: st=ok top={'H': ('switch', 0.8112), 'P': ('oscillator', 0.8412)} G1=False G2=False T=37.1 tau2=7.0 tau1=1.98 cv=0.18 np=154.0 rt=4.4s
s1-17 mu1=0.9 e2=0.35 rho=0.3: st=ok top={'H': ('oscillator', 0.8936), 'P': ('oscillator', 0.9345)} G1=False G2=True T=31.0 tau2=7.0 tau1=0.4 cv=0.19 np=153.5 rt=4.3s
s1-18 mu1=0.9 e2=0.5 rho=0.1: st=ok top={'H': ('oscillator', 0.9235), 'P': ('oscillator', 0.9745)} G1=False G2=True T=52.0 tau2=14.0 tau1=9.81 cv=0.13 np=145.5 rt=4.3s
s1-19 mu1=0.9 e2=0.5 rho=0.2: st=ok top={'H': ('oscillator', 0.8234), 'P': ('oscillator', 0.8258)} G1=False G2=False T=36.5 tau2=7.0 tau1=2.29 cv=0.12 np=152.0 rt=4.3s
s1-20 mu1=0.9 e2=0.5 rho=0.3: st=ok top={'H': ('switch', 0.7851), 'P': ('switch', 0.7823)} G1=False G2=False T=30.2 tau2=7.0 tau1=0.94 cv=0.18 np=104.0 rt=4.3s
s1-21 mu1=0.9 e2=0.65 rho=0.1: st=ok top={'H': ('switch', 0.6545), 'P': ('switch', 0.6155)} G1=False G2=False T=20.2 tau2=14.0 tau1=23.08 cv=0.08 np=181.5 rt=4.3s
s1-22 mu1=0.9 e2=0.65 rho=0.2: st=ok top={'H': ('switch', 0.6256), 'P': ('switch', 0.6241)} G1=False G2=False T=22.9 tau2=7.0 tau1=20.66 cv=0.08 np=179.0 rt=4.3s
s1-23 mu1=0.9 e2=0.65 rho=0.3: st=ok top={'H': ('switch', 0.654), 'P': ('switch', 0.6338)} G1=False G2=False T=21.9 tau2=7.0 tau1=29.19 cv=0.08 np=176.0 rt=4.3s
s1-24 mu1=1.1 e2=0.25 rho=0.1: st=ok top={'H': ('oscillator', 0.8513), 'P': ('oscillator', 0.9377)} G1=True G2=True T=63.0 tau2=14.0 tau1=1.06 cv=0.25 np=140.5 rt=4.2s
s1-25 mu1=1.1 e2=0.25 rho=0.2: st=ok top={'H': ('oscillator', 0.8452), 'P': ('oscillator', 0.8991)} G1=False G2=True T=46.0 tau2=14.0 tau1=35.68 cv=0.29 np=116.0 rt=4.3s
s1-26 mu1=1.1 e2=0.25 rho=0.3: st=ok top={'H': ('switch', 0.8166), 'P': ('oscillator', 0.8079)} G1=False G2=False T=38.7 tau2=7.0 tau1=19.28 cv=0.3 np=125.0 rt=4.3s
s1-27 mu1=1.1 e2=0.35 rho=0.1: st=ok top={'H': ('oscillator', 0.951), 'P': ('oscillator', 0.983)} G1=False G2=True T=61.5 tau2=14.0 tau1=2.63 cv=0.16 np=150.0 rt=4.3s
s1-28 mu1=1.1 e2=0.35 rho=0.2: st=ok top={'H': ('oscillator', 0.9451), 'P': ('oscillator', 0.9673)} G1=False G2=True T=44.0 tau2=14.0 tau1=21.27 cv=0.17 np=144.0 rt=4.2s
s1-29 mu1=1.1 e2=0.35 rho=0.3: st=ok top={'H': ('oscillator', 0.9151), 'P': ('oscillator', 0.9226)} G1=False G2=True T=36.5 tau2=7.0 tau1=0.4 cv=0.17 np=139.5 rt=4.3s
s1-30 mu1=1.1 e2=0.5 rho=0.1: st=ok top={'H': ('switch', 0.7212), 'P': ('switch', 0.7363)} G1=False G2=False T=57.4 tau2=14.0 tau1=25.45 cv=0.1 np=164.0 rt=4.3s
s1-31 mu1=1.1 e2=0.5 rho=0.2: st=ok top={'H': ('switch', 0.6279), 'P': ('switch', 0.6271)} G1=False G2=False T=30.7 tau2=14.0 tau1=25.11 cv=0.1 np=164.5 rt=4.3s
s1-32 mu1=1.1 e2=0.5 rho=0.3: st=ok top={'H': ('switch', 0.5601), 'P': ('switch', 0.5678)} G1=False G2=False T=25.2 tau2=7.0 tau1=16.57 cv=0.1 np=163.5 rt=4.4s
s1-33 mu1=1.1 e2=0.65 rho=0.1: st=ok top={'H': ('switch', 0.649), 'P': ('switch', 0.6178)} G1=False G2=False T=20.1 tau2=14.0 tau1=22.72 cv=0.07 np=185.0 rt=4.3s
s1-34 mu1=1.1 e2=0.65 rho=0.2: st=ok top={'H': ('switch', 0.6446), 'P': ('switch', 0.6107)} G1=False G2=False T=18.9 tau2=14.0 tau1=21.78 cv=0.07 np=184.0 rt=4.4s
s1-35 mu1=1.1 e2=0.65 rho=0.3: st=ok top={'H': ('switch', 0.6352), 'P': ('switch', 0.623)} G1=False G2=False T=20.6 tau2=7.0 tau1=20.49 cv=0.08 np=182.0 rt=4.3s
DONE stage1
