skip ('v2g10_ds2g3_015', 'screen')
skip ('v2g10_ds2g2_003', 'screen')
skip ('v2g10_ds2g2_007', 'screen')
skip ('v2g10_gt_mv3', 'screen')
skip ('v2g10_ds6_000', 'screen')
skip ('v2g10_gt_m0', 'screen')
skip ('v2g10_ds2g2_016', 'screen')
skip ('v2g10_ds2g2_006', 'screen')
skip ('v2g10_gt_pred', 'screen')
skip ('v2g10_gt_coex', 'screen')
skip ('v2g10_ds2g3_005', 'screen')
skip ('v2g10_gt_m4', 'screen')
skip ('v2g10_ds3_014', 'screen')
skip ('v2g10_ds2g1_010', 'screen')
skip ('v2g10_ds3_017', 'screen')
skip ('v2g10_g0_jit_11', 'screen')
skip ('v2g10_ds6_012', 'screen')
skip ('v2g10_ds3_001', 'screen')
skip ('v2g10_ds2g1_017', 'screen')
skip ('v2g10_ds2g1_001', 'screen')
skip ('v2g10_ds5_003', 'screen')
skip ('v2g10_ds4_023', 'screen')
skip ('v2g10_gt_xv', 'screen')
skip ('v2g10_gt_bf', 'screen')
