g1: 24 jobs -> 4 shards, loads ['54', '54', '54', '55']
{
 "gen": 1,
 "n": 24,
 "events": {
  "new": 2,
  "improved": 5,
  "held": 8,
  "dead": 9
 },
 "opstat": {
  "merge_cross_edge": {
   "n": 4,
   "ok": 4,
   "best": 66.38626834191376,
   "events": 2
  },
  "dup_act": {
   "n": 2,
   "ok": 0,
   "best": 0.0,
   "events": 0
  },
  "delete_bilin": {
   "n": 1,
   "ok": 1,
   "best": 9.525831785517411,
   "events": 0
  },
  "mutate": {
   "n": 5,
   "ok": 5,
   "best": 62.64071880675428,
   "events": 3
  },
  "mint_bilin": {
   "n": 3,
   "ok": 3,
   "best": 73.6971623729091,
   "events": 0
  },
  "immigrate": {
   "n": 5,
   "ok": 1,
   "best": 0.0,
   "events": 0
  },
  "add_chan": {
   "n": 2,
   "ok": 1,
   "best": 64.50704070234696,
   "events": 1
  },
  "merge_slow_tanh": {
   "n": 1,
   "ok": 1,
   "best": 73.83268289522672,
   "events": 1
  },
  "merge_share_chan": {
   "n": 1,
   "ok": 0,
   "best": 0.0,
   "events": 0
  }
 },
 "n_extended": 3,
 "mean_I": 33.61897416447025,
 "max_I": 73.83268289522672,
 "max_cand": "ds2g1_017",
 "wall_sim_total": 33556.0,
 "census": {
  "gen": 1,
  "mint_attempt_rows": 3,
  "mint_ok": 3,
  "mint_funnel_fail": 0,
  "mint_best": 73.6971623729091,
  "carrier_rows": 3,
  "carrier_ok": 3,
  "carrier_best": 73.6971623729091,
  "archive_cells": 38,
  "cells_with_minted": 0,
  "minted_uids_alive": []
 }
}
s2g1: 7 jobs -> 4 shards, loads ['13', '23', '21', '19']
seed2 g1: 7 rows, ok=7 fail=0
g2: 24 jobs -> 4 shards, loads ['52', '52', '53', '53']
{
 "gen": 2,
 "n": 24,
 "events": {
  "new": 5,
  "improved": 6,
  "held": 4,
  "dead": 9
 },
 "opstat": {
  "mutate": {
   "n": 5,
   "ok": 3,
   "best": 64.01684524483136,
   "events": 2
  },
  "merge_cross_edge": {
   "n": 3,
   "ok": 3,
   "best": 56.97754541466664,
   "events": 3
  },
  "merge_slow_tanh": {
   "n": 2,
   "ok": 2,
   "best": 64.66410724698581,
   "events": 1
  },
  "delete_bilin": {
   "n": 1,
   "ok": 1,
   "best": 34.14272943093341,
   "events": 1
  },
  "mint_bilin": {
   "n": 3,
   "ok": 3,
   "best": 38.5276806563721,
   "events": 2
  },
  "immigrate": {
   "n": 5,
   "ok": 3,
   "best": 0.0,
   "events": 0
  },
  "dup_act": {
   "n": 2,
   "ok": 1,
   "best": 34.221090564096855,
   "events": 1
  },
  "merge_share_chan": {
   "n": 1,
   "ok": 0,
   "best": 0.0,
   "events": 0
  },
  "add_chan": {
   "n": 2,
   "ok": 2,
   "best": 57.4413862360011,
   "events": 1
  }
 },
 "n_extended": 1,
 "mean_I": 32.08935042832171,
 "max_I": 64.66410724698581,
 "max_cand": "ds2g2_016",
 "wall_sim_total": 20893.9,
 "census": {
  "gen": 2,
  "mint_attempt_rows": 3,
  "mint_ok": 3,
  "mint_funnel_fail": 0,
  "mint_best": 38.5276806563721,
  "carrier_rows": 3,
  "carrier_ok": 3,
  "carrier_best": 38.5276806563721,
  "archive_cells": 43,
  "cells_with_minted": 2,
  "minted_uids_alive": [
   "v2_006",
   "v2_007"
  ]
 }
}
s2g2: 11 jobs -> 4 shards, loads ['32', '33', '25', '33']
seed2 g2: 11 rows, ok=9 fail=0
DRIVER2_DONE_1-2
g3: 24 jobs -> 4 shards, loads ['54', '53', '53', '53']
{
 "gen": 3,
 "n": 24,
 "events": {
  "new": 3,
  "improved": 3,
  "held": 8,
  "dead": 10
 },
 "opstat": {
  "add_chan": {
   "n": 2,
   "ok": 1,
   "best": 65.0411020494268,
   "events": 1
  },
  "merge_cross_edge": {
   "n": 3,
   "ok": 3,
   "best": 72.30509024670438,
   "events": 2
  },
  "mutate": {
   "n": 5,
   "ok": 4,
   "best": 60.23007579550823,
   "events": 2
  },
  "merge_share_chan": {
   "n": 1,
   "ok": 0,
   "best": 0.0,
   "events": 0
  },
  "immigrate": {
   "n": 5,
   "ok": 3,
   "best": 0.0,
   "events": 0
  },
  "dup_act": {
   "n": 2,
   "ok": 1,
   "best": 39.54707840664165,
   "events": 0
  },
  "mint_bilin": {
   "n": 3,
   "ok": 3,
   "best": 65.49586667110991,
   "events": 1
  },
  "merge_slow_tanh": {
   "n": 2,
   "ok": 2,
   "best": 61.19258519302028,
   "events": 0
  },
  "delete_bilin": {
   "n": 1,
   "ok": 1,
   "best": 58.366182394694185,
   "events": 0
  }
 },
 "n_extended": 1,
 "mean_I": 33.24679618299515,
 "max_I": 72.30509024670438,
 "max_cand": "ds2g3_015",
 "wall_sim_total": 20553.9,
 "census": {
  "gen": 3,
  "mint_attempt_rows": 3,
  "mint_ok": 3,
  "mint_funnel_fail": 0,
  "mint_best": 65.49586667110991,
  "carrier_rows": 3,
  "carrier_ok": 3,
  "carrier_best": 65.49586667110991,
  "archive_cells": 46,
  "cells_with_minted": 3,
  "minted_uids_alive": [
   "v2_006",
   "v2_007",
   "v3_005"
  ]
 }
}
s2g3: 6 jobs -> 4 shards, loads ['14', '13', '24', '20']
seed2 g3: 6 rows, ok=6 fail=0
DRIVER2_DONE_3-3
{
 "gen": 10,
 "n": 24,
 "events": {
  "new": 18,
  "improved": 2,
  "held": 4,
  "dead": 0
 },
 "opstat": {
  "seed": {
   "n": 17,
   "ok": 17,
   "best": 74.23989761394299,
   "events": 13
  },
  "gt": {
   "n": 7,
   "ok": 7,
   "best": 52.41313956991491,
   "events": 7
  }
 },
 "n_extended": 9,
 "mean_I": 51.464089928938826,
 "max_I": 74.23989761394299,
 "max_cand": "v2g10_ds3_014",
 "wall_sim_total": 0.0,
 "census": {
  "gen": 10,
  "mint_attempt_rows": 0,
  "mint_ok": 0,
  "mint_funnel_fail": 0,
  "mint_best": 0.0,
  "carrier_rows": 3,
  "carrier_ok": 3,
  "carrier_best": 66.84045311457805,
  "archive_cells": 18,
  "cells_with_minted": 3,
  "minted_uids_alive": [
   "v2_006",
   "v2_007",
   "v3_005"
  ]
 }
}
s2g10: 20 jobs -> 4 shards, loads ['44', '44', '43', '44']
seed2 g10: 20 rows, ok=16 fail=2
G10_INGESTED
g11: 24 jobs -> 4 shards, loads ['56', '56', '55', '57']
{
 "gen": 11,
 "n": 24,
 "events": {
  "new": 10,
  "improved": 3,
  "held": 3,
  "dead": 8
 },
 "opstat": {
  "dup_act": {
   "n": 2,
   "ok": 0,
   "best": 0.0,
   "events": 0
  },
  "merge_slow_tanh": {
   "n": 2,
   "ok": 2,
   "best": 46.14809727426321,
   "events": 2
  },
  "delete_bilin": {
   "n": 1,
   "ok": 1,
   "best": 65.20646376970564,
   "events": 0
  },
  "mint_bilin": {
   "n": 3,
   "ok": 3,
   "best": 69.53426621575373,
   "events": 3
  },
  "add_chan": {
   "n": 2,
   "ok": 2,
   "best": 67.8614744476384,
   "events": 2
  },
  "mutate": {
   "n": 5,
   "ok": 5,
   "best": 47.53334185105712,
   "events": 3
  },
  "merge_share_chan": {
   "n": 1,
   "ok": 0,
   "best": 0.0,
   "events": 0
  },
  "immigrate": {
   "n": 5,
   "ok": 1,
   "best": 0.0,
   "events": 0
  },
  "merge_cross_edge": {
   "n": 3,
   "ok": 3,
   "best": 34.79678883172945,
   "events": 3
  }
 },
 "n_extended": 6,
 "mean_I": 31.82856434341477,
 "max_I": 69.53426621575373,
 "max_cand": "ds2g11_007",
 "wall_sim_total": 40502.5,
 "census": {
  "gen": 11,
  "mint_attempt_rows": 3,
  "mint_ok": 3,
  "mint_funnel_fail": 0,
  "mint_best": 69.53426621575373,
  "carrier_rows": 4,
  "carrier_ok": 4,
  "carrier_best": 69.53426621575373,
  "archive_cells": 28,
  "cells_with_minted": 6,
  "minted_uids_alive": [
   "v11_005",
   "v11_006",
   "v11_007",
   "v2_006",
   "v2_007",
   "v3_005"
  ]
 }
}
s2g11: 13 jobs -> 4 shards, loads ['39', '34', '34', '33']
seed2 g11: 13 rows, ok=12 fail=1
g12: 24 jobs -> 4 shards, loads ['57', '59', '56', '59']
{
 "gen": 12,
 "n": 24,
 "events": {
  "new": 6,
  "improved": 2,
  "held": 10,
  "dead": 6
 },
 "opstat": {
  "mutate": {
   "n": 5,
   "ok": 4,
   "best": 62.325073370810976,
   "events": 0
  },
  "merge_cross_edge": {
   "n": 4,
   "ok": 4,
   "best": 57.44163625386343,
   "events": 4
  },
  "add_chan": {
   "n": 2,
   "ok": 2,
   "best": 40.875212287267075,
   "events": 0
  },
  "mint_bilin": {
   "n": 3,
   "ok": 3,
   "best": 70.11882019723798,
   "events": 2
  },
  "dup_act": {
   "n": 2,
   "ok": 0,
   "best": 0.0,
   "events": 0
  },
  "merge_slow_tanh": {
   "n": 1,
   "ok": 1,
   "best": 67.94302591686963,
   "events": 0
  },
  "immigrate": {
   "n": 5,
   "ok": 5,
   "best": 32.0,
   "events": 2
  },
  "delete_bilin": {
   "n": 1,
   "ok": 1,
   "best": 62.56187779861132,
   "events": 0
  },
  "merge_share_chan": {
   "n": 1,
   "ok": 1,
   "best": 52.68645295983285,
   "events": 0
  }
 },
 "n_extended": 4,
 "mean_I": 40.89086546507757,
 "max_I": 70.11882019723798,
 "max_cand": "ds2g12_005",
 "wall_sim_total": 26652.9,
 "census": {
  "gen": 12,
  "mint_attempt_rows": 3,
  "mint_ok": 3,
  "mint_funnel_fail": 0,
  "mint_best": 70.11882019723798,
  "carrier_rows": 8,
  "carrier_ok": 7,
  "carrier_best": 70.11882019723798,
  "archive_cells": 34,
  "cells_with_minted": 8,
  "minted_uids_alive": [
   "v11_005",
   "v11_006",
   "v11_007",
   "v12_005",
   "v12_007",
   "v2_006",
   "v2_007",
   "v3_005"
  ]
 }
}
s2g12: 8 jobs -> 4 shards, loads ['18', '18', '24', '18']
seed2 g12: 8 rows, ok=8 fail=0
DRIVER2_DONE_11-12
