g0: 41 jobs -> 14 shards, loads ['29', '28', '28', '28', '27', '24', '26', '26', '26', '26', '26', '26', '29', '29']
g0: 41 jobs -> 14 shards, loads ['29', '28', '28', '28', '27', '24', '26', '26', '26', '26', '26', '26', '29', '29']
g0: 41 jobs -> 14 shards, loads ['29', '28', '28', '28', '27', '24', '26', '26', '26', '26', '26', '26', '29', '29']
{
 "gen": 0,
 "n": 41,
 "events": {
  "new": 31,
  "improved": 4,
  "held": 6,
  "dead": 0
 },
 "opstat": {
  "seed": {
   "n": 41,
   "ok": 41,
   "best": 77.29740662493627,
   "events": 35
  }
 },
 "n_extended": 13,
 "mean_I": 44.543888005237896,
 "max_I": 77.29740662493627,
 "max_cand": "p0g0_ds3_014",
 "wall_assay_total": 192365.2,
 "census": {
  "minted_rows": 8,
  "minted_ok": 8,
  "minted_best": 69.80931050035494,
  "cells_with_minted": 8
 }
}
s2g0: 35 jobs -> 14 shards, loads ['25', '22', '22', '27', '27', '24', '23', '22', '22', '22', '27', '26', '25', '25']
laneg0: 3 jobs -> 3 shards, loads ['29', '27', '20', '0', '0', '0', '0', '0', '0', '0', '0', '0', '0', '0']
seed2 g0: 35 rows, ok=23
s3g0: 23 jobs -> 14 shards, loads ['14', '14', '13', '17', '16', '16', '15', '12', '12', '18', '18', '16', '18', '18']
seed3 g0: 23 rows, ok=22
g1: 96 jobs -> 14 shards, loads ['66', '68', '68', '68', '68', '68', '67', '67', '67', '66', '66', '66', '65', '65']
{
 "gen": 1,
 "n": 96,
 "events": {
  "new": 13,
  "improved": 9,
  "held": 43,
  "dead": 31
 },
 "opstat": {
  "mutate": {
   "n": 20,
   "ok": 18,
   "best": 68.50566014274658,
   "events": 3
  },
  "merge_slow_tanh": {
   "n": 6,
   "ok": 6,
   "best": 57.71897789070681,
   "events": 3
  },
  "merge_cross_edge": {
   "n": 14,
   "ok": 13,
   "best": 65.78668934725565,
   "events": 9
  },
  "dup_act": {
   "n": 8,
   "ok": 1,
   "best": 14.116666666666667,
   "events": 0
  },
  "add_chan": {
   "n": 8,
   "ok": 8,
   "best": 72.8267063834255,
   "events": 1
  },
  "delete_bilin": {
   "n": 4,
   "ok": 4,
   "best": 77.29740662493627,
   "events": 1
  },
  "mint_bilin": {
   "n": 12,
   "ok": 12,
   "best": 74.92819036678485,
   "events": 3
  },
  "merge_share_chan": {
   "n": 4,
   "ok": 1,
   "best": 42.60572294641277,
   "events": 1
  },
  "immigrate": {
   "n": 20,
   "ok": 9,
   "best": 32.19903879253596,
   "events": 1
  }
 },
 "n_extended": 24,
 "mean_I": 39.103401151995044,
 "max_I": 77.29740662493627,
 "max_cand": "p0g1_032",
 "wall_assay_total": 346706.6,
 "census": {
  "minted_rows": 44,
  "minted_ok": 36,
  "minted_best": 74.92819036678485,
  "cells_with_minted": 57
 }
}
s2g1: 22 jobs -> 14 shards, loads ['14', '14', '14', '14', '14', '25', '24', '24', '21', '19', '18', '17', '13', '24']
seed2 g1: 22 rows, ok=21
s3g1: 21 jobs -> 14 shards, loads ['14', '14', '14', '14', '14', '24', '21', '19', '18', '17', '13', '13', '24', '23']
