g5: 96 jobs -> 14 shards, loads ['44', '44', '46', '43', '43', '45', '45', '44', '43', '43', '43', '43', '43', '43']
g5: 96 jobs -> 14 shards, loads ['44', '44', '46', '43', '43', '45', '45', '44', '43', '43', '43', '43', '43', '43']
{
 "gen": 5,
 "n": 96,
 "events": {
  "new": 21,
  "improved": 11,
  "held": 25,
  "dead": 39
 },
 "opstat": {
  "mutate": {
   "n": 20,
   "ok": 14,
   "best": 68.4283079647238,
   "events": 6
  },
  "add_chan": {
   "n": 8,
   "ok": 6,
   "best": 56.08664416417831,
   "events": 5
  },
  "merge_cross_edge": {
   "n": 12,
   "ok": 12,
   "best": 48.110935206559084,
   "events": 7
  },
  "mint_bilin": {
   "n": 12,
   "ok": 11,
   "best": 77.2530336745551,
   "events": 7
  },
  "merge_slow_tanh": {
   "n": 8,
   "ok": 8,
   "best": 39.28369084295393,
   "events": 4
  },
  "merge_share_chan": {
   "n": 4,
   "ok": 1,
   "best": 10.624893460688886,
   "events": 1
  },
  "dup_act": {
   "n": 8,
   "ok": 0,
   "best": 0.0,
   "events": 0
  },
  "immigrate": {
   "n": 20,
   "ok": 6,
   "best": 20.450000000000003,
   "events": 1
  },
  "delete_bilin": {
   "n": 4,
   "ok": 4,
   "best": 65.34012184382789,
   "events": 1
  }
 },
 "n_extended": 12,
 "mean_I": 24.21270832232254,
 "max_I": 77.2530336745551,
 "max_cand": "p5g5_028",
 "wall_assay_total": 93405.7,
 "census": {
  "minted_rows": 33,
  "minted_ok": 25,
  "minted_best": 77.2530336745551,
  "cells_with_minted": 12
 }
}
s2g5: 32 jobs -> 14 shards, loads ['21', '21', '19', '19', '19', '19', '18', '18', '18', '21', '20', '17', '17', '17']
laneg5: 2 jobs -> 2 shards, loads ['27', '27', '0', '0', '0', '0', '0', '0', '0', '0', '0', '0', '0', '0']
seed2 g5: 32 rows, ok=23
s3g5: 23 jobs -> 14 shards, loads ['13', '13', '16', '16', '16', '15', '12', '12', '12', '14', '12', '13', '12', '12']
seed3 g5: 23 rows, ok=22
GEN_5_DONE Thu Aug 27 07:04:14 UTC 2026
g6: 96 jobs -> 14 shards, loads ['57', '57', '59', '59', '59', '59', '59', '59', '59', '59', '59', '59', '59', '59']
{
 "gen": 6,
 "n": 96,
 "events": {
  "new": 9,
  "improved": 19,
  "held": 33,
  "dead": 35
 },
 "opstat": {
  "mint_bilin": {
   "n": 12,
   "ok": 12,
   "best": 78.506070889584,
   "events": 4
  },
  "merge_cross_edge": {
   "n": 13,
   "ok": 12,
   "best": 64.38852592917735,
   "events": 3
  },
  "mutate": {
   "n": 20,
   "ok": 17,
   "best": 68.8875978850945,
   "events": 10
  },
  "delete_bilin": {
   "n": 4,
   "ok": 4,
   "best": 77.29740662493627,
   "events": 2
  },
  "add_chan": {
   "n": 8,
   "ok": 8,
   "best": 79.83820471207734,
   "events": 5
  },
  "merge_slow_tanh": {
   "n": 7,
   "ok": 7,
   "best": 64.43655275286501,
   "events": 3
  },
  "dup_act": {
   "n": 8,
   "ok": 1,
   "best": 20.450000000000003,
   "events": 1
  },
  "immigrate": {
   "n": 20,
   "ok": 5,
   "best": 0.0,
   "events": 0
  },
  "merge_share_chan": {
   "n": 4,
   "ok": 0,
   "best": 0.0,
   "events": 0
  }
 },
 "n_extended": 18,
 "mean_I": 33.74864297229077,
 "max_I": 79.83820471207734,
 "max_cand": "p5g6_043",
 "wall_assay_total": 161619.4,
 "census": {
  "minted_rows": 55,
  "minted_ok": 40,
  "minted_best": 79.83820471207734,
  "cells_with_minted": 34
 }
}
s2g6: 28 jobs -> 14 shards, loads ['19', '19', '18', '18', '18', '17', '16', '24', '24', '22', '22', '20', '20', '20']
seed2 g6: 28 rows, ok=25
s3g6: 25 jobs -> 14 shards, loads ['18', '18', '17', '13', '13', '13', '22', '22', '20', '20', '20', '18', '18', '17']
seed3 g6: 25 rows, ok=25
GEN_6_DONE Thu Aug 27 16:09:33 UTC 2026
g7: 96 jobs -> 14 shards, loads ['64', '67', '67', '66', '66', '66', '66', '66', '66', '66', '66', '66', '66', '63']
{
 "gen": 7,
 "n": 96,
 "events": {
  "new": 13,
  "improved": 17,
  "held": 34,
  "dead": 32
 },
 "opstat": {
  "mutate": {
   "n": 20,
   "ok": 18,
   "best": 76.98421882955039,
   "events": 7
  },
  "add_chan": {
   "n": 8,
   "ok": 8,
   "best": 69.89974380686658,
   "events": 3
  },
  "merge_cross_edge": {
   "n": 13,
   "ok": 13,
   "best": 65.70134744514009,
   "events": 7
  },
  "dup_act": {
   "n": 8,
   "ok": 1,
   "best": 0.0,
   "events": 0
  },
  "merge_slow_tanh": {
   "n": 7,
   "ok": 7,
   "best": 64.72333847255977,
   "events": 3
  },
  "delete_bilin": {
   "n": 4,
   "ok": 4,
   "best": 72.19840778023412,
   "events": 3
  },
  "mint_bilin": {
   "n": 12,
   "ok": 12,
   "best": 73.84263294617483,
   "events": 6
  },
  "merge_share_chan": {
   "n": 4,
   "ok": 0,
   "best": 0.0,
   "events": 0
  },
  "immigrate": {
   "n": 20,
   "ok": 10,
   "best": 20.450000000000003,
   "events": 1
  }
 },
 "n_extended": 18,
 "mean_I": 37.009987032702746,
 "max_I": 76.98421882955039,
 "max_cand": "p5g7_000",
 "wall_assay_total": 179707.0,
 "census": {
  "minted_rows": 51,
  "minted_ok": 42,
  "minted_best": 76.98421882955039,
  "cells_with_minted": 69
 }
}
s2g7: 30 jobs -> 14 shards, loads ['24', '23', '25', '25', '25', '25', '23', '23', '23', '22', '22', '21', '24', '24']
seed2 g7: 30 rows, ok=27
s3g7: 27 jobs -> 14 shards, loads ['18', '14', '23', '23', '22', '22', '21', '19', '18', '17', '24', '24', '24', '22']
seed3 g7: 27 rows, ok=20
GEN_7_DONE Fri Aug 28 05:13:57 UTC 2026
g8: 96 jobs -> 14 shards, loads ['65', '65', '63', '65', '65', '65', '65', '65', '65', '65', '65', '62', '65', '64']
