mid4 ok=True why= t=150000 wall=416s
t=     0 V=0.359 hf=0.00 agg=0.00 <c>=0.500 sd=0.316 rass=0.000
t=  5000 V=0.515 hf=0.98 agg=0.93 <c>=0.394 sd=0.314 rass=0.013
t= 10000 V=0.398 hf=1.00 agg=0.94 <c>=0.375 sd=0.297 rass=0.035
t= 15000 V=0.328 hf=0.97 agg=0.94 <c>=0.364 sd=0.276 rass=0.003
t= 20000 V=0.544 hf=0.99 agg=0.68 <c>=0.367 sd=0.166 rass=0.018
t= 25000 V=0.443 hf=1.00 agg=0.93 <c>=0.286 sd=0.185 rass=0.007
t= 30000 V=0.373 hf=1.00 agg=0.93 <c>=0.220 sd=0.156 rass=0.004
t= 35000 V=0.272 hf=0.00 agg=0.00 <c>=0.199 sd=0.197 rass=0.246
t= 40000 V=0.464 hf=1.00 agg=0.89 <c>=0.330 sd=0.300 rass=0.011
t= 45000 V=0.399 hf=1.00 agg=0.93 <c>=0.371 sd=0.332 rass=0.026
t= 50000 V=0.335 hf=1.00 agg=0.91 <c>=0.344 sd=0.323 rass=0.010
t= 55000 V=0.292 hf=0.00 agg=0.00 <c>=0.237 sd=0.257 rass=0.033
t= 60000 V=0.437 hf=1.00 agg=0.91 <c>=0.205 sd=0.188 rass=0.003
t= 65000 V=0.376 hf=1.00 agg=0.92 <c>=0.308 sd=0.142 rass=0.007
t= 70000 V=0.320 hf=1.00 agg=0.93 <c>=0.375 sd=0.079 rass=0.006
t= 75000 V=0.543 hf=0.96 agg=0.59 <c>=0.413 sd=0.043 rass=0.017
t= 80000 V=0.443 hf=0.97 agg=0.91 <c>=0.415 sd=0.043 rass=0.017
t= 85000 V=0.382 hf=0.91 agg=0.92 <c>=0.420 sd=0.048 rass=0.005
t= 90000 V=0.322 hf=0.96 agg=0.94 <c>=0.411 sd=0.041 rass=0.004
t= 95000 V=0.562 hf=0.79 agg=0.35 <c>=0.440 sd=0.050 rass=0.011
t=100000 V=0.525 hf=0.73 agg=0.77 <c>=0.450 sd=0.056 rass=0.009
t=105000 V=0.480 hf=0.74 agg=0.88 <c>=0.452 sd=0.069 rass=0.001
t=110000 V=0.490 hf=0.74 agg=0.88 <c>=0.452 sd=0.083 rass=0.000
t=115000 V=0.490 hf=0.74 agg=0.89 <c>=0.451 sd=0.096 rass=0.000
t=120000 V=0.489 hf=0.74 agg=0.89 <c>=0.449 sd=0.108 rass=0.000
t=125000 V=0.489 hf=0.75 agg=0.89 <c>=0.448 sd=0.119 rass=0.000
t=130000 V=0.485 hf=0.75 agg=0.89 <c>=0.446 sd=0.129 rass=0.000
t=135000 V=0.481 hf=0.76 agg=0.90 <c>=0.444 sd=0.139 rass=0.000
t=140000 V=0.478 hf=0.76 agg=0.90 <c>=0.441 sd=0.148 rass=0.000
t=145000 V=0.476 hf=0.77 agg=0.90 <c>=0.438 sd=0.156 rass=0.000
EQ: c*=0.444 sd*=0.090 (last-half medians)
