M2lo_s0 ok=True why= t=60000 wall=258s
t=     0 V=0.359 hf=0.00 agg=0.00 <c>=0.500 sd=0.323 rass=0.000
t=  2000 V=0.497 hf=0.00 agg=0.00 <c>=0.565 sd=0.339 rass=0.121
t=  4000 V=0.458 hf=1.00 agg=0.93 <c>=0.557 sd=0.340 rass=0.011
t=  6000 V=0.445 hf=1.00 agg=0.94 <c>=0.552 sd=0.347 rass=0.038
t=  8000 V=0.451 hf=1.00 agg=0.93 <c>=0.648 sd=0.327 rass=0.018
t= 10000 V=0.463 hf=1.00 agg=0.92 <c>=0.629 sd=0.340 rass=0.019
t= 12000 V=0.477 hf=1.00 agg=0.92 <c>=0.641 sd=0.323 rass=0.029
t= 14000 V=0.505 hf=1.00 agg=0.91 <c>=0.640 sd=0.326 rass=0.051
t= 16000 V=0.532 hf=1.00 agg=0.91 <c>=0.492 sd=0.392 rass=0.035
t= 18000 V=0.578 hf=1.00 agg=0.55 <c>=0.463 sd=0.398 rass=0.057
t= 20000 V=0.342 hf=0.00 agg=0.00 <c>=0.538 sd=0.357 rass=0.095
t= 22000 V=0.351 hf=0.00 agg=0.00 <c>=0.414 sd=0.370 rass=0.343
t= 24000 V=0.376 hf=1.00 agg=0.93 <c>=0.406 sd=0.370 rass=0.024
t= 26000 V=0.400 hf=1.00 agg=0.94 <c>=0.536 sd=0.326 rass=0.018
t= 28000 V=0.425 hf=1.00 agg=0.92 <c>=0.543 sd=0.304 rass=0.021
t= 30000 V=0.446 hf=1.00 agg=0.92 <c>=0.381 sd=0.302 rass=0.010
t= 32000 V=0.470 hf=1.00 agg=0.91 <c>=0.403 sd=0.290 rass=0.037
t= 34000 V=0.498 hf=1.00 agg=0.91 <c>=0.465 sd=0.313 rass=0.018
t= 36000 V=0.540 hf=1.00 agg=0.88 <c>=0.543 sd=0.287 rass=0.037
t= 38000 V=0.622 hf=0.92 agg=0.15 <c>=0.470 sd=0.259 rass=0.101
t= 40000 V=0.344 hf=0.00 agg=0.00 <c>=0.446 sd=0.260 rass=0.202
t= 42000 V=0.356 hf=1.00 agg=0.91 <c>=0.443 sd=0.261 rass=0.039
t= 44000 V=0.378 hf=1.00 agg=0.91 <c>=0.371 sd=0.225 rass=0.034
t= 46000 V=0.404 hf=1.00 agg=0.91 <c>=0.410 sd=0.232 rass=0.012
t= 48000 V=0.431 hf=1.00 agg=0.93 <c>=0.396 sd=0.218 rass=0.018
t= 50000 V=0.459 hf=1.00 agg=0.91 <c>=0.406 sd=0.227 rass=0.052
t= 52000 V=0.488 hf=1.00 agg=0.92 <c>=0.561 sd=0.217 rass=0.071
t= 54000 V=0.527 hf=1.00 agg=0.91 <c>=0.560 sd=0.196 rass=0.046
t= 56000 V=0.562 hf=1.00 agg=0.70 <c>=0.469 sd=0.246 rass=0.065
t= 58000 V=0.336 hf=0.00 agg=0.00 <c>=0.386 sd=0.253 rass=0.066
EQ: c*=0.444 sd*=0.247 (last-half medians)
