M1hi_s0 ok=True why= t=60000 wall=266s
t=     0 V=0.359 hf=0.00 agg=0.00 <c>=0.500 sd=0.323 rass=0.000
t=  2000 V=0.447 hf=0.00 agg=0.00 <c>=0.536 sd=0.342 rass=0.164
t=  4000 V=0.382 hf=1.00 agg=0.93 <c>=0.506 sd=0.343 rass=0.022
t=  6000 V=0.365 hf=1.00 agg=0.90 <c>=0.394 sd=0.307 rass=0.073
t=  8000 V=0.367 hf=1.00 agg=0.91 <c>=0.405 sd=0.293 rass=0.021
t= 10000 V=0.377 hf=1.00 agg=0.92 <c>=0.247 sd=0.206 rass=0.007
t= 12000 V=0.390 hf=1.00 agg=0.90 <c>=0.209 sd=0.090 rass=0.015
t= 14000 V=0.435 hf=0.99 agg=0.88 <c>=0.214 sd=0.059 rass=0.086
t= 16000 V=0.494 hf=0.99 agg=0.71 <c>=0.224 sd=0.052 rass=0.024
t= 18000 V=0.455 hf=0.00 agg=0.00 <c>=0.234 sd=0.042 rass=0.011
t= 20000 V=0.308 hf=0.00 agg=0.00 <c>=0.233 sd=0.046 rass=0.120
t= 22000 V=0.326 hf=1.00 agg=0.93 <c>=0.232 sd=0.048 rass=0.016
t= 24000 V=0.360 hf=0.99 agg=0.94 <c>=0.246 sd=0.024 rass=0.003
t= 26000 V=0.383 hf=1.00 agg=0.93 <c>=0.244 sd=0.028 rass=0.004
t= 28000 V=0.418 hf=0.99 agg=0.92 <c>=0.249 sd=0.014 rass=0.000
t= 30000 V=0.459 hf=0.99 agg=0.91 <c>=0.250 sd=0.013 rass=0.000
t= 32000 V=0.501 hf=0.99 agg=0.81 <c>=0.253 sd=0.023 rass=0.021
t= 34000 V=0.567 hf=0.55 agg=0.14 <c>=0.255 sd=0.027 rass=0.043
t= 36000 V=0.312 hf=0.00 agg=0.00 <c>=0.265 sd=0.041 rass=0.277
t= 38000 V=0.323 hf=0.99 agg=0.92 <c>=0.265 sd=0.042 rass=0.096
t= 40000 V=0.345 hf=1.00 agg=0.94 <c>=0.268 sd=0.045 rass=0.050
t= 42000 V=0.378 hf=0.99 agg=0.93 <c>=0.265 sd=0.042 rass=0.054
t= 44000 V=0.404 hf=1.00 agg=0.93 <c>=0.270 sd=0.047 rass=0.062
t= 46000 V=0.442 hf=0.99 agg=0.92 <c>=0.262 sd=0.039 rass=0.016
t= 48000 V=0.478 hf=1.00 agg=0.87 <c>=0.266 sd=0.043 rass=0.014
t= 50000 V=0.543 hf=0.94 agg=0.52 <c>=0.278 sd=0.053 rass=0.027
t= 52000 V=0.308 hf=0.00 agg=0.00 <c>=0.301 sd=0.061 rass=0.115
t= 54000 V=0.314 hf=1.00 agg=0.93 <c>=0.300 sd=0.062 rass=0.051
t= 56000 V=0.336 hf=1.00 agg=0.94 <c>=0.321 sd=0.065 rass=0.042
t= 58000 V=0.357 hf=1.00 agg=0.91 <c>=0.320 sd=0.063 rass=0.078
EQ: c*=0.267 sd*=0.043 (last-half medians)
