glob_nobn ok=True why= t=100000 wall=290s
t=     0 V=0.359 hf=0.00 agg=0.00 <c>=0.500 sd=0.316 rass=0.000
t=  3300 V=0.504 hf=1.00 agg=0.92 <c>=0.459 sd=0.315 rass=0.000
t=  6600 V=0.328 hf=0.00 agg=0.00 <c>=0.418 sd=0.310 rass=0.000
t=  9900 V=0.459 hf=1.00 agg=0.88 <c>=0.385 sd=0.303 rass=0.000
t= 13200 V=0.331 hf=1.00 agg=0.91 <c>=0.348 sd=0.293 rass=0.000
t= 16500 V=0.532 hf=1.00 agg=0.28 <c>=0.320 sd=0.284 rass=0.000
t= 19800 V=0.371 hf=1.00 agg=0.90 <c>=0.288 sd=0.271 rass=0.000
t= 23100 V=0.287 hf=0.00 agg=0.00 <c>=0.260 sd=0.258 rass=0.000
t= 26400 V=0.409 hf=1.00 agg=0.89 <c>=0.238 sd=0.246 rass=0.000
t= 29700 V=0.299 hf=1.00 agg=0.92 <c>=0.214 sd=0.232 rass=0.000
t= 33000 V=0.448 hf=1.00 agg=0.16 <c>=0.199 sd=0.221 rass=0.000
t= 36300 V=0.259 hf=1.00 agg=0.81 <c>=0.183 sd=0.211 rass=0.000
t= 39600 V=0.059 hf=0.00 agg=0.00 <c>=0.180 sd=0.208 rass=0.000
t= 42900 V=0.209 hf=1.00 agg=0.02 <c>=0.180 sd=0.208 rass=0.000
t= 46200 V=0.079 hf=1.00 agg=0.00 <c>=0.181 sd=0.208 rass=0.000
t= 49500 V=0.041 hf=0.00 agg=0.00 <c>=0.181 sd=0.208 rass=0.000
t= 52800 V=0.193 hf=1.00 agg=0.02 <c>=0.182 sd=0.208 rass=0.000
t= 56100 V=0.073 hf=1.00 agg=0.00 <c>=0.182 sd=0.208 rass=0.000
t= 59400 V=0.041 hf=0.00 agg=0.00 <c>=0.182 sd=0.208 rass=0.000
t= 62700 V=0.179 hf=1.00 agg=0.01 <c>=0.183 sd=0.208 rass=0.000
t= 66000 V=0.068 hf=1.00 agg=0.00 <c>=0.183 sd=0.208 rass=0.000
t= 69300 V=0.084 hf=0.00 agg=0.00 <c>=0.184 sd=0.209 rass=0.000
t= 72600 V=0.165 hf=1.00 agg=0.01 <c>=0.184 sd=0.209 rass=0.000
t= 75900 V=0.063 hf=1.00 agg=0.00 <c>=0.184 sd=0.209 rass=0.000
t= 79200 V=0.204 hf=0.00 agg=0.00 <c>=0.185 sd=0.209 rass=0.000
t= 82500 V=0.153 hf=1.00 agg=0.01 <c>=0.185 sd=0.209 rass=0.000
t= 85800 V=0.058 hf=1.00 agg=0.00 <c>=0.186 sd=0.209 rass=0.000
t= 89100 V=0.331 hf=0.00 agg=0.00 <c>=0.186 sd=0.209 rass=0.000
t= 92400 V=0.141 hf=1.00 agg=0.01 <c>=0.187 sd=0.209 rass=0.000
t= 95700 V=0.053 hf=1.00 agg=0.00 <c>=0.187 sd=0.209 rass=0.000
t= 99000 V=0.341 hf=1.00 agg=0.05 <c>=0.188 sd=0.209 rass=0.000
EQ: c*=0.184 sd*=0.209 (last-half medians)
