eq_locost ok=True why= t=150000 wall=336s
t=     0 V=0.359 hf=0.00 agg=0.00 <c>=0.500 sd=0.316 rass=0.000
t=  5000 V=0.614 hf=1.00 agg=0.90 <c>=0.491 sd=0.321 rass=0.005
t= 10000 V=0.518 hf=1.00 agg=0.93 <c>=0.464 sd=0.368 rass=0.005
t= 15000 V=0.459 hf=1.00 agg=0.93 <c>=0.252 sd=0.321 rass=0.001
t= 20000 V=0.154 hf=1.00 agg=0.01 <c>=0.140 sd=0.171 rass=0.003
t= 25000 V=0.071 hf=1.00 agg=0.00 <c>=0.141 sd=0.171 rass=0.000
t= 30000 V=0.064 hf=1.00 agg=0.00 <c>=0.142 sd=0.171 rass=0.000
t= 35000 V=0.058 hf=1.00 agg=0.00 <c>=0.143 sd=0.171 rass=0.000
t= 40000 V=0.053 hf=1.00 agg=0.00 <c>=0.143 sd=0.172 rass=0.000
t= 45000 V=0.048 hf=1.00 agg=0.00 <c>=0.144 sd=0.172 rass=0.000
t= 50000 V=0.044 hf=1.00 agg=0.00 <c>=0.145 sd=0.172 rass=0.000
t= 55000 V=0.042 hf=0.00 agg=0.00 <c>=0.146 sd=0.172 rass=0.000
t= 60000 V=0.042 hf=0.00 agg=0.00 <c>=0.147 sd=0.173 rass=0.000
t= 65000 V=0.042 hf=0.00 agg=0.00 <c>=0.147 sd=0.173 rass=0.000
t= 70000 V=0.041 hf=0.00 agg=0.00 <c>=0.148 sd=0.173 rass=0.000
t= 75000 V=0.043 hf=0.00 agg=0.00 <c>=0.149 sd=0.173 rass=0.000
t= 80000 V=0.154 hf=0.00 agg=0.00 <c>=0.150 sd=0.174 rass=0.000
t= 85000 V=0.317 hf=0.00 agg=0.00 <c>=0.151 sd=0.174 rass=0.000
t= 90000 V=0.338 hf=1.00 agg=0.05 <c>=0.152 sd=0.174 rass=0.000
t= 95000 V=0.308 hf=1.00 agg=0.04 <c>=0.153 sd=0.175 rass=0.000
t=100000 V=0.280 hf=1.00 agg=0.03 <c>=0.153 sd=0.175 rass=0.000
t=105000 V=0.255 hf=1.00 agg=0.03 <c>=0.154 sd=0.175 rass=0.000
t=110000 V=0.232 hf=1.00 agg=0.02 <c>=0.155 sd=0.175 rass=0.000
t=115000 V=0.210 hf=1.00 agg=0.02 <c>=0.156 sd=0.176 rass=0.000
t=120000 V=0.191 hf=1.00 agg=0.02 <c>=0.156 sd=0.176 rass=0.000
t=125000 V=0.174 hf=1.00 agg=0.01 <c>=0.157 sd=0.176 rass=0.000
t=130000 V=0.158 hf=1.00 agg=0.01 <c>=0.158 sd=0.177 rass=0.000
t=135000 V=0.143 hf=1.00 agg=0.01 <c>=0.159 sd=0.177 rass=0.000
t=140000 V=0.130 hf=1.00 agg=0.01 <c>=0.159 sd=0.177 rass=0.000
t=145000 V=0.118 hf=1.00 agg=0.01 <c>=0.160 sd=0.177 rass=0.000
EQ: c*=0.155 sd*=0.176 (last-half medians)
