T_hi_mu03 ok=True why= t=100000 wall=195s
t=     0 V=0.359 hf=0.00 agg=0.00 <c>=0.500 sd=0.323 rass=0.000
t=  3300 V=0.325 hf=1.00 agg=0.88 <c>=0.362 sd=0.326 rass=0.013
t=  6600 V=0.190 hf=0.00 agg=0.00 <c>=0.235 sd=0.287 rass=0.083
t=  9900 V=0.198 hf=1.00 agg=0.02 <c>=0.126 sd=0.171 rass=0.001
t= 13200 V=0.049 hf=1.00 agg=0.00 <c>=0.127 sd=0.171 rass=0.000
t= 16500 V=0.243 hf=1.00 agg=0.03 <c>=0.130 sd=0.173 rass=0.000
t= 19800 V=0.082 hf=1.00 agg=0.00 <c>=0.132 sd=0.174 rass=0.000
t= 23100 V=0.087 hf=0.00 agg=0.00 <c>=0.134 sd=0.175 rass=0.000
t= 26400 V=0.144 hf=1.00 agg=0.01 <c>=0.137 sd=0.176 rass=0.000
t= 29700 V=0.049 hf=1.00 agg=0.00 <c>=0.138 sd=0.177 rass=0.000
t= 33000 V=0.250 hf=1.00 agg=0.03 <c>=0.141 sd=0.179 rass=0.000
t= 36300 V=0.085 hf=1.00 agg=0.00 <c>=0.143 sd=0.180 rass=0.000
t= 39600 V=0.057 hf=0.00 agg=0.00 <c>=0.144 sd=0.180 rass=0.000
t= 42900 V=0.149 hf=1.00 agg=0.01 <c>=0.147 sd=0.182 rass=0.000
t= 46200 V=0.050 hf=1.00 agg=0.00 <c>=0.148 sd=0.183 rass=0.000
t= 49500 V=0.258 hf=1.00 agg=0.03 <c>=0.151 sd=0.184 rass=0.000
t= 52800 V=0.088 hf=1.00 agg=0.00 <c>=0.153 sd=0.185 rass=0.000
t= 56100 V=0.040 hf=0.00 agg=0.00 <c>=0.154 sd=0.186 rass=0.000
t= 59400 V=0.153 hf=1.00 agg=0.01 <c>=0.157 sd=0.187 rass=0.000
t= 62700 V=0.052 hf=1.00 agg=0.00 <c>=0.158 sd=0.188 rass=0.000
t= 66000 V=0.266 hf=1.00 agg=0.03 <c>=0.161 sd=0.189 rass=0.000
t= 69300 V=0.091 hf=1.00 agg=0.00 <c>=0.162 sd=0.190 rass=0.000
t= 72600 V=0.040 hf=0.00 agg=0.00 <c>=0.164 sd=0.191 rass=0.000
t= 75900 V=0.158 hf=1.00 agg=0.01 <c>=0.166 sd=0.192 rass=0.000
t= 79200 V=0.053 hf=1.00 agg=0.00 <c>=0.168 sd=0.193 rass=0.000
t= 82500 V=0.274 hf=1.00 agg=0.03 <c>=0.170 sd=0.194 rass=0.000
t= 85800 V=0.093 hf=1.00 agg=0.00 <c>=0.172 sd=0.195 rass=0.000
t= 89100 V=0.041 hf=0.00 agg=0.00 <c>=0.173 sd=0.195 rass=0.000
t= 92400 V=0.163 hf=1.00 agg=0.01 <c>=0.175 sd=0.197 rass=0.000
t= 95700 V=0.055 hf=1.00 agg=0.00 <c>=0.177 sd=0.197 rass=0.000
t= 99000 V=0.283 hf=1.00 agg=0.03 <c>=0.179 sd=0.199 rass=0.000
EQ: c*=0.165 sd*=0.191 (last-half medians)
