C_lc004 ok=True why= t=100000 wall=444s
t=     0 V=0.359 hf=0.00 agg=0.00 <c>=0.500 sd=0.323 rass=0.000
t=  3300 V=0.444 hf=1.00 agg=0.91 <c>=0.381 sd=0.298 rass=0.021
t=  6600 V=0.270 hf=0.00 agg=0.00 <c>=0.482 sd=0.285 rass=0.327
t=  9900 V=0.400 hf=1.00 agg=0.89 <c>=0.291 sd=0.326 rass=0.010
t= 13200 V=0.304 hf=1.00 agg=0.95 <c>=0.237 sd=0.310 rass=0.004
t= 16500 V=0.484 hf=0.00 agg=0.00 <c>=0.316 sd=0.347 rass=0.109
t= 19800 V=0.357 hf=1.00 agg=0.93 <c>=0.180 sd=0.295 rass=0.012
t= 23100 V=0.279 hf=1.00 agg=0.94 <c>=0.249 sd=0.313 rass=0.010
t= 26400 V=0.495 hf=0.89 agg=0.67 <c>=0.284 sd=0.339 rass=0.003
t= 29700 V=0.472 hf=0.74 agg=0.84 <c>=0.223 sd=0.314 rass=0.004
t= 33000 V=0.471 hf=0.74 agg=0.87 <c>=0.184 sd=0.291 rass=0.006
t= 36300 V=0.497 hf=0.74 agg=0.88 <c>=0.175 sd=0.283 rass=0.008
t= 39600 V=0.509 hf=0.75 agg=0.88 <c>=0.175 sd=0.280 rass=0.008
t= 42900 V=0.516 hf=0.75 agg=0.89 <c>=0.176 sd=0.278 rass=0.008
t= 46200 V=0.518 hf=0.75 agg=0.89 <c>=0.178 sd=0.277 rass=0.009
t= 49500 V=0.519 hf=0.75 agg=0.89 <c>=0.182 sd=0.277 rass=0.009
t= 52800 V=0.519 hf=0.75 agg=0.88 <c>=0.186 sd=0.277 rass=0.009
t= 56100 V=0.517 hf=0.75 agg=0.88 <c>=0.190 sd=0.277 rass=0.009
t= 59400 V=0.516 hf=0.75 agg=0.88 <c>=0.193 sd=0.277 rass=0.009
t= 62700 V=0.514 hf=0.75 agg=0.88 <c>=0.198 sd=0.278 rass=0.009
t= 66000 V=0.512 hf=0.76 agg=0.88 <c>=0.201 sd=0.278 rass=0.009
t= 69300 V=0.510 hf=0.76 agg=0.88 <c>=0.205 sd=0.279 rass=0.009
t= 72600 V=0.508 hf=0.76 agg=0.88 <c>=0.209 sd=0.279 rass=0.009
t= 75900 V=0.508 hf=0.76 agg=0.87 <c>=0.214 sd=0.280 rass=0.010
t= 79200 V=0.510 hf=0.76 agg=0.87 <c>=0.218 sd=0.281 rass=0.010
t= 82500 V=0.508 hf=0.76 agg=0.87 <c>=0.221 sd=0.282 rass=0.009
t= 85800 V=0.505 hf=0.76 agg=0.87 <c>=0.224 sd=0.282 rass=0.009
t= 89100 V=0.503 hf=0.76 agg=0.87 <c>=0.227 sd=0.282 rass=0.009
t= 92400 V=0.501 hf=0.76 agg=0.87 <c>=0.229 sd=0.282 rass=0.009
t= 95700 V=0.499 hf=0.76 agg=0.87 <c>=0.231 sd=0.282 rass=0.008
t= 99000 V=0.499 hf=0.76 agg=0.87 <c>=0.233 sd=0.282 rass=0.008
EQ: c*=0.212 sd*=0.280 (last-half medians)
