nf05 ok=True why= t=60000 wall=149s
t=     0 V=0.359 hf=0.00 agg=0.00 <c>=0.500 sd=0.316 rass=0.000
t=  2000 V=0.446 hf=0.00 agg=0.00 <c>=0.610 sd=0.311 rass=0.119
t=  4000 V=0.390 hf=1.00 agg=0.91 <c>=0.586 sd=0.314 rass=0.009
t=  6000 V=0.378 hf=1.00 agg=0.90 <c>=0.573 sd=0.349 rass=0.023
t=  8000 V=0.396 hf=1.00 agg=0.93 <c>=0.367 sd=0.299 rass=0.004
t= 10000 V=0.436 hf=1.00 agg=0.88 <c>=0.373 sd=0.280 rass=0.016
t= 12000 V=0.484 hf=1.00 agg=0.80 <c>=0.277 sd=0.223 rass=0.008
t= 14000 V=0.281 hf=0.00 agg=0.00 <c>=0.298 sd=0.212 rass=0.036
t= 16000 V=0.290 hf=0.00 agg=0.00 <c>=0.333 sd=0.206 rass=0.537
t= 18000 V=0.319 hf=1.00 agg=0.92 <c>=0.324 sd=0.206 rass=0.010
t= 20000 V=0.350 hf=1.00 agg=0.93 <c>=0.241 sd=0.206 rass=0.005
t= 22000 V=0.375 hf=1.00 agg=0.92 <c>=0.225 sd=0.193 rass=0.013
t= 24000 V=0.319 hf=1.00 agg=0.04 <c>=0.114 sd=0.057 rass=0.000
t= 26000 V=0.335 hf=1.00 agg=0.05 <c>=0.114 sd=0.058 rass=0.000
t= 28000 V=0.044 hf=0.00 agg=0.00 <c>=0.114 sd=0.058 rass=0.000
t= 30000 V=0.054 hf=1.00 agg=0.00 <c>=0.114 sd=0.060 rass=0.000
t= 32000 V=0.091 hf=1.00 agg=0.00 <c>=0.114 sd=0.062 rass=0.000
t= 34000 V=0.154 hf=1.00 agg=0.01 <c>=0.114 sd=0.063 rass=0.000
t= 36000 V=0.260 hf=1.00 agg=0.03 <c>=0.114 sd=0.065 rass=0.000
t= 38000 V=0.068 hf=0.00 agg=0.00 <c>=0.114 sd=0.065 rass=0.000
t= 40000 V=0.044 hf=1.00 agg=0.00 <c>=0.114 sd=0.066 rass=0.000
t= 42000 V=0.075 hf=1.00 agg=0.00 <c>=0.114 sd=0.068 rass=0.000
t= 44000 V=0.127 hf=1.00 agg=0.01 <c>=0.114 sd=0.069 rass=0.000
t= 46000 V=0.215 hf=1.00 agg=0.02 <c>=0.114 sd=0.071 rass=0.000
t= 48000 V=0.355 hf=0.00 agg=0.00 <c>=0.114 sd=0.072 rass=0.000
t= 50000 V=0.042 hf=0.00 agg=0.00 <c>=0.114 sd=0.072 rass=0.000
t= 52000 V=0.062 hf=1.00 agg=0.00 <c>=0.114 sd=0.073 rass=0.000
t= 54000 V=0.105 hf=1.00 agg=0.00 <c>=0.114 sd=0.074 rass=0.000
t= 56000 V=0.177 hf=1.00 agg=0.01 <c>=0.114 sd=0.076 rass=0.000
t= 58000 V=0.299 hf=1.00 agg=0.04 <c>=0.115 sd=0.077 rass=0.000
EQ: c*=0.114 sd*=0.069 (last-half medians)
