loc_bn3 ok=True why= t=100000 wall=311s
t=     0 V=0.359 hf=0.00 agg=0.00 <c>=0.500 sd=0.316 rass=0.000
t=  3300 V=0.501 hf=1.00 agg=0.91 <c>=0.460 sd=0.314 rass=0.059
t=  6600 V=0.326 hf=0.00 agg=0.00 <c>=0.436 sd=0.335 rass=0.177
t=  9900 V=0.460 hf=0.99 agg=0.88 <c>=0.424 sd=0.288 rass=0.054
t= 13200 V=0.334 hf=0.99 agg=0.91 <c>=0.431 sd=0.276 rass=0.064
t= 16500 V=0.558 hf=0.85 agg=0.17 <c>=0.387 sd=0.216 rass=0.034
t= 19800 V=0.389 hf=1.00 agg=0.91 <c>=0.343 sd=0.201 rass=0.033
t= 23100 V=0.305 hf=0.00 agg=0.00 <c>=0.361 sd=0.183 rass=0.200
t= 26400 V=0.473 hf=0.99 agg=0.90 <c>=0.392 sd=0.150 rass=0.050
t= 29700 V=0.352 hf=1.00 agg=0.93 <c>=0.343 sd=0.184 rass=0.026
t= 33000 V=0.566 hf=0.60 agg=0.15 <c>=0.418 sd=0.136 rass=0.085
t= 36300 V=0.400 hf=1.00 agg=0.93 <c>=0.417 sd=0.132 rass=0.018
t= 39600 V=0.305 hf=0.00 agg=0.00 <c>=0.372 sd=0.155 rass=0.286
t= 42900 V=0.473 hf=0.98 agg=0.89 <c>=0.393 sd=0.160 rass=0.105
t= 46200 V=0.359 hf=0.99 agg=0.93 <c>=0.353 sd=0.188 rass=0.056
t= 49500 V=0.306 hf=0.00 agg=0.00 <c>=0.417 sd=0.150 rass=0.030
t= 52800 V=0.438 hf=0.96 agg=0.92 <c>=0.431 sd=0.154 rass=0.015
t= 56100 V=0.331 hf=0.99 agg=0.94 <c>=0.412 sd=0.166 rass=0.008
t= 59400 V=0.532 hf=0.99 agg=0.67 <c>=0.359 sd=0.176 rass=0.012
t= 62700 V=0.390 hf=0.99 agg=0.93 <c>=0.334 sd=0.184 rass=0.081
t= 66000 V=0.313 hf=0.00 agg=0.00 <c>=0.321 sd=0.178 rass=0.110
t= 69300 V=0.462 hf=1.00 agg=0.90 <c>=0.321 sd=0.181 rass=0.083
t= 72600 V=0.359 hf=0.98 agg=0.94 <c>=0.281 sd=0.184 rass=0.049
t= 75900 V=0.547 hf=0.45 agg=0.16 <c>=0.285 sd=0.184 rass=0.018
t= 79200 V=0.433 hf=0.98 agg=0.92 <c>=0.291 sd=0.176 rass=0.002
t= 82500 V=0.338 hf=0.98 agg=0.94 <c>=0.297 sd=0.176 rass=0.008
t= 85800 V=0.531 hf=0.99 agg=0.77 <c>=0.283 sd=0.165 rass=0.004
t= 89100 V=0.406 hf=0.99 agg=0.93 <c>=0.279 sd=0.155 rass=0.019
t= 92400 V=0.321 hf=0.00 agg=0.00 <c>=0.299 sd=0.148 rass=0.078
t= 95700 V=0.481 hf=0.98 agg=0.89 <c>=0.288 sd=0.159 rass=0.009
t= 99000 V=0.374 hf=0.98 agg=0.93 <c>=0.284 sd=0.157 rass=0.006
EQ: c*=0.297 sd*=0.173 (last-half medians)
