lc0.001 ok=True why= t=150000 wall=349s
t=     0 V=0.359 hf=0.00 agg=0.00 <c>=0.500 sd=0.316 rass=0.000
t=  5000 V=0.589 hf=1.00 agg=0.89 <c>=0.470 sd=0.278 rass=0.074
t= 10000 V=0.486 hf=0.97 agg=0.91 <c>=0.508 sd=0.247 rass=0.056
t= 15000 V=0.497 hf=0.78 agg=0.88 <c>=0.480 sd=0.247 rass=0.004
t= 20000 V=0.527 hf=0.79 agg=0.90 <c>=0.464 sd=0.249 rass=0.000
t= 25000 V=0.543 hf=0.80 agg=0.90 <c>=0.457 sd=0.252 rass=0.000
t= 30000 V=0.551 hf=0.80 agg=0.91 <c>=0.454 sd=0.255 rass=0.000
t= 35000 V=0.556 hf=0.80 agg=0.91 <c>=0.452 sd=0.258 rass=0.000
t= 40000 V=0.557 hf=0.80 agg=0.91 <c>=0.452 sd=0.261 rass=0.000
t= 45000 V=0.557 hf=0.80 agg=0.91 <c>=0.451 sd=0.264 rass=0.000
t= 50000 V=0.558 hf=0.80 agg=0.91 <c>=0.451 sd=0.267 rass=0.000
t= 55000 V=0.558 hf=0.80 agg=0.91 <c>=0.450 sd=0.269 rass=0.000
t= 60000 V=0.558 hf=0.80 agg=0.91 <c>=0.450 sd=0.271 rass=0.000
t= 65000 V=0.558 hf=0.80 agg=0.91 <c>=0.450 sd=0.273 rass=0.000
t= 70000 V=0.558 hf=0.80 agg=0.91 <c>=0.449 sd=0.275 rass=0.000
t= 75000 V=0.558 hf=0.80 agg=0.91 <c>=0.449 sd=0.277 rass=0.000
t= 80000 V=0.558 hf=0.80 agg=0.91 <c>=0.449 sd=0.279 rass=0.000
t= 85000 V=0.558 hf=0.80 agg=0.91 <c>=0.449 sd=0.280 rass=0.000
t= 90000 V=0.558 hf=0.80 agg=0.91 <c>=0.449 sd=0.282 rass=0.000
t= 95000 V=0.558 hf=0.80 agg=0.91 <c>=0.449 sd=0.283 rass=0.000
t=100000 V=0.558 hf=0.80 agg=0.91 <c>=0.449 sd=0.284 rass=0.000
t=105000 V=0.558 hf=0.80 agg=0.91 <c>=0.448 sd=0.286 rass=0.000
t=110000 V=0.558 hf=0.80 agg=0.91 <c>=0.448 sd=0.287 rass=0.000
t=115000 V=0.558 hf=0.80 agg=0.91 <c>=0.448 sd=0.288 rass=0.000
t=120000 V=0.558 hf=0.80 agg=0.91 <c>=0.448 sd=0.289 rass=0.000
t=125000 V=0.558 hf=0.80 agg=0.91 <c>=0.448 sd=0.290 rass=0.000
t=130000 V=0.558 hf=0.80 agg=0.91 <c>=0.448 sd=0.291 rass=0.000
t=135000 V=0.558 hf=0.80 agg=0.91 <c>=0.448 sd=0.292 rass=0.000
t=140000 V=0.558 hf=0.80 agg=0.91 <c>=0.448 sd=0.293 rass=0.000
t=145000 V=0.558 hf=0.80 agg=0.91 <c>=0.448 sd=0.294 rass=0.000
EQ: c*=0.448 sd*=0.288 (last-half medians)
