eq_base ok=True why= t=150000 wall=339s
t=     0 V=0.359 hf=0.00 agg=0.00 <c>=0.500 sd=0.316 rass=0.000
t=  5000 V=0.552 hf=1.00 agg=0.90 <c>=0.408 sd=0.338 rass=0.006
t= 10000 V=0.444 hf=1.00 agg=0.90 <c>=0.247 sd=0.273 rass=0.002
t= 15000 V=0.373 hf=1.00 agg=0.93 <c>=0.236 sd=0.198 rass=0.002
t= 20000 V=0.351 hf=1.00 agg=0.90 <c>=0.286 sd=0.169 rass=0.002
t= 25000 V=0.313 hf=1.00 agg=0.91 <c>=0.305 sd=0.135 rass=0.002
t= 30000 V=0.288 hf=0.00 agg=0.00 <c>=0.280 sd=0.104 rass=0.151
t= 35000 V=0.280 hf=0.00 agg=0.00 <c>=0.278 sd=0.100 rass=0.011
t= 40000 V=0.488 hf=1.00 agg=0.43 <c>=0.245 sd=0.086 rass=0.015
t= 45000 V=0.439 hf=1.00 agg=0.87 <c>=0.280 sd=0.117 rass=0.012
t= 50000 V=0.402 hf=1.00 agg=0.91 <c>=0.288 sd=0.103 rass=0.007
t= 55000 V=0.368 hf=1.00 agg=0.90 <c>=0.279 sd=0.098 rass=0.002
t= 60000 V=0.328 hf=1.00 agg=0.90 <c>=0.301 sd=0.089 rass=0.004
t= 65000 V=0.306 hf=1.00 agg=0.92 <c>=0.274 sd=0.108 rass=0.001
t= 70000 V=0.281 hf=0.00 agg=0.00 <c>=0.252 sd=0.122 rass=0.009
t= 75000 V=0.553 hf=1.00 agg=0.15 <c>=0.258 sd=0.110 rass=0.011
t= 80000 V=0.461 hf=1.00 agg=0.86 <c>=0.293 sd=0.109 rass=0.006
t= 85000 V=0.417 hf=1.00 agg=0.89 <c>=0.294 sd=0.113 rass=0.004
t= 90000 V=0.377 hf=1.00 agg=0.91 <c>=0.285 sd=0.110 rass=0.007
t= 95000 V=0.343 hf=1.00 agg=0.91 <c>=0.270 sd=0.129 rass=0.007
t=100000 V=0.310 hf=1.00 agg=0.92 <c>=0.256 sd=0.134 rass=0.004
t=105000 V=0.289 hf=0.00 agg=0.00 <c>=0.269 sd=0.125 rass=0.025
t=110000 V=0.406 hf=0.00 agg=0.00 <c>=0.217 sd=0.125 rass=0.009
t=115000 V=0.463 hf=1.00 agg=0.76 <c>=0.257 sd=0.122 rass=0.006
t=120000 V=0.394 hf=1.00 agg=0.86 <c>=0.228 sd=0.122 rass=0.010
t=125000 V=0.372 hf=1.00 agg=0.90 <c>=0.246 sd=0.136 rass=0.006
t=130000 V=0.316 hf=1.00 agg=0.86 <c>=0.205 sd=0.134 rass=0.005
t=135000 V=0.100 hf=1.00 agg=0.00 <c>=0.167 sd=0.087 rass=0.003
t=140000 V=0.057 hf=1.00 agg=0.00 <c>=0.167 sd=0.089 rass=0.000
t=145000 V=0.052 hf=1.00 agg=0.00 <c>=0.168 sd=0.091 rass=0.000
EQ: c*=0.253 sd*=0.121 (last-half medians)
