Zlam008_s2 ok=True why= t=100000 wall=241s
t=     0 V=0.359 hf=0.00 agg=0.00 <c>=0.500 sd=0.323 rass=0.000
t=  3300 V=0.333 hf=1.00 agg=0.90 <c>=0.315 sd=0.279 rass=0.042
t=  6600 V=0.212 hf=0.00 agg=0.00 <c>=0.157 sd=0.168 rass=0.076
t=  9900 V=0.199 hf=1.00 agg=0.02 <c>=0.108 sd=0.108 rass=0.090
t= 13200 V=0.050 hf=1.00 agg=0.00 <c>=0.108 sd=0.108 rass=0.009
t= 16500 V=0.249 hf=1.00 agg=0.03 <c>=0.109 sd=0.109 rass=0.000
t= 19800 V=0.085 hf=1.00 agg=0.00 <c>=0.110 sd=0.110 rass=0.000
t= 23100 V=0.063 hf=0.00 agg=0.00 <c>=0.111 sd=0.111 rass=0.000
t= 26400 V=0.148 hf=1.00 agg=0.01 <c>=0.112 sd=0.112 rass=0.000
t= 29700 V=0.050 hf=1.00 agg=0.00 <c>=0.112 sd=0.112 rass=0.000
t= 33000 V=0.256 hf=1.00 agg=0.03 <c>=0.113 sd=0.114 rass=0.000
t= 36300 V=0.087 hf=1.00 agg=0.00 <c>=0.114 sd=0.114 rass=0.000
t= 39600 V=0.040 hf=0.00 agg=0.00 <c>=0.114 sd=0.115 rass=0.000
t= 42900 V=0.152 hf=1.00 agg=0.01 <c>=0.115 sd=0.116 rass=0.000
t= 46200 V=0.051 hf=1.00 agg=0.00 <c>=0.116 sd=0.117 rass=0.000
t= 49500 V=0.264 hf=1.00 agg=0.03 <c>=0.117 sd=0.118 rass=0.000
t= 52800 V=0.090 hf=1.00 agg=0.00 <c>=0.117 sd=0.118 rass=0.000
t= 56100 V=0.040 hf=0.00 agg=0.00 <c>=0.118 sd=0.119 rass=0.000
t= 59400 V=0.157 hf=1.00 agg=0.01 <c>=0.119 sd=0.120 rass=0.000
t= 62700 V=0.053 hf=1.00 agg=0.00 <c>=0.119 sd=0.120 rass=0.000
t= 66000 V=0.272 hf=1.00 agg=0.03 <c>=0.120 sd=0.122 rass=0.000
t= 69300 V=0.093 hf=1.00 agg=0.00 <c>=0.121 sd=0.122 rass=0.000
t= 72600 V=0.041 hf=0.00 agg=0.00 <c>=0.121 sd=0.123 rass=0.000
t= 75900 V=0.162 hf=1.00 agg=0.01 <c>=0.122 sd=0.124 rass=0.000
t= 79200 V=0.055 hf=1.00 agg=0.00 <c>=0.123 sd=0.124 rass=0.000
t= 82500 V=0.281 hf=1.00 agg=0.03 <c>=0.124 sd=0.125 rass=0.000
t= 85800 V=0.096 hf=1.00 agg=0.00 <c>=0.124 sd=0.126 rass=0.000
t= 89100 V=0.041 hf=0.00 agg=0.00 <c>=0.125 sd=0.126 rass=0.000
t= 92400 V=0.167 hf=1.00 agg=0.01 <c>=0.126 sd=0.127 rass=0.000
t= 95700 V=0.057 hf=1.00 agg=0.00 <c>=0.126 sd=0.128 rass=0.000
t= 99000 V=0.289 hf=1.00 agg=0.04 <c>=0.127 sd=0.129 rass=0.000
EQ: c*=0.122 sd*=0.123 (last-half medians)
