nf05_lomu ok=True why= t=60000 wall=149s
t=     0 V=0.359 hf=0.00 agg=0.00 <c>=0.500 sd=0.316 rass=0.000
t=  2000 V=0.446 hf=0.00 agg=0.00 <c>=0.610 sd=0.311 rass=0.119
t=  4000 V=0.390 hf=1.00 agg=0.91 <c>=0.586 sd=0.314 rass=0.009
t=  6000 V=0.378 hf=1.00 agg=0.91 <c>=0.572 sd=0.349 rass=0.023
t=  8000 V=0.390 hf=1.00 agg=0.92 <c>=0.638 sd=0.339 rass=0.004
t= 10000 V=0.424 hf=1.00 agg=0.93 <c>=0.565 sd=0.361 rass=0.007
t= 12000 V=0.480 hf=1.00 agg=0.82 <c>=0.468 sd=0.342 rass=0.048
t= 14000 V=0.266 hf=0.00 agg=0.00 <c>=0.368 sd=0.289 rass=0.039
t= 16000 V=0.278 hf=0.00 agg=0.00 <c>=0.372 sd=0.248 rass=0.512
t= 18000 V=0.313 hf=1.00 agg=0.91 <c>=0.358 sd=0.249 rass=0.023
t= 20000 V=0.347 hf=1.00 agg=0.92 <c>=0.279 sd=0.239 rass=0.015
t= 22000 V=0.388 hf=1.00 agg=0.92 <c>=0.275 sd=0.238 rass=0.014
t= 24000 V=0.396 hf=1.00 agg=0.78 <c>=0.206 sd=0.204 rass=0.009
t= 26000 V=0.479 hf=1.00 agg=0.74 <c>=0.348 sd=0.250 rass=0.020
t= 28000 V=0.262 hf=0.00 agg=0.00 <c>=0.340 sd=0.250 rass=0.044
t= 30000 V=0.281 hf=1.00 agg=0.91 <c>=0.323 sd=0.249 rass=0.009
t= 32000 V=0.319 hf=1.00 agg=0.92 <c>=0.452 sd=0.228 rass=0.019
t= 34000 V=0.348 hf=1.00 agg=0.90 <c>=0.580 sd=0.098 rass=0.003
t= 36000 V=0.387 hf=1.00 agg=0.90 <c>=0.554 sd=0.145 rass=0.019
t= 38000 V=0.437 hf=1.00 agg=0.90 <c>=0.533 sd=0.170 rass=0.014
t= 40000 V=0.503 hf=1.00 agg=0.52 <c>=0.598 sd=0.033 rass=0.000
t= 42000 V=0.259 hf=0.00 agg=0.00 <c>=0.600 sd=0.006 rass=0.000
t= 44000 V=0.272 hf=1.00 agg=0.93 <c>=0.600 sd=0.008 rass=0.000
t= 46000 V=0.309 hf=1.00 agg=0.92 <c>=0.600 sd=0.005 rass=0.000
t= 48000 V=0.348 hf=1.00 agg=0.91 <c>=0.600 sd=0.005 rass=0.000
t= 50000 V=0.392 hf=1.00 agg=0.91 <c>=0.600 sd=0.005 rass=0.000
t= 52000 V=0.441 hf=1.00 agg=0.88 <c>=0.600 sd=0.005 rass=0.000
t= 54000 V=0.536 hf=1.00 agg=0.13 <c>=0.600 sd=0.005 rass=0.000
t= 56000 V=0.258 hf=0.00 agg=0.00 <c>=0.600 sd=0.001 rass=0.000
t= 58000 V=0.279 hf=1.00 agg=0.91 <c>=0.600 sd=0.005 rass=0.000
EQ: c*=0.600 sd*=0.005 (last-half medians)
