R_jit2 ok=True why= t=100000 wall=137s
t=     0 V=0.360 hf=0.00 agg=0.00 <c>=0.500 sd=0.323 rass=0.000
t=  3300 V=0.581 hf=1.00 agg=0.93 <c>=0.489 sd=0.335 rass=0.023
t=  6600 V=0.430 hf=0.00 agg=0.00 <c>=0.737 sd=0.304 rass=0.148
t=  9900 V=0.493 hf=1.00 agg=0.94 <c>=0.723 sd=0.327 rass=0.018
t= 13200 V=0.353 hf=0.00 agg=0.00 <c>=0.826 sd=0.276 rass=0.069
t= 16500 V=0.468 hf=1.00 agg=0.92 <c>=0.764 sd=0.326 rass=0.025
t= 19800 V=0.353 hf=1.00 agg=0.94 <c>=0.662 sd=0.353 rass=0.014
t= 23100 V=0.493 hf=1.00 agg=0.91 <c>=0.626 sd=0.403 rass=0.034
t= 26400 V=0.379 hf=1.00 agg=0.93 <c>=0.593 sd=0.412 rass=0.044
t= 29700 V=0.528 hf=1.00 agg=0.90 <c>=0.404 sd=0.369 rass=0.038
t= 33000 V=0.426 hf=1.00 agg=0.94 <c>=0.313 sd=0.270 rass=0.020
t= 36300 V=0.580 hf=1.00 agg=0.88 <c>=0.311 sd=0.189 rass=0.057
t= 39600 V=0.466 hf=1.00 agg=0.93 <c>=0.339 sd=0.189 rass=0.056
t= 42900 V=0.620 hf=1.00 agg=0.71 <c>=0.323 sd=0.188 rass=0.046
t= 46200 V=0.486 hf=1.00 agg=0.94 <c>=0.271 sd=0.183 rass=0.013
t= 49500 V=0.695 hf=0.97 agg=0.19 <c>=0.352 sd=0.184 rass=0.050
t= 52800 V=0.498 hf=1.00 agg=0.93 <c>=0.343 sd=0.185 rass=0.013
t= 56100 V=0.406 hf=0.00 agg=0.00 <c>=0.392 sd=0.170 rass=0.131
t= 59400 V=0.513 hf=1.00 agg=0.93 <c>=0.385 sd=0.173 rass=0.012
t= 62700 V=0.416 hf=0.00 agg=0.00 <c>=0.392 sd=0.170 rass=0.124
t= 66000 V=0.529 hf=1.00 agg=0.94 <c>=0.401 sd=0.166 rass=0.033
t= 69300 V=0.414 hf=0.99 agg=0.93 <c>=0.426 sd=0.149 rass=0.009
t= 72600 V=0.537 hf=1.00 agg=0.93 <c>=0.459 sd=0.118 rass=0.004
t= 75900 V=0.417 hf=1.00 agg=0.94 <c>=0.480 sd=0.085 rass=0.010
t= 79200 V=0.554 hf=1.00 agg=0.92 <c>=0.500 sd=0.057 rass=0.014
t= 82500 V=0.427 hf=1.00 agg=0.94 <c>=0.501 sd=0.021 rass=0.002
t= 85800 V=0.557 hf=1.00 agg=0.89 <c>=0.501 sd=0.014 rass=0.003
t= 89100 V=0.434 hf=1.00 agg=0.92 <c>=0.500 sd=0.010 rass=0.000
t= 92400 V=0.578 hf=1.00 agg=0.87 <c>=0.500 sd=0.009 rass=0.000
t= 95700 V=0.438 hf=1.00 agg=0.94 <c>=0.500 sd=0.010 rass=0.000
t= 99000 V=0.609 hf=1.00 agg=0.49 <c>=0.500 sd=0.010 rass=0.000
EQ: c*=0.481 sd*=0.083 (last-half medians)
