T_mid_lo ok=True why= t=100000 wall=194s
t=     0 V=0.359 hf=0.00 agg=0.00 <c>=0.111 sd=0.158 rass=0.904
t=  3300 V=0.258 hf=1.00 agg=0.03 <c>=0.072 sd=0.102 rass=0.026
t=  6600 V=0.047 hf=0.00 agg=0.00 <c>=0.074 sd=0.103 rass=0.001
t=  9900 V=0.179 hf=1.00 agg=0.01 <c>=0.079 sd=0.107 rass=0.000
t= 13200 V=0.061 hf=1.00 agg=0.00 <c>=0.081 sd=0.108 rass=0.000
t= 16500 V=0.310 hf=1.00 agg=0.04 <c>=0.085 sd=0.112 rass=0.000
t= 19800 V=0.106 hf=1.00 agg=0.00 <c>=0.087 sd=0.113 rass=0.000
t= 23100 V=0.041 hf=0.00 agg=0.00 <c>=0.090 sd=0.115 rass=0.000
t= 26400 V=0.185 hf=1.00 agg=0.02 <c>=0.094 sd=0.118 rass=0.000
t= 29700 V=0.063 hf=1.00 agg=0.00 <c>=0.096 sd=0.120 rass=0.000
t= 33000 V=0.320 hf=1.00 agg=0.04 <c>=0.100 sd=0.123 rass=0.000
t= 36300 V=0.110 hf=1.00 agg=0.01 <c>=0.102 sd=0.124 rass=0.000
t= 39600 V=0.041 hf=0.00 agg=0.00 <c>=0.104 sd=0.125 rass=0.000
t= 42900 V=0.191 hf=1.00 agg=0.02 <c>=0.107 sd=0.128 rass=0.000
t= 46200 V=0.065 hf=1.00 agg=0.00 <c>=0.109 sd=0.130 rass=0.000
t= 49500 V=0.330 hf=1.00 agg=0.05 <c>=0.113 sd=0.133 rass=0.000
t= 52800 V=0.113 hf=1.00 agg=0.01 <c>=0.115 sd=0.134 rass=0.000
t= 56100 V=0.041 hf=0.00 agg=0.00 <c>=0.117 sd=0.135 rass=0.000
t= 59400 V=0.197 hf=1.00 agg=0.02 <c>=0.120 sd=0.138 rass=0.000
t= 62700 V=0.067 hf=1.00 agg=0.00 <c>=0.122 sd=0.139 rass=0.000
t= 66000 V=0.340 hf=1.00 agg=0.05 <c>=0.125 sd=0.142 rass=0.000
t= 69300 V=0.117 hf=1.00 agg=0.01 <c>=0.127 sd=0.143 rass=0.000
t= 72600 V=0.041 hf=0.00 agg=0.00 <c>=0.129 sd=0.144 rass=0.000
t= 75900 V=0.203 hf=1.00 agg=0.02 <c>=0.132 sd=0.147 rass=0.000
t= 79200 V=0.069 hf=1.00 agg=0.00 <c>=0.134 sd=0.148 rass=0.000
t= 82500 V=0.350 hf=1.00 agg=0.05 <c>=0.137 sd=0.151 rass=0.000
t= 85800 V=0.120 hf=1.00 agg=0.01 <c>=0.139 sd=0.152 rass=0.000
t= 89100 V=0.041 hf=0.00 agg=0.00 <c>=0.140 sd=0.153 rass=0.000
t= 92400 V=0.209 hf=1.00 agg=0.02 <c>=0.143 sd=0.155 rass=0.000
t= 95700 V=0.071 hf=1.00 agg=0.00 <c>=0.145 sd=0.157 rass=0.000
t= 99000 V=0.316 hf=0.00 agg=0.00 <c>=0.148 sd=0.159 rass=0.000
EQ: c*=0.130 sd*=0.146 (last-half medians)
