C_mu03 ok=True why= t=100000 wall=441s
t=     0 V=0.359 hf=0.00 agg=0.00 <c>=0.500 sd=0.323 rass=0.000
t=  3300 V=0.545 hf=1.00 agg=0.92 <c>=0.445 sd=0.313 rass=0.015
t=  6600 V=0.375 hf=0.00 agg=0.00 <c>=0.443 sd=0.284 rass=0.250
t=  9900 V=0.503 hf=1.00 agg=0.90 <c>=0.525 sd=0.304 rass=0.117
t= 13200 V=0.375 hf=1.00 agg=0.93 <c>=0.439 sd=0.287 rass=0.045
t= 16500 V=0.574 hf=1.00 agg=0.47 <c>=0.334 sd=0.226 rass=0.075
t= 19800 V=0.424 hf=1.00 agg=0.94 <c>=0.259 sd=0.159 rass=0.036
t= 23100 V=0.344 hf=0.00 agg=0.00 <c>=0.337 sd=0.193 rass=0.124
t= 26400 V=0.494 hf=0.99 agg=0.91 <c>=0.336 sd=0.181 rass=0.085
t= 29700 V=0.383 hf=1.00 agg=0.94 <c>=0.306 sd=0.161 rass=0.009
t= 33000 V=0.574 hf=1.00 agg=0.55 <c>=0.304 sd=0.135 rass=0.091
t= 36300 V=0.428 hf=1.00 agg=0.93 <c>=0.287 sd=0.120 rass=0.018
t= 39600 V=0.341 hf=0.00 agg=0.00 <c>=0.342 sd=0.157 rass=0.119
t= 42900 V=0.487 hf=1.00 agg=0.92 <c>=0.331 sd=0.153 rass=0.056
t= 46200 V=0.372 hf=1.00 agg=0.92 <c>=0.306 sd=0.133 rass=0.037
t= 49500 V=0.571 hf=0.98 agg=0.65 <c>=0.375 sd=0.182 rass=0.082
t= 52800 V=0.436 hf=0.99 agg=0.94 <c>=0.357 sd=0.169 rass=0.038
t= 56100 V=0.348 hf=0.00 agg=0.00 <c>=0.308 sd=0.135 rass=0.048
t= 59400 V=0.494 hf=0.99 agg=0.91 <c>=0.284 sd=0.117 rass=0.050
t= 62700 V=0.390 hf=1.00 agg=0.94 <c>=0.297 sd=0.123 rass=0.032
t= 66000 V=0.598 hf=0.91 agg=0.40 <c>=0.250 sd=0.078 rass=0.020
t= 69300 V=0.445 hf=0.99 agg=0.93 <c>=0.262 sd=0.093 rass=0.024
t= 72600 V=0.352 hf=0.00 agg=0.00 <c>=0.243 sd=0.033 rass=0.012
t= 75900 V=0.513 hf=0.99 agg=0.89 <c>=0.246 sd=0.030 rass=0.004
t= 79200 V=0.407 hf=0.99 agg=0.94 <c>=0.246 sd=0.030 rass=0.004
t= 82500 V=0.511 hf=0.00 agg=0.00 <c>=0.231 sd=0.048 rass=0.011
t= 85800 V=0.461 hf=1.00 agg=0.93 <c>=0.233 sd=0.047 rass=0.035
t= 89100 V=0.358 hf=1.00 agg=0.94 <c>=0.235 sd=0.046 rass=0.012
t= 92400 V=0.529 hf=0.99 agg=0.87 <c>=0.242 sd=0.050 rass=0.002
t= 95700 V=0.412 hf=0.99 agg=0.94 <c>=0.250 sd=0.044 rass=0.005
t= 99000 V=0.344 hf=0.00 agg=0.00 <c>=0.262 sd=0.048 rass=0.057
EQ: c*=0.250 sd*=0.049 (last-half medians)
