T_lo_mu03 ok=True why= t=100000 wall=195s
t=     0 V=0.359 hf=0.00 agg=0.00 <c>=0.500 sd=0.323 rass=0.000
t=  3300 V=0.551 hf=1.00 agg=0.93 <c>=0.561 sd=0.339 rass=0.011
t=  6600 V=0.396 hf=0.00 agg=0.00 <c>=0.661 sd=0.345 rass=0.085
t=  9900 V=0.472 hf=1.00 agg=0.92 <c>=0.646 sd=0.349 rass=0.017
t= 13200 V=0.354 hf=0.00 agg=0.00 <c>=0.613 sd=0.314 rass=0.116
t= 16500 V=0.462 hf=1.00 agg=0.92 <c>=0.549 sd=0.322 rass=0.025
t= 19800 V=0.343 hf=0.00 agg=0.00 <c>=0.518 sd=0.328 rass=0.344
t= 23100 V=0.465 hf=1.00 agg=0.91 <c>=0.565 sd=0.347 rass=0.055
t= 26400 V=0.351 hf=1.00 agg=0.93 <c>=0.561 sd=0.340 rass=0.032
t= 29700 V=0.480 hf=1.00 agg=0.91 <c>=0.584 sd=0.341 rass=0.034
t= 33000 V=0.360 hf=1.00 agg=0.93 <c>=0.612 sd=0.321 rass=0.027
t= 36300 V=0.493 hf=1.00 agg=0.91 <c>=0.722 sd=0.314 rass=0.053
t= 39600 V=0.374 hf=1.00 agg=0.93 <c>=0.593 sd=0.306 rass=0.041
t= 42900 V=0.514 hf=1.00 agg=0.90 <c>=0.627 sd=0.350 rass=0.025
t= 46200 V=0.375 hf=1.00 agg=0.92 <c>=0.812 sd=0.318 rass=0.031
t= 49500 V=0.527 hf=1.00 agg=0.90 <c>=0.830 sd=0.309 rass=0.050
t= 52800 V=0.392 hf=1.00 agg=0.93 <c>=0.802 sd=0.328 rass=0.014
t= 56100 V=0.540 hf=1.00 agg=0.87 <c>=0.639 sd=0.374 rass=0.034
t= 59400 V=0.399 hf=1.00 agg=0.93 <c>=0.741 sd=0.356 rass=0.045
t= 62700 V=0.562 hf=1.00 agg=0.81 <c>=0.831 sd=0.313 rass=0.090
t= 66000 V=0.413 hf=1.00 agg=0.93 <c>=0.852 sd=0.297 rass=0.011
t= 69300 V=0.591 hf=1.00 agg=0.28 <c>=0.918 sd=0.233 rass=0.034
t= 72600 V=0.425 hf=1.00 agg=0.93 <c>=0.819 sd=0.320 rass=0.016
t= 75900 V=0.536 hf=0.00 agg=0.00 <c>=0.752 sd=0.350 rass=0.049
t= 79200 V=0.435 hf=1.00 agg=0.92 <c>=0.786 sd=0.338 rass=0.042
t= 82500 V=0.340 hf=0.00 agg=0.00 <c>=0.769 sd=0.346 rass=0.153
t= 85800 V=0.448 hf=1.00 agg=0.92 <c>=0.773 sd=0.344 rass=0.021
t= 89100 V=0.343 hf=0.00 agg=0.00 <c>=0.663 sd=0.373 rass=0.141
t= 92400 V=0.460 hf=1.00 agg=0.93 <c>=0.642 sd=0.381 rass=0.017
t= 95700 V=0.348 hf=0.00 agg=0.00 <c>=0.534 sd=0.364 rass=0.235
t= 99000 V=0.465 hf=1.00 agg=0.89 <c>=0.391 sd=0.293 rass=0.028
EQ: c*=0.772 sd*=0.342 (last-half medians)
