mid3 ok=True why= t=150000 wall=402s
t=     0 V=0.359 hf=0.00 agg=0.00 <c>=0.500 sd=0.316 rass=0.000
t=  5000 V=0.564 hf=1.00 agg=0.90 <c>=0.445 sd=0.370 rass=0.018
t= 10000 V=0.466 hf=1.00 agg=0.93 <c>=0.390 sd=0.325 rass=0.002
t= 15000 V=0.416 hf=1.00 agg=0.91 <c>=0.299 sd=0.290 rass=0.012
t= 20000 V=0.369 hf=1.00 agg=0.92 <c>=0.298 sd=0.277 rass=0.014
t= 25000 V=0.324 hf=1.00 agg=0.93 <c>=0.217 sd=0.238 rass=0.001
t= 30000 V=0.069 hf=1.00 agg=0.00 <c>=0.136 sd=0.173 rass=0.013
t= 35000 V=0.042 hf=0.00 agg=0.00 <c>=0.137 sd=0.173 rass=0.000
t= 40000 V=0.042 hf=0.00 agg=0.00 <c>=0.139 sd=0.173 rass=0.000
t= 45000 V=0.041 hf=0.00 agg=0.00 <c>=0.140 sd=0.173 rass=0.000
t= 50000 V=0.041 hf=0.00 agg=0.00 <c>=0.141 sd=0.173 rass=0.000
t= 55000 V=0.091 hf=0.00 agg=0.00 <c>=0.142 sd=0.173 rass=0.000
t= 60000 V=0.247 hf=0.00 agg=0.00 <c>=0.144 sd=0.173 rass=0.000
t= 65000 V=0.353 hf=1.00 agg=0.05 <c>=0.145 sd=0.173 rass=0.000
t= 70000 V=0.321 hf=1.00 agg=0.04 <c>=0.146 sd=0.172 rass=0.000
t= 75000 V=0.292 hf=1.00 agg=0.04 <c>=0.147 sd=0.172 rass=0.000
t= 80000 V=0.266 hf=1.00 agg=0.03 <c>=0.148 sd=0.172 rass=0.000
t= 85000 V=0.242 hf=1.00 agg=0.03 <c>=0.149 sd=0.172 rass=0.000
t= 90000 V=0.220 hf=1.00 agg=0.02 <c>=0.150 sd=0.173 rass=0.000
t= 95000 V=0.200 hf=1.00 agg=0.02 <c>=0.151 sd=0.173 rass=0.000
t=100000 V=0.181 hf=1.00 agg=0.01 <c>=0.152 sd=0.173 rass=0.000
t=105000 V=0.165 hf=1.00 agg=0.01 <c>=0.153 sd=0.173 rass=0.000
t=110000 V=0.150 hf=1.00 agg=0.01 <c>=0.154 sd=0.173 rass=0.000
t=115000 V=0.136 hf=1.00 agg=0.01 <c>=0.155 sd=0.173 rass=0.000
t=120000 V=0.123 hf=1.00 agg=0.01 <c>=0.156 sd=0.173 rass=0.000
t=125000 V=0.112 hf=1.00 agg=0.01 <c>=0.157 sd=0.173 rass=0.000
t=130000 V=0.102 hf=1.00 agg=0.00 <c>=0.158 sd=0.173 rass=0.000
t=135000 V=0.092 hf=1.00 agg=0.00 <c>=0.158 sd=0.173 rass=0.000
t=140000 V=0.084 hf=1.00 agg=0.00 <c>=0.159 sd=0.173 rass=0.000
t=145000 V=0.076 hf=1.00 agg=0.00 <c>=0.160 sd=0.174 rass=0.000
EQ: c*=0.154 sd*=0.173 (last-half medians)
