loc_nobn ok=True why= t=100000 wall=301s
t=     0 V=0.359 hf=0.00 agg=0.00 <c>=0.500 sd=0.316 rass=0.000
t=  3300 V=0.504 hf=1.00 agg=0.92 <c>=0.459 sd=0.315 rass=0.000
t=  6600 V=0.329 hf=0.00 agg=0.00 <c>=0.417 sd=0.310 rass=0.000
t=  9900 V=0.459 hf=1.00 agg=0.90 <c>=0.384 sd=0.303 rass=0.000
t= 13200 V=0.328 hf=1.00 agg=0.89 <c>=0.347 sd=0.293 rass=0.000
t= 16500 V=0.534 hf=1.00 agg=0.29 <c>=0.319 sd=0.284 rass=0.000
t= 19800 V=0.382 hf=1.00 agg=0.92 <c>=0.287 sd=0.271 rass=0.000
t= 23100 V=0.304 hf=0.00 agg=0.00 <c>=0.259 sd=0.257 rass=0.000
t= 26400 V=0.450 hf=1.00 agg=0.92 <c>=0.236 sd=0.245 rass=0.000
t= 29700 V=0.351 hf=1.00 agg=0.94 <c>=0.212 sd=0.230 rass=0.000
t= 33000 V=0.550 hf=1.00 agg=0.42 <c>=0.195 sd=0.219 rass=0.000
t= 36300 V=0.399 hf=1.00 agg=0.94 <c>=0.176 sd=0.205 rass=0.000
t= 39600 V=0.322 hf=0.00 agg=0.00 <c>=0.161 sd=0.193 rass=0.000
t= 42900 V=0.426 hf=1.00 agg=0.91 <c>=0.149 sd=0.183 rass=0.000
t= 46200 V=0.333 hf=1.00 agg=0.94 <c>=0.136 sd=0.172 rass=0.000
t= 49500 V=0.547 hf=0.87 agg=0.19 <c>=0.127 sd=0.164 rass=0.000
t= 52800 V=0.380 hf=1.00 agg=0.93 <c>=0.117 sd=0.155 rass=0.000
t= 56100 V=0.299 hf=0.74 agg=0.00 <c>=0.108 sd=0.146 rass=0.000
t= 59400 V=0.450 hf=0.99 agg=0.65 <c>=0.102 sd=0.140 rass=0.000
t= 62700 V=0.349 hf=0.99 agg=0.91 <c>=0.095 sd=0.133 rass=0.000
t= 66000 V=0.283 hf=0.00 agg=0.00 <c>=0.089 sd=0.127 rass=0.000
t= 69300 V=0.227 hf=1.00 agg=0.02 <c>=0.090 sd=0.128 rass=0.000
t= 72600 V=0.081 hf=1.00 agg=0.00 <c>=0.090 sd=0.128 rass=0.000
t= 75900 V=0.041 hf=0.00 agg=0.00 <c>=0.091 sd=0.128 rass=0.000
t= 79200 V=0.196 hf=1.00 agg=0.02 <c>=0.092 sd=0.129 rass=0.000
t= 82500 V=0.074 hf=1.00 agg=0.00 <c>=0.093 sd=0.129 rass=0.000
t= 85800 V=0.041 hf=0.00 agg=0.00 <c>=0.093 sd=0.129 rass=0.000
t= 89100 V=0.181 hf=1.00 agg=0.01 <c>=0.094 sd=0.130 rass=0.000
t= 92400 V=0.069 hf=1.00 agg=0.00 <c>=0.095 sd=0.130 rass=0.000
t= 95700 V=0.069 hf=0.00 agg=0.00 <c>=0.095 sd=0.130 rass=0.000
t= 99000 V=0.168 hf=1.00 agg=0.01 <c>=0.096 sd=0.130 rass=0.000
EQ: c*=0.094 sd*=0.130 (last-half medians)
