Glc001_s2 ok=True why= t=100000 wall=255s
t=     0 V=0.359 hf=0.00 agg=0.00 <c>=0.500 sd=0.323 rass=0.000
t=  3300 V=0.527 hf=1.00 agg=0.93 <c>=0.476 sd=0.313 rass=0.024
t=  6600 V=0.371 hf=0.00 agg=0.00 <c>=0.487 sd=0.394 rass=0.154
t=  9900 V=0.448 hf=1.00 agg=0.92 <c>=0.376 sd=0.410 rass=0.025
t= 13200 V=0.331 hf=0.00 agg=0.00 <c>=0.336 sd=0.410 rass=0.055
t= 16500 V=0.442 hf=1.00 agg=0.91 <c>=0.384 sd=0.423 rass=0.008
t= 19800 V=0.327 hf=0.00 agg=0.00 <c>=0.695 sd=0.331 rass=0.297
t= 23100 V=0.444 hf=1.00 agg=0.92 <c>=0.808 sd=0.219 rass=0.032
t= 26400 V=0.313 hf=1.00 agg=0.92 <c>=0.870 sd=0.091 rass=0.006
t= 29700 V=0.440 hf=1.00 agg=0.91 <c>=0.887 sd=0.048 rass=0.009
t= 33000 V=0.311 hf=1.00 agg=0.93 <c>=0.898 sd=0.050 rass=0.015
t= 36300 V=0.451 hf=1.00 agg=0.89 <c>=0.896 sd=0.047 rass=0.058
t= 39600 V=0.323 hf=1.00 agg=0.92 <c>=0.888 sd=0.040 rass=0.010
t= 42900 V=0.473 hf=1.00 agg=0.89 <c>=0.889 sd=0.043 rass=0.011
t= 46200 V=0.339 hf=1.00 agg=0.91 <c>=0.880 sd=0.026 rass=0.005
t= 49500 V=0.498 hf=1.00 agg=0.86 <c>=0.880 sd=0.028 rass=0.015
t= 52800 V=0.349 hf=1.00 agg=0.91 <c>=0.891 sd=0.043 rass=0.011
t= 56100 V=0.522 hf=1.00 agg=0.60 <c>=0.910 sd=0.057 rass=0.033
t= 59400 V=0.359 hf=1.00 agg=0.91 <c>=0.916 sd=0.061 rass=0.033
t= 62700 V=0.540 hf=0.02 agg=0.00 <c>=0.909 sd=0.056 rass=0.021
t= 66000 V=0.375 hf=1.00 agg=0.92 <c>=0.919 sd=0.060 rass=0.026
t= 69300 V=0.279 hf=0.00 agg=0.00 <c>=0.903 sd=0.052 rass=0.057
t= 72600 V=0.389 hf=1.00 agg=0.92 <c>=0.891 sd=0.043 rass=0.011
t= 75900 V=0.287 hf=0.00 agg=0.00 <c>=0.883 sd=0.031 rass=0.130
t= 79200 V=0.409 hf=1.00 agg=0.90 <c>=0.890 sd=0.042 rass=0.044
t= 82500 V=0.296 hf=1.00 agg=0.93 <c>=0.886 sd=0.036 rass=0.012
t= 85800 V=0.429 hf=1.00 agg=0.91 <c>=0.878 sd=0.025 rass=0.004
t= 89100 V=0.307 hf=1.00 agg=0.92 <c>=0.878 sd=0.021 rass=0.004
t= 92400 V=0.447 hf=1.00 agg=0.91 <c>=0.871 sd=0.025 rass=0.015
t= 95700 V=0.315 hf=1.00 agg=0.91 <c>=0.866 sd=0.033 rass=0.020
t= 99000 V=0.461 hf=1.00 agg=0.89 <c>=0.874 sd=0.014 rass=0.001
EQ: c*=0.886 sd*=0.037 (last-half medians)
