R_jit1 ok=True why= t=100000 wall=136s
t=     0 V=0.360 hf=0.00 agg=0.00 <c>=0.500 sd=0.323 rass=0.000
t=  3300 V=0.493 hf=1.00 agg=0.92 <c>=0.382 sd=0.315 rass=0.017
t=  6600 V=0.314 hf=0.00 agg=0.00 <c>=0.533 sd=0.232 rass=0.214
t=  9900 V=0.408 hf=1.00 agg=0.91 <c>=0.499 sd=0.237 rass=0.013
t= 13200 V=0.288 hf=1.00 agg=0.89 <c>=0.364 sd=0.228 rass=0.023
t= 16500 V=0.433 hf=1.00 agg=0.87 <c>=0.440 sd=0.253 rass=0.023
t= 19800 V=0.314 hf=1.00 agg=0.91 <c>=0.458 sd=0.241 rass=0.018
t= 23100 V=0.515 hf=1.00 agg=0.16 <c>=0.446 sd=0.209 rass=0.061
t= 26400 V=0.342 hf=1.00 agg=0.90 <c>=0.450 sd=0.236 rass=0.038
t= 29700 V=0.255 hf=0.00 agg=0.00 <c>=0.416 sd=0.188 rass=0.072
t= 33000 V=0.371 hf=1.00 agg=0.90 <c>=0.442 sd=0.167 rass=0.077
t= 36300 V=0.265 hf=1.00 agg=0.90 <c>=0.402 sd=0.152 rass=0.037
t= 39600 V=0.417 hf=1.00 agg=0.87 <c>=0.406 sd=0.138 rass=0.031
t= 42900 V=0.296 hf=1.00 agg=0.89 <c>=0.394 sd=0.108 rass=0.023
t= 46200 V=0.483 hf=1.00 agg=0.46 <c>=0.454 sd=0.118 rass=0.100
t= 49500 V=0.337 hf=1.00 agg=0.92 <c>=0.426 sd=0.101 rass=0.014
t= 52800 V=0.258 hf=0.00 agg=0.00 <c>=0.404 sd=0.083 rass=0.069
t= 56100 V=0.366 hf=1.00 agg=0.90 <c>=0.394 sd=0.068 rass=0.051
t= 59400 V=0.268 hf=1.00 agg=0.91 <c>=0.401 sd=0.077 rass=0.022
t= 62700 V=0.403 hf=1.00 agg=0.88 <c>=0.375 sd=0.013 rass=0.000
t= 66000 V=0.299 hf=1.00 agg=0.91 <c>=0.375 sd=0.011 rass=0.000
t= 69300 V=0.467 hf=1.00 agg=0.73 <c>=0.375 sd=0.013 rass=0.001
t= 72600 V=0.329 hf=1.00 agg=0.90 <c>=0.377 sd=0.020 rass=0.008
t= 75900 V=0.255 hf=0.00 agg=0.00 <c>=0.377 sd=0.016 rass=0.024
t= 79200 V=0.363 hf=1.00 agg=0.90 <c>=0.376 sd=0.016 rass=0.002
t= 82500 V=0.268 hf=1.00 agg=0.91 <c>=0.373 sd=0.018 rass=0.007
t= 85800 V=0.401 hf=1.00 agg=0.89 <c>=0.375 sd=0.011 rass=0.000
t= 89100 V=0.287 hf=1.00 agg=0.88 <c>=0.375 sd=0.011 rass=0.000
t= 92400 V=0.447 hf=1.00 agg=0.85 <c>=0.375 sd=0.013 rass=0.000
t= 95700 V=0.313 hf=1.00 agg=0.90 <c>=0.375 sd=0.011 rass=0.000
t= 99000 V=0.371 hf=0.00 agg=0.00 <c>=0.375 sd=0.008 rass=0.000
EQ: c*=0.375 sd*=0.013 (last-half medians)
