Glc001_s0 ok=True why= t=100000 wall=256s
t=     0 V=0.359 hf=0.00 agg=0.00 <c>=0.500 sd=0.323 rass=0.000
t=  3300 V=0.526 hf=1.00 agg=0.92 <c>=0.546 sd=0.341 rass=0.012
t=  6600 V=0.369 hf=0.00 agg=0.00 <c>=0.505 sd=0.336 rass=0.119
t=  9900 V=0.446 hf=1.00 agg=0.93 <c>=0.474 sd=0.343 rass=0.011
t= 13200 V=0.334 hf=0.00 agg=0.00 <c>=0.279 sd=0.289 rass=0.241
t= 16500 V=0.419 hf=1.00 agg=0.93 <c>=0.259 sd=0.227 rass=0.001
t= 19800 V=0.307 hf=0.00 agg=0.00 <c>=0.242 sd=0.233 rass=0.299
t= 23100 V=0.402 hf=1.00 agg=0.91 <c>=0.163 sd=0.191 rass=0.018
t= 26400 V=0.285 hf=1.00 agg=0.94 <c>=0.139 sd=0.142 rass=0.005
t= 29700 V=0.400 hf=1.00 agg=0.82 <c>=0.182 sd=0.109 rass=0.013
t= 33000 V=0.302 hf=1.00 agg=0.95 <c>=0.197 sd=0.089 rass=0.008
t= 36300 V=0.404 hf=1.00 agg=0.65 <c>=0.156 sd=0.081 rass=0.039
t= 39600 V=0.275 hf=1.00 agg=0.93 <c>=0.160 sd=0.093 rass=0.049
t= 42900 V=0.329 hf=1.00 agg=0.05 <c>=0.148 sd=0.082 rass=0.004
t= 46200 V=0.107 hf=1.00 agg=0.01 <c>=0.148 sd=0.083 rass=0.000
t= 49500 V=0.041 hf=0.00 agg=0.00 <c>=0.148 sd=0.085 rass=0.000
t= 52800 V=0.186 hf=1.00 agg=0.02 <c>=0.149 sd=0.088 rass=0.000
t= 56100 V=0.063 hf=1.00 agg=0.00 <c>=0.149 sd=0.089 rass=0.000
t= 59400 V=0.321 hf=1.00 agg=0.04 <c>=0.150 sd=0.092 rass=0.000
t= 62700 V=0.110 hf=1.00 agg=0.01 <c>=0.150 sd=0.093 rass=0.000
t= 66000 V=0.041 hf=0.00 agg=0.00 <c>=0.150 sd=0.095 rass=0.000
t= 69300 V=0.192 hf=1.00 agg=0.02 <c>=0.150 sd=0.097 rass=0.000
t= 72600 V=0.065 hf=1.00 agg=0.00 <c>=0.151 sd=0.098 rass=0.000
t= 75900 V=0.331 hf=1.00 agg=0.05 <c>=0.151 sd=0.101 rass=0.000
t= 79200 V=0.114 hf=1.00 agg=0.01 <c>=0.151 sd=0.102 rass=0.000
t= 82500 V=0.041 hf=0.00 agg=0.00 <c>=0.152 sd=0.103 rass=0.000
t= 85800 V=0.198 hf=1.00 agg=0.02 <c>=0.152 sd=0.105 rass=0.000
t= 89100 V=0.067 hf=1.00 agg=0.00 <c>=0.152 sd=0.106 rass=0.000
t= 92400 V=0.341 hf=1.00 agg=0.05 <c>=0.153 sd=0.108 rass=0.000
t= 95700 V=0.117 hf=1.00 agg=0.01 <c>=0.153 sd=0.109 rass=0.000
t= 99000 V=0.041 hf=0.00 agg=0.00 <c>=0.154 sd=0.110 rass=0.000
EQ: c*=0.151 sd*=0.099 (last-half medians)
