Zlam0_s1 ok=True why= t=100000 wall=242s
t=     0 V=0.360 hf=0.00 agg=0.00 <c>=0.500 sd=0.323 rass=0.000
t=  3300 V=0.582 hf=1.00 agg=0.94 <c>=0.580 sd=0.333 rass=0.005
t=  6600 V=0.437 hf=0.00 agg=0.00 <c>=0.608 sd=0.277 rass=0.030
t=  9900 V=0.522 hf=1.00 agg=0.93 <c>=0.567 sd=0.207 rass=0.048
t= 13200 V=0.404 hf=0.00 agg=0.00 <c>=0.585 sd=0.203 rass=0.097
t= 16500 V=0.512 hf=1.00 agg=0.93 <c>=0.579 sd=0.162 rass=0.012
t= 19800 V=0.399 hf=0.00 agg=0.00 <c>=0.568 sd=0.133 rass=0.264
t= 23100 V=0.522 hf=1.00 agg=0.93 <c>=0.552 sd=0.136 rass=0.024
t= 26400 V=0.400 hf=0.00 agg=0.00 <c>=0.588 sd=0.124 rass=0.150
t= 29700 V=0.531 hf=1.00 agg=0.93 <c>=0.602 sd=0.123 rass=0.011
t= 33000 V=0.414 hf=1.00 agg=0.94 <c>=0.637 sd=0.096 rass=0.012
t= 36300 V=0.538 hf=1.00 agg=0.93 <c>=0.600 sd=0.127 rass=0.032
t= 39600 V=0.419 hf=1.00 agg=0.93 <c>=0.543 sd=0.135 rass=0.021
t= 42900 V=0.545 hf=1.00 agg=0.92 <c>=0.518 sd=0.152 rass=0.047
t= 46200 V=0.424 hf=1.00 agg=0.94 <c>=0.540 sd=0.145 rass=0.015
t= 49500 V=0.556 hf=1.00 agg=0.92 <c>=0.574 sd=0.152 rass=0.078
t= 52800 V=0.434 hf=1.00 agg=0.93 <c>=0.609 sd=0.155 rass=0.019
t= 56100 V=0.574 hf=1.00 agg=0.91 <c>=0.654 sd=0.133 rass=0.024
t= 59400 V=0.444 hf=1.00 agg=0.93 <c>=0.639 sd=0.137 rass=0.022
t= 62700 V=0.584 hf=1.00 agg=0.90 <c>=0.656 sd=0.158 rass=0.036
t= 66000 V=0.450 hf=1.00 agg=0.93 <c>=0.709 sd=0.130 rass=0.006
t= 69300 V=0.589 hf=1.00 agg=0.90 <c>=0.696 sd=0.129 rass=0.055
t= 72600 V=0.461 hf=1.00 agg=0.95 <c>=0.702 sd=0.126 rass=0.021
t= 75900 V=0.612 hf=1.00 agg=0.83 <c>=0.684 sd=0.143 rass=0.028
t= 79200 V=0.468 hf=1.00 agg=0.94 <c>=0.716 sd=0.108 rass=0.005
t= 82500 V=0.633 hf=1.00 agg=0.54 <c>=0.748 sd=0.024 rass=0.005
t= 85800 V=0.480 hf=1.00 agg=0.94 <c>=0.750 sd=0.012 rass=0.000
t= 89100 V=0.679 hf=0.85 agg=0.18 <c>=0.750 sd=0.009 rass=0.000
t= 92400 V=0.492 hf=1.00 agg=0.94 <c>=0.750 sd=0.010 rass=0.000
t= 95700 V=0.402 hf=0.00 agg=0.00 <c>=0.750 sd=0.001 rass=0.000
t= 99000 V=0.502 hf=1.00 agg=0.93 <c>=0.750 sd=0.009 rass=0.000
EQ: c*=0.709 sd*=0.126 (last-half medians)
