Zlam008_s1 ok=True why= t=100000 wall=246s
t=     0 V=0.360 hf=0.00 agg=0.00 <c>=0.500 sd=0.323 rass=0.000
t=  3300 V=0.326 hf=1.00 agg=0.90 <c>=0.379 sd=0.337 rass=0.022
t=  6600 V=0.169 hf=0.00 agg=0.00 <c>=0.254 sd=0.158 rass=0.027
t=  9900 V=0.259 hf=1.00 agg=0.86 <c>=0.260 sd=0.149 rass=0.011
t= 13200 V=0.168 hf=1.00 agg=0.86 <c>=0.258 sd=0.120 rass=0.033
t= 16500 V=0.280 hf=1.00 agg=0.69 <c>=0.265 sd=0.106 rass=0.044
t= 19800 V=0.181 hf=1.00 agg=0.89 <c>=0.294 sd=0.138 rass=0.041
t= 23100 V=0.328 hf=1.00 agg=0.35 <c>=0.240 sd=0.079 rass=0.017
t= 26400 V=0.186 hf=1.00 agg=0.87 <c>=0.233 sd=0.074 rass=0.012
t= 29700 V=0.427 hf=0.67 agg=0.08 <c>=0.259 sd=0.072 rass=0.004
t= 33000 V=0.242 hf=1.00 agg=0.89 <c>=0.276 sd=0.116 rass=0.057
t= 36300 V=0.170 hf=0.00 agg=0.00 <c>=0.250 sd=0.010 rass=0.000
t= 39600 V=0.277 hf=1.00 agg=0.87 <c>=0.250 sd=0.014 rass=0.000
t= 42900 V=0.185 hf=1.00 agg=0.88 <c>=0.250 sd=0.013 rass=0.000
t= 46200 V=0.321 hf=1.00 agg=0.85 <c>=0.249 sd=0.016 rass=0.001
t= 49500 V=0.207 hf=1.00 agg=0.93 <c>=0.250 sd=0.013 rass=0.000
t= 52800 V=0.365 hf=1.00 agg=0.54 <c>=0.250 sd=0.014 rass=0.000
t= 56100 V=0.222 hf=1.00 agg=0.90 <c>=0.250 sd=0.013 rass=0.000
t= 59400 V=0.431 hf=0.53 agg=0.07 <c>=0.250 sd=0.013 rass=0.000
t= 62700 V=0.239 hf=1.00 agg=0.87 <c>=0.250 sd=0.013 rass=0.000
t= 66000 V=0.161 hf=0.00 agg=0.00 <c>=0.250 sd=0.012 rass=0.016
t= 69300 V=0.277 hf=1.00 agg=0.86 <c>=0.250 sd=0.014 rass=0.000
t= 72600 V=0.188 hf=1.00 agg=0.89 <c>=0.250 sd=0.013 rass=0.000
t= 75900 V=0.326 hf=1.00 agg=0.80 <c>=0.250 sd=0.014 rass=0.000
t= 79200 V=0.208 hf=1.00 agg=0.91 <c>=0.250 sd=0.016 rass=0.000
t= 82500 V=0.379 hf=1.00 agg=0.47 <c>=0.250 sd=0.013 rass=0.000
t= 85800 V=0.227 hf=1.00 agg=0.91 <c>=0.240 sd=0.036 rass=0.012
t= 89100 V=0.387 hf=0.00 agg=0.00 <c>=0.250 sd=0.014 rass=0.000
t= 92400 V=0.246 hf=1.00 agg=0.90 <c>=0.276 sd=0.053 rass=0.087
t= 95700 V=0.169 hf=0.00 agg=0.00 <c>=0.301 sd=0.061 rass=0.329
t= 99000 V=0.285 hf=1.00 agg=0.90 <c>=0.326 sd=0.063 rass=0.077
EQ: c*=0.250 sd*=0.014 (last-half medians)
