Glc004_s0 ok=True why= t=100000 wall=254s
t=     0 V=0.359 hf=0.00 agg=0.00 <c>=0.500 sd=0.323 rass=0.000
t=  3300 V=0.413 hf=1.00 agg=0.91 <c>=0.460 sd=0.340 rass=0.013
t=  6600 V=0.247 hf=0.00 agg=0.00 <c>=0.372 sd=0.348 rass=0.118
t=  9900 V=0.338 hf=1.00 agg=0.89 <c>=0.329 sd=0.321 rass=0.042
t= 13200 V=0.226 hf=0.00 agg=0.00 <c>=0.269 sd=0.317 rass=0.283
t= 16500 V=0.346 hf=1.00 agg=0.89 <c>=0.306 sd=0.322 rass=0.020
t= 19800 V=0.209 hf=1.00 agg=0.90 <c>=0.110 sd=0.252 rass=0.002
t= 23100 V=0.226 hf=1.00 agg=0.02 <c>=0.129 sd=0.255 rass=0.003
t= 26400 V=0.074 hf=1.00 agg=0.00 <c>=0.130 sd=0.255 rass=0.000
t= 29700 V=0.267 hf=0.00 agg=0.00 <c>=0.131 sd=0.255 rass=0.000
t= 33000 V=0.128 hf=1.00 agg=0.01 <c>=0.132 sd=0.255 rass=0.000
t= 36300 V=0.043 hf=1.00 agg=0.00 <c>=0.133 sd=0.254 rass=0.000
t= 39600 V=0.223 hf=1.00 agg=0.02 <c>=0.134 sd=0.254 rass=0.000
t= 42900 V=0.076 hf=1.00 agg=0.00 <c>=0.135 sd=0.254 rass=0.000
t= 46200 V=0.215 hf=0.00 agg=0.00 <c>=0.137 sd=0.254 rass=0.000
t= 49500 V=0.132 hf=1.00 agg=0.01 <c>=0.138 sd=0.254 rass=0.000
t= 52800 V=0.045 hf=1.00 agg=0.00 <c>=0.138 sd=0.254 rass=0.000
t= 56100 V=0.230 hf=1.00 agg=0.02 <c>=0.140 sd=0.253 rass=0.000
t= 59400 V=0.078 hf=1.00 agg=0.00 <c>=0.141 sd=0.253 rass=0.000
t= 62700 V=0.162 hf=0.00 agg=0.00 <c>=0.142 sd=0.253 rass=0.000
t= 66000 V=0.136 hf=1.00 agg=0.01 <c>=0.143 sd=0.253 rass=0.000
t= 69300 V=0.046 hf=1.00 agg=0.00 <c>=0.143 sd=0.253 rass=0.000
t= 72600 V=0.237 hf=1.00 agg=0.02 <c>=0.145 sd=0.253 rass=0.000
t= 75900 V=0.081 hf=1.00 agg=0.00 <c>=0.146 sd=0.253 rass=0.000
t= 79200 V=0.116 hf=0.00 agg=0.00 <c>=0.147 sd=0.252 rass=0.000
t= 82500 V=0.141 hf=1.00 agg=0.01 <c>=0.148 sd=0.252 rass=0.000
t= 85800 V=0.048 hf=1.00 agg=0.00 <c>=0.148 sd=0.252 rass=0.000
t= 89100 V=0.245 hf=1.00 agg=0.03 <c>=0.150 sd=0.252 rass=0.000
t= 92400 V=0.083 hf=1.00 agg=0.00 <c>=0.150 sd=0.252 rass=0.000
t= 95700 V=0.078 hf=0.00 agg=0.00 <c>=0.151 sd=0.252 rass=0.000
t= 99000 V=0.145 hf=1.00 agg=0.01 <c>=0.152 sd=0.252 rass=0.000
EQ: c*=0.146 sd*=0.253 (last-half medians)
