mid2 ok=True why= t=150000 wall=400s
t=     0 V=0.359 hf=0.00 agg=0.00 <c>=0.500 sd=0.316 rass=0.000
t=  5000 V=0.501 hf=1.00 agg=0.93 <c>=0.463 sd=0.316 rass=0.004
t= 10000 V=0.367 hf=1.00 agg=0.93 <c>=0.390 sd=0.367 rass=0.014
t= 15000 V=0.300 hf=1.00 agg=0.94 <c>=0.355 sd=0.400 rass=0.004
t= 20000 V=0.448 hf=1.00 agg=0.70 <c>=0.306 sd=0.374 rass=0.045
t= 25000 V=0.324 hf=1.00 agg=0.87 <c>=0.166 sd=0.332 rass=0.006
t= 30000 V=0.081 hf=1.00 agg=0.00 <c>=0.069 sd=0.224 rass=0.001
t= 35000 V=0.049 hf=1.00 agg=0.00 <c>=0.071 sd=0.223 rass=0.000
t= 40000 V=0.040 hf=0.00 agg=0.00 <c>=0.073 sd=0.223 rass=0.000
t= 45000 V=0.301 hf=1.00 agg=0.04 <c>=0.075 sd=0.223 rass=0.000
t= 50000 V=0.198 hf=1.00 agg=0.02 <c>=0.077 sd=0.223 rass=0.000
t= 55000 V=0.129 hf=1.00 agg=0.01 <c>=0.079 sd=0.223 rass=0.000
t= 60000 V=0.084 hf=1.00 agg=0.00 <c>=0.080 sd=0.222 rass=0.000
t= 65000 V=0.055 hf=1.00 agg=0.00 <c>=0.082 sd=0.222 rass=0.000
t= 70000 V=0.041 hf=0.00 agg=0.00 <c>=0.084 sd=0.222 rass=0.000
t= 75000 V=0.334 hf=1.00 agg=0.05 <c>=0.086 sd=0.222 rass=0.000
t= 80000 V=0.220 hf=1.00 agg=0.02 <c>=0.087 sd=0.222 rass=0.000
t= 85000 V=0.144 hf=1.00 agg=0.01 <c>=0.089 sd=0.222 rass=0.000
t= 90000 V=0.094 hf=1.00 agg=0.00 <c>=0.090 sd=0.221 rass=0.000
t= 95000 V=0.061 hf=1.00 agg=0.00 <c>=0.092 sd=0.221 rass=0.000
t=100000 V=0.041 hf=0.00 agg=0.00 <c>=0.093 sd=0.221 rass=0.000
t=105000 V=0.250 hf=0.00 agg=0.00 <c>=0.095 sd=0.221 rass=0.000
t=110000 V=0.245 hf=1.00 agg=0.03 <c>=0.097 sd=0.221 rass=0.000
t=115000 V=0.161 hf=1.00 agg=0.01 <c>=0.098 sd=0.221 rass=0.000
t=120000 V=0.105 hf=1.00 agg=0.00 <c>=0.099 sd=0.221 rass=0.000
t=125000 V=0.068 hf=1.00 agg=0.00 <c>=0.101 sd=0.221 rass=0.000
t=130000 V=0.045 hf=1.00 agg=0.00 <c>=0.102 sd=0.220 rass=0.000
t=135000 V=0.085 hf=0.00 agg=0.00 <c>=0.103 sd=0.220 rass=0.000
t=140000 V=0.273 hf=1.00 agg=0.03 <c>=0.105 sd=0.220 rass=0.000
t=145000 V=0.179 hf=1.00 agg=0.01 <c>=0.106 sd=0.220 rass=0.000
EQ: c*=0.097 sd*=0.221 (last-half medians)
