Glc001_s1 ok=True why= t=100000 wall=255s
t=     0 V=0.360 hf=0.00 agg=0.00 <c>=0.500 sd=0.323 rass=0.000
t=  3300 V=0.533 hf=1.00 agg=0.93 <c>=0.454 sd=0.337 rass=0.015
t=  6600 V=0.375 hf=0.00 agg=0.00 <c>=0.297 sd=0.235 rass=0.089
t=  9900 V=0.445 hf=1.00 agg=0.92 <c>=0.305 sd=0.227 rass=0.021
t= 13200 V=0.325 hf=0.00 agg=0.00 <c>=0.328 sd=0.213 rass=0.101
t= 16500 V=0.428 hf=1.00 agg=0.91 <c>=0.329 sd=0.200 rass=0.067
t= 19800 V=0.320 hf=0.00 agg=0.00 <c>=0.356 sd=0.266 rass=0.313
t= 23100 V=0.438 hf=1.00 agg=0.93 <c>=0.339 sd=0.307 rass=0.015
t= 26400 V=0.326 hf=1.00 agg=0.92 <c>=0.471 sd=0.335 rass=0.026
t= 29700 V=0.459 hf=1.00 agg=0.91 <c>=0.457 sd=0.341 rass=0.027
t= 33000 V=0.337 hf=1.00 agg=0.93 <c>=0.357 sd=0.332 rass=0.052
t= 36300 V=0.444 hf=1.00 agg=0.86 <c>=0.220 sd=0.249 rass=0.014
t= 39600 V=0.355 hf=0.99 agg=0.94 <c>=0.375 sd=0.354 rass=0.024
t= 42900 V=0.500 hf=1.00 agg=0.88 <c>=0.383 sd=0.356 rass=0.048
t= 46200 V=0.366 hf=1.00 agg=0.92 <c>=0.422 sd=0.376 rass=0.027
t= 49500 V=0.490 hf=1.00 agg=0.59 <c>=0.220 sd=0.250 rass=0.028
t= 52800 V=0.344 hf=1.00 agg=0.94 <c>=0.266 sd=0.293 rass=0.036
t= 56100 V=0.524 hf=1.00 agg=0.24 <c>=0.208 sd=0.261 rass=0.014
t= 59400 V=0.164 hf=1.00 agg=0.02 <c>=0.122 sd=0.090 rass=0.009
t= 62700 V=0.044 hf=0.00 agg=0.00 <c>=0.122 sd=0.091 rass=0.000
t= 66000 V=0.159 hf=1.00 agg=0.01 <c>=0.123 sd=0.094 rass=0.000
t= 69300 V=0.054 hf=1.00 agg=0.00 <c>=0.123 sd=0.096 rass=0.000
t= 72600 V=0.276 hf=1.00 agg=0.03 <c>=0.123 sd=0.099 rass=0.000
t= 75900 V=0.094 hf=1.00 agg=0.00 <c>=0.123 sd=0.100 rass=0.000
t= 79200 V=0.041 hf=0.00 agg=0.00 <c>=0.124 sd=0.101 rass=0.000
t= 82500 V=0.164 hf=1.00 agg=0.01 <c>=0.124 sd=0.104 rass=0.000
t= 85800 V=0.056 hf=1.00 agg=0.00 <c>=0.124 sd=0.105 rass=0.000
t= 89100 V=0.285 hf=1.00 agg=0.03 <c>=0.125 sd=0.107 rass=0.000
t= 92400 V=0.097 hf=1.00 agg=0.00 <c>=0.125 sd=0.108 rass=0.000
t= 95700 V=0.041 hf=0.00 agg=0.00 <c>=0.125 sd=0.109 rass=0.000
t= 99000 V=0.170 hf=1.00 agg=0.01 <c>=0.126 sd=0.112 rass=0.000
EQ: c*=0.124 sd*=0.104 (last-half medians)
