R_lc002_s3 ok=True why= t=100000 wall=151s
t=     0 V=0.360 hf=0.00 agg=0.00 <c>=0.500 sd=0.323 rass=0.000
t=  3300 V=0.483 hf=1.00 agg=0.92 <c>=0.486 sd=0.325 rass=0.018
t=  6600 V=0.319 hf=0.00 agg=0.00 <c>=0.359 sd=0.357 rass=0.065
t=  9900 V=0.402 hf=1.00 agg=0.92 <c>=0.390 sd=0.328 rass=0.022
t= 13200 V=0.291 hf=0.00 agg=0.00 <c>=0.182 sd=0.336 rass=0.064
t= 16500 V=0.234 hf=1.00 agg=0.03 <c>=0.034 sd=0.161 rass=0.007
t= 19800 V=0.050 hf=1.00 agg=0.00 <c>=0.035 sd=0.161 rass=0.001
t= 23100 V=0.243 hf=1.00 agg=0.03 <c>=0.037 sd=0.161 rass=0.000
t= 26400 V=0.083 hf=1.00 agg=0.00 <c>=0.038 sd=0.161 rass=0.000
t= 29700 V=0.086 hf=0.00 agg=0.00 <c>=0.040 sd=0.162 rass=0.000
t= 33000 V=0.144 hf=1.00 agg=0.01 <c>=0.042 sd=0.162 rass=0.000
t= 36300 V=0.049 hf=1.00 agg=0.00 <c>=0.043 sd=0.162 rass=0.000
t= 39600 V=0.251 hf=1.00 agg=0.03 <c>=0.045 sd=0.163 rass=0.000
t= 42900 V=0.085 hf=1.00 agg=0.00 <c>=0.047 sd=0.163 rass=0.000
t= 46200 V=0.056 hf=0.00 agg=0.00 <c>=0.048 sd=0.163 rass=0.000
t= 49500 V=0.149 hf=1.00 agg=0.01 <c>=0.050 sd=0.163 rass=0.000
t= 52800 V=0.050 hf=1.00 agg=0.00 <c>=0.051 sd=0.163 rass=0.000
t= 56100 V=0.258 hf=1.00 agg=0.03 <c>=0.053 sd=0.164 rass=0.000
t= 59400 V=0.088 hf=1.00 agg=0.00 <c>=0.054 sd=0.164 rass=0.000
t= 62700 V=0.040 hf=0.00 agg=0.00 <c>=0.055 sd=0.164 rass=0.000
t= 66000 V=0.154 hf=1.00 agg=0.01 <c>=0.057 sd=0.165 rass=0.000
t= 69300 V=0.052 hf=1.00 agg=0.00 <c>=0.058 sd=0.165 rass=0.000
t= 72600 V=0.266 hf=1.00 agg=0.03 <c>=0.060 sd=0.165 rass=0.000
t= 75900 V=0.091 hf=1.00 agg=0.00 <c>=0.061 sd=0.165 rass=0.000
t= 79200 V=0.040 hf=0.00 agg=0.00 <c>=0.062 sd=0.166 rass=0.000
t= 82500 V=0.158 hf=1.00 agg=0.01 <c>=0.064 sd=0.166 rass=0.000
t= 85800 V=0.054 hf=1.00 agg=0.00 <c>=0.065 sd=0.166 rass=0.000
t= 89100 V=0.275 hf=1.00 agg=0.03 <c>=0.067 sd=0.166 rass=0.000
t= 92400 V=0.094 hf=1.00 agg=0.00 <c>=0.068 sd=0.167 rass=0.000
t= 95700 V=0.041 hf=0.00 agg=0.00 <c>=0.069 sd=0.167 rass=0.000
t= 99000 V=0.163 hf=1.00 agg=0.01 <c>=0.071 sd=0.167 rass=0.000
EQ: c*=0.061 sd*=0.165 (last-half medians)
