R_jit3 ok=True why= t=100000 wall=137s
t=     0 V=0.361 hf=0.00 agg=0.00 <c>=0.500 sd=0.323 rass=0.000
t=  3300 V=0.462 hf=1.00 agg=0.92 <c>=0.398 sd=0.286 rass=0.049
t=  6600 V=0.520 hf=1.00 agg=0.79 <c>=0.437 sd=0.323 rass=0.065
t=  9900 V=0.331 hf=1.00 agg=0.92 <c>=0.381 sd=0.298 rass=0.053
t= 13200 V=0.437 hf=1.00 agg=0.87 <c>=0.292 sd=0.281 rass=0.015
t= 16500 V=0.296 hf=1.00 agg=0.94 <c>=0.219 sd=0.164 rass=0.011
t= 19800 V=0.398 hf=1.00 agg=0.90 <c>=0.268 sd=0.116 rass=0.051
t= 23100 V=0.289 hf=0.73 agg=0.18 <c>=0.175 sd=0.125 rass=0.520
t= 26400 V=0.358 hf=1.00 agg=0.88 <c>=0.219 sd=0.133 rass=0.021
t= 29700 V=0.264 hf=0.00 agg=0.00 <c>=0.261 sd=0.116 rass=0.024
t= 33000 V=0.354 hf=1.00 agg=0.93 <c>=0.293 sd=0.103 rass=0.024
t= 36300 V=0.557 hf=0.87 agg=0.13 <c>=0.302 sd=0.093 rass=0.059
t= 39600 V=0.340 hf=1.00 agg=0.91 <c>=0.283 sd=0.117 rass=0.016
t= 42900 V=0.469 hf=1.00 agg=0.74 <c>=0.313 sd=0.086 rass=0.016
t= 46200 V=0.314 hf=1.00 agg=0.92 <c>=0.302 sd=0.074 rass=0.066
t= 49500 V=0.430 hf=1.00 agg=0.87 <c>=0.313 sd=0.064 rass=0.029
t= 52800 V=0.287 hf=1.00 agg=0.88 <c>=0.320 sd=0.063 rass=0.021
t= 56100 V=0.392 hf=1.00 agg=0.89 <c>=0.284 sd=0.057 rass=0.035
t= 59400 V=0.265 hf=0.00 agg=0.00 <c>=0.268 sd=0.046 rass=0.167
t= 62700 V=0.360 hf=1.00 agg=0.91 <c>=0.246 sd=0.042 rass=0.034
t= 66000 V=0.252 hf=0.00 agg=0.00 <c>=0.224 sd=0.068 rass=0.164
t= 69300 V=0.322 hf=1.00 agg=0.93 <c>=0.226 sd=0.088 rass=0.019
t= 72600 V=0.525 hf=1.00 agg=0.13 <c>=0.212 sd=0.075 rass=0.039
t= 75900 V=0.302 hf=1.00 agg=0.92 <c>=0.230 sd=0.092 rass=0.036
t= 79200 V=0.439 hf=1.00 agg=0.55 <c>=0.244 sd=0.088 rass=0.025
t= 82500 V=0.303 hf=1.00 agg=0.93 <c>=0.268 sd=0.112 rass=0.030
t= 85800 V=0.423 hf=1.00 agg=0.86 <c>=0.306 sd=0.098 rass=0.071
t= 89100 V=0.290 hf=1.00 agg=0.89 <c>=0.300 sd=0.079 rass=0.034
t= 92400 V=0.402 hf=1.00 agg=0.91 <c>=0.293 sd=0.078 rass=0.020
t= 95700 V=0.285 hf=0.00 agg=0.00 <c>=0.332 sd=0.071 rass=0.063
t= 99000 V=0.382 hf=1.00 agg=0.90 <c>=0.350 sd=0.060 rass=0.012
EQ: c*=0.273 sd*=0.076 (last-half medians)
