C_lc002 ok=True why= t=100000 wall=427s
t=     0 V=0.359 hf=0.00 agg=0.00 <c>=0.500 sd=0.323 rass=0.000
t=  3300 V=0.507 hf=1.00 agg=0.91 <c>=0.423 sd=0.309 rass=0.018
t=  6600 V=0.336 hf=0.00 agg=0.00 <c>=0.341 sd=0.308 rass=0.268
t=  9900 V=0.467 hf=1.00 agg=0.91 <c>=0.334 sd=0.272 rass=0.012
t= 13200 V=0.343 hf=1.00 agg=0.95 <c>=0.188 sd=0.184 rass=0.014
t= 16500 V=0.567 hf=0.97 agg=0.16 <c>=0.094 sd=0.193 rass=0.041
t= 19800 V=0.365 hf=1.00 agg=0.91 <c>=0.160 sd=0.291 rass=0.006
t= 23100 V=0.317 hf=0.99 agg=0.95 <c>=0.211 sd=0.326 rass=0.016
t= 26400 V=0.499 hf=0.99 agg=0.80 <c>=0.163 sd=0.301 rass=0.008
t= 29700 V=0.397 hf=0.99 agg=0.94 <c>=0.183 sd=0.334 rass=0.007
t= 33000 V=0.327 hf=0.00 agg=0.00 <c>=0.111 sd=0.290 rass=0.040
t= 36300 V=0.421 hf=1.00 agg=0.81 <c>=0.185 sd=0.365 rass=0.027
t= 39600 V=0.325 hf=1.00 agg=0.94 <c>=0.136 sd=0.304 rass=0.001
t= 42900 V=0.140 hf=0.00 agg=0.00 <c>=0.068 sd=0.197 rass=0.000
t= 46200 V=0.162 hf=1.00 agg=0.01 <c>=0.070 sd=0.197 rass=0.000
t= 49500 V=0.061 hf=1.00 agg=0.00 <c>=0.071 sd=0.197 rass=0.000
t= 52800 V=0.245 hf=0.00 agg=0.00 <c>=0.073 sd=0.196 rass=0.000
t= 56100 V=0.149 hf=1.00 agg=0.01 <c>=0.074 sd=0.196 rass=0.000
t= 59400 V=0.056 hf=1.00 agg=0.00 <c>=0.075 sd=0.196 rass=0.000
t= 62700 V=0.358 hf=0.00 agg=0.00 <c>=0.077 sd=0.196 rass=0.000
t= 66000 V=0.138 hf=1.00 agg=0.01 <c>=0.078 sd=0.196 rass=0.000
t= 69300 V=0.052 hf=1.00 agg=0.00 <c>=0.078 sd=0.195 rass=0.000
t= 72600 V=0.333 hf=1.00 agg=0.05 <c>=0.080 sd=0.195 rass=0.000
t= 75900 V=0.128 hf=1.00 agg=0.01 <c>=0.081 sd=0.195 rass=0.000
t= 79200 V=0.048 hf=1.00 agg=0.00 <c>=0.082 sd=0.195 rass=0.000
t= 82500 V=0.309 hf=1.00 agg=0.04 <c>=0.084 sd=0.195 rass=0.000
t= 85800 V=0.118 hf=1.00 agg=0.01 <c>=0.085 sd=0.195 rass=0.000
t= 89100 V=0.045 hf=1.00 agg=0.00 <c>=0.086 sd=0.195 rass=0.000
t= 92400 V=0.286 hf=1.00 agg=0.04 <c>=0.087 sd=0.194 rass=0.000
t= 95700 V=0.109 hf=1.00 agg=0.01 <c>=0.088 sd=0.194 rass=0.000
t= 99000 V=0.043 hf=0.00 agg=0.00 <c>=0.089 sd=0.194 rass=0.000
EQ: c*=0.081 sd*=0.195 (last-half medians)
