R_lc003_s0 ok=True why= t=60000 wall=103s
t=     0 V=0.359 hf=0.00 agg=0.00 <c>=0.500 sd=0.323 rass=0.000
t=  2000 V=0.417 hf=0.00 agg=0.00 <c>=0.515 sd=0.342 rass=0.140
t=  4000 V=0.344 hf=1.00 agg=0.91 <c>=0.470 sd=0.341 rass=0.014
t=  6000 V=0.320 hf=1.00 agg=0.93 <c>=0.487 sd=0.343 rass=0.016
t=  8000 V=0.327 hf=1.00 agg=0.90 <c>=0.391 sd=0.357 rass=0.040
t= 10000 V=0.347 hf=1.00 agg=0.91 <c>=0.410 sd=0.354 rass=0.039
t= 12000 V=0.369 hf=1.00 agg=0.90 <c>=0.494 sd=0.310 rass=0.012
t= 14000 V=0.400 hf=1.00 agg=0.87 <c>=0.424 sd=0.305 rass=0.039
t= 16000 V=0.437 hf=1.00 agg=0.82 <c>=0.516 sd=0.316 rass=0.045
t= 18000 V=0.492 hf=0.03 agg=0.01 <c>=0.384 sd=0.357 rass=0.078
t= 20000 V=0.236 hf=0.00 agg=0.00 <c>=0.316 sd=0.368 rass=0.221
t= 22000 V=0.260 hf=1.00 agg=0.91 <c>=0.268 sd=0.357 rass=0.037
t= 24000 V=0.288 hf=1.00 agg=0.93 <c>=0.266 sd=0.359 rass=0.023
t= 26000 V=0.278 hf=1.00 agg=0.90 <c>=0.122 sd=0.276 rass=0.012
t= 28000 V=0.335 hf=1.00 agg=0.93 <c>=0.219 sd=0.341 rass=0.009
t= 30000 V=0.384 hf=1.00 agg=0.92 <c>=0.344 sd=0.374 rass=0.014
t= 32000 V=0.422 hf=1.00 agg=0.89 <c>=0.343 sd=0.374 rass=0.028
t= 34000 V=0.476 hf=1.00 agg=0.73 <c>=0.498 sd=0.354 rass=0.039
t= 36000 V=0.300 hf=0.00 agg=0.00 <c>=0.504 sd=0.352 rass=0.079
t= 38000 V=0.239 hf=0.00 agg=0.00 <c>=0.469 sd=0.363 rass=0.336
t= 40000 V=0.265 hf=0.99 agg=0.93 <c>=0.423 sd=0.372 rass=0.038
t= 42000 V=0.324 hf=0.93 agg=0.91 <c>=0.338 sd=0.373 rass=0.002
t= 44000 V=0.435 hf=0.77 agg=0.91 <c>=0.304 sd=0.367 rass=0.008
t= 46000 V=0.394 hf=0.77 agg=0.87 <c>=0.267 sd=0.357 rass=0.005
t= 48000 V=0.420 hf=0.77 agg=0.89 <c>=0.252 sd=0.351 rass=0.004
t= 50000 V=0.435 hf=0.77 agg=0.89 <c>=0.245 sd=0.346 rass=0.004
t= 52000 V=0.471 hf=0.78 agg=0.87 <c>=0.233 sd=0.339 rass=0.003
t= 54000 V=0.469 hf=0.78 agg=0.87 <c>=0.217 sd=0.330 rass=0.003
t= 56000 V=0.471 hf=0.78 agg=0.88 <c>=0.206 sd=0.324 rass=0.004
t= 58000 V=0.474 hf=0.78 agg=0.88 <c>=0.200 sd=0.319 rass=0.004
EQ: c*=0.279 sd*=0.356 (last-half medians)
