C_lc0005 ok=True why= t=100000 wall=443s
t=     0 V=0.359 hf=0.00 agg=0.00 <c>=0.500 sd=0.323 rass=0.000
t=  3300 V=0.566 hf=1.00 agg=0.91 <c>=0.456 sd=0.315 rass=0.015
t=  6600 V=0.397 hf=0.00 agg=0.00 <c>=0.311 sd=0.253 rass=0.209
t=  9900 V=0.520 hf=1.00 agg=0.92 <c>=0.336 sd=0.272 rass=0.021
t= 13200 V=0.411 hf=0.99 agg=0.93 <c>=0.357 sd=0.232 rass=0.008
t= 16500 V=0.599 hf=0.63 agg=0.19 <c>=0.430 sd=0.271 rass=0.004
t= 19800 V=0.563 hf=0.73 agg=0.89 <c>=0.444 sd=0.286 rass=0.007
t= 23100 V=0.564 hf=0.74 agg=0.89 <c>=0.436 sd=0.284 rass=0.001
t= 26400 V=0.592 hf=0.74 agg=0.89 <c>=0.431 sd=0.283 rass=0.000
t= 29700 V=0.612 hf=0.75 agg=0.89 <c>=0.428 sd=0.282 rass=0.000
t= 33000 V=0.626 hf=0.75 agg=0.90 <c>=0.427 sd=0.282 rass=0.000
t= 36300 V=0.636 hf=0.75 agg=0.90 <c>=0.426 sd=0.282 rass=0.000
t= 39600 V=0.645 hf=0.75 agg=0.90 <c>=0.425 sd=0.283 rass=0.000
t= 42900 V=0.653 hf=0.75 agg=0.90 <c>=0.424 sd=0.283 rass=0.000
t= 46200 V=0.653 hf=0.76 agg=0.90 <c>=0.423 sd=0.284 rass=0.000
t= 49500 V=0.649 hf=0.76 agg=0.90 <c>=0.422 sd=0.284 rass=0.000
t= 52800 V=0.646 hf=0.76 agg=0.91 <c>=0.421 sd=0.284 rass=0.000
t= 56100 V=0.645 hf=0.77 agg=0.90 <c>=0.420 sd=0.285 rass=0.000
t= 59400 V=0.642 hf=0.77 agg=0.91 <c>=0.419 sd=0.286 rass=0.000
t= 62700 V=0.638 hf=0.78 agg=0.91 <c>=0.419 sd=0.286 rass=0.000
t= 66000 V=0.623 hf=0.79 agg=0.92 <c>=0.418 sd=0.287 rass=0.000
t= 69300 V=0.610 hf=0.80 agg=0.92 <c>=0.418 sd=0.288 rass=0.000
t= 72600 V=0.619 hf=0.80 agg=0.91 <c>=0.418 sd=0.289 rass=0.000
t= 75900 V=0.616 hf=0.81 agg=0.91 <c>=0.418 sd=0.290 rass=0.000
t= 79200 V=0.612 hf=0.81 agg=0.91 <c>=0.419 sd=0.291 rass=0.000
t= 82500 V=0.608 hf=0.81 agg=0.91 <c>=0.419 sd=0.292 rass=0.000
t= 85800 V=0.603 hf=0.81 agg=0.91 <c>=0.420 sd=0.293 rass=0.000
t= 89100 V=0.601 hf=0.82 agg=0.91 <c>=0.420 sd=0.294 rass=0.000
t= 92400 V=0.599 hf=0.82 agg=0.91 <c>=0.421 sd=0.295 rass=0.000
t= 95700 V=0.596 hf=0.82 agg=0.91 <c>=0.421 sd=0.296 rass=0.000
t= 99000 V=0.592 hf=0.83 agg=0.92 <c>=0.421 sd=0.296 rass=0.000
EQ: c*=0.419 sd*=0.290 (last-half medians)
