T_mid_hi ok=True why= t=100000 wall=195s
t=     0 V=0.359 hf=0.00 agg=0.00 <c>=0.890 sd=0.158 rass=0.901
t=  3300 V=0.429 hf=1.00 agg=0.91 <c>=0.848 sd=0.156 rass=0.019
t=  6600 V=0.264 hf=0.00 agg=0.00 <c>=0.883 sd=0.145 rass=0.052
t=  9900 V=0.346 hf=1.00 agg=0.91 <c>=0.866 sd=0.130 rass=0.044
t= 13200 V=0.224 hf=0.00 agg=0.00 <c>=0.844 sd=0.124 rass=0.448
t= 16500 V=0.354 hf=1.00 agg=0.90 <c>=0.857 sd=0.141 rass=0.023
t= 19800 V=0.227 hf=1.00 agg=0.90 <c>=0.861 sd=0.146 rass=0.007
t= 23100 V=0.365 hf=1.00 agg=0.88 <c>=0.957 sd=0.103 rass=0.020
t= 26400 V=0.234 hf=1.00 agg=0.89 <c>=0.969 sd=0.085 rass=0.032
t= 29700 V=0.394 hf=1.00 agg=0.88 <c>=0.964 sd=0.087 rass=0.085
t= 33000 V=0.255 hf=1.00 agg=0.89 <c>=0.976 sd=0.072 rass=0.022
t= 36300 V=0.422 hf=1.00 agg=0.77 <c>=0.976 sd=0.072 rass=0.012
t= 39600 V=0.269 hf=1.00 agg=0.89 <c>=0.965 sd=0.096 rass=0.026
t= 42900 V=0.492 hf=0.82 agg=0.09 <c>=0.891 sd=0.156 rass=0.094
t= 46200 V=0.296 hf=1.00 agg=0.90 <c>=0.907 sd=0.140 rass=0.021
t= 49500 V=0.212 hf=0.00 agg=0.00 <c>=0.922 sd=0.115 rass=0.122
t= 52800 V=0.326 hf=1.00 agg=0.92 <c>=0.870 sd=0.134 rass=0.032
t= 56100 V=0.214 hf=0.00 agg=0.00 <c>=0.870 sd=0.149 rass=0.336
t= 59400 V=0.351 hf=1.00 agg=0.89 <c>=0.832 sd=0.162 rass=0.045
t= 62700 V=0.230 hf=1.00 agg=0.90 <c>=0.821 sd=0.171 rass=0.021
t= 66000 V=0.371 hf=1.00 agg=0.87 <c>=0.883 sd=0.154 rass=0.077
t= 69300 V=0.243 hf=1.00 agg=0.89 <c>=0.882 sd=0.138 rass=0.043
t= 72600 V=0.400 hf=1.00 agg=0.89 <c>=0.890 sd=0.135 rass=0.072
t= 75900 V=0.257 hf=1.00 agg=0.89 <c>=0.882 sd=0.131 rass=0.030
t= 79200 V=0.425 hf=1.00 agg=0.84 <c>=0.943 sd=0.089 rass=0.031
t= 82500 V=0.274 hf=1.00 agg=0.90 <c>=0.938 sd=0.095 rass=0.021
t= 85800 V=0.488 hf=1.00 agg=0.11 <c>=0.957 sd=0.082 rass=0.074
t= 89100 V=0.293 hf=1.00 agg=0.89 <c>=0.947 sd=0.076 rass=0.029
t= 92400 V=0.200 hf=0.00 agg=0.00 <c>=0.969 sd=0.055 rass=0.041
t= 95700 V=0.312 hf=1.00 agg=0.90 <c>=0.968 sd=0.056 rass=0.065
t= 99000 V=0.201 hf=0.00 agg=0.00 <c>=0.961 sd=0.058 rass=0.247
EQ: c*=0.926 sd*=0.117 (last-half medians)
