lc0.004 ok=True why= t=150000 wall=349s
t=     0 V=0.359 hf=0.00 agg=0.00 <c>=0.500 sd=0.316 rass=0.000
t=  5000 V=0.481 hf=1.00 agg=0.85 <c>=0.449 sd=0.330 rass=0.076
t= 10000 V=0.394 hf=1.00 agg=0.89 <c>=0.301 sd=0.348 rass=0.019
t= 15000 V=0.424 hf=0.90 agg=0.86 <c>=0.174 sd=0.274 rass=0.005
t= 20000 V=0.497 hf=0.76 agg=0.85 <c>=0.106 sd=0.215 rass=0.002
t= 25000 V=0.549 hf=0.77 agg=0.85 <c>=0.087 sd=0.192 rass=0.006
t= 30000 V=0.555 hf=0.78 agg=0.85 <c>=0.087 sd=0.187 rass=0.007
t= 35000 V=0.553 hf=0.78 agg=0.85 <c>=0.090 sd=0.187 rass=0.008
t= 40000 V=0.549 hf=0.78 agg=0.85 <c>=0.095 sd=0.187 rass=0.008
t= 45000 V=0.545 hf=0.78 agg=0.85 <c>=0.099 sd=0.187 rass=0.007
t= 50000 V=0.539 hf=0.79 agg=0.85 <c>=0.103 sd=0.188 rass=0.007
t= 55000 V=0.528 hf=0.79 agg=0.85 <c>=0.108 sd=0.189 rass=0.007
t= 60000 V=0.521 hf=0.79 agg=0.85 <c>=0.112 sd=0.190 rass=0.007
t= 65000 V=0.515 hf=0.79 agg=0.85 <c>=0.116 sd=0.190 rass=0.007
t= 70000 V=0.505 hf=0.80 agg=0.85 <c>=0.120 sd=0.191 rass=0.007
t= 75000 V=0.496 hf=0.80 agg=0.84 <c>=0.124 sd=0.192 rass=0.007
t= 80000 V=0.490 hf=0.80 agg=0.84 <c>=0.127 sd=0.193 rass=0.007
t= 85000 V=0.486 hf=0.80 agg=0.84 <c>=0.130 sd=0.193 rass=0.007
t= 90000 V=0.484 hf=0.81 agg=0.85 <c>=0.133 sd=0.194 rass=0.006
t= 95000 V=0.483 hf=0.81 agg=0.86 <c>=0.135 sd=0.194 rass=0.006
t=100000 V=0.485 hf=0.81 agg=0.88 <c>=0.137 sd=0.194 rass=0.005
t=105000 V=0.487 hf=0.82 agg=0.89 <c>=0.139 sd=0.194 rass=0.004
t=110000 V=0.488 hf=0.82 agg=0.89 <c>=0.142 sd=0.194 rass=0.004
t=115000 V=0.489 hf=0.82 agg=0.90 <c>=0.145 sd=0.194 rass=0.004
t=120000 V=0.488 hf=0.83 agg=0.90 <c>=0.148 sd=0.195 rass=0.004
t=125000 V=0.483 hf=0.83 agg=0.90 <c>=0.150 sd=0.195 rass=0.004
t=130000 V=0.479 hf=0.83 agg=0.90 <c>=0.153 sd=0.196 rass=0.004
t=135000 V=0.476 hf=0.83 agg=0.90 <c>=0.156 sd=0.197 rass=0.004
t=140000 V=0.474 hf=0.83 agg=0.90 <c>=0.159 sd=0.197 rass=0.004
t=145000 V=0.472 hf=0.83 agg=0.90 <c>=0.162 sd=0.199 rass=0.004
EQ: c*=0.143 sd*=0.194 (last-half medians)
