C_mu003 ok=True why= t=100000 wall=443s
t=     0 V=0.359 hf=0.00 agg=0.00 <c>=0.500 sd=0.323 rass=0.000
t=  3300 V=0.545 hf=1.00 agg=0.92 <c>=0.445 sd=0.313 rass=0.015
t=  6600 V=0.376 hf=0.00 agg=0.00 <c>=0.560 sd=0.314 rass=0.469
t=  9900 V=0.502 hf=1.00 agg=0.91 <c>=0.579 sd=0.290 rass=0.042
t= 13200 V=0.366 hf=1.00 agg=0.91 <c>=0.599 sd=0.268 rass=0.041
t= 16500 V=0.557 hf=1.00 agg=0.54 <c>=0.453 sd=0.257 rass=0.038
t= 19800 V=0.417 hf=0.99 agg=0.93 <c>=0.434 sd=0.238 rass=0.026
t= 23100 V=0.337 hf=0.15 agg=0.00 <c>=0.430 sd=0.246 rass=0.061
t= 26400 V=0.436 hf=0.85 agg=0.86 <c>=0.421 sd=0.244 rass=0.010
t= 29700 V=0.448 hf=0.85 agg=0.87 <c>=0.420 sd=0.245 rass=0.005
t= 33000 V=0.493 hf=0.85 agg=0.91 <c>=0.409 sd=0.241 rass=0.004
t= 36300 V=0.501 hf=0.85 agg=0.92 <c>=0.402 sd=0.240 rass=0.004
t= 39600 V=0.504 hf=0.85 agg=0.92 <c>=0.397 sd=0.240 rass=0.004
t= 42900 V=0.509 hf=0.85 agg=0.92 <c>=0.392 sd=0.240 rass=0.005
t= 46200 V=0.510 hf=0.86 agg=0.92 <c>=0.389 sd=0.240 rass=0.007
t= 49500 V=0.507 hf=0.86 agg=0.92 <c>=0.387 sd=0.241 rass=0.008
t= 52800 V=0.499 hf=0.86 agg=0.92 <c>=0.387 sd=0.243 rass=0.008
t= 56100 V=0.527 hf=0.84 agg=0.90 <c>=0.382 sd=0.242 rass=0.011
t= 59400 V=0.519 hf=0.85 agg=0.92 <c>=0.376 sd=0.241 rass=0.015
t= 62700 V=0.515 hf=0.85 agg=0.92 <c>=0.375 sd=0.242 rass=0.015
t= 66000 V=0.513 hf=0.85 agg=0.92 <c>=0.374 sd=0.244 rass=0.016
t= 69300 V=0.504 hf=0.87 agg=0.93 <c>=0.372 sd=0.244 rass=0.019
t= 72600 V=0.552 hf=0.82 agg=0.90 <c>=0.378 sd=0.248 rass=0.014
t= 75900 V=0.513 hf=0.84 agg=0.92 <c>=0.383 sd=0.253 rass=0.009
t= 79200 V=0.502 hf=0.84 agg=0.93 <c>=0.385 sd=0.255 rass=0.001
t= 82500 V=0.497 hf=0.84 agg=0.93 <c>=0.384 sd=0.256 rass=0.001
t= 85800 V=0.493 hf=0.83 agg=0.93 <c>=0.382 sd=0.257 rass=0.003
t= 89100 V=0.524 hf=0.84 agg=0.91 <c>=0.380 sd=0.258 rass=0.002
t= 92400 V=0.521 hf=0.84 agg=0.91 <c>=0.380 sd=0.258 rass=0.001
t= 95700 V=0.520 hf=0.84 agg=0.92 <c>=0.379 sd=0.259 rass=0.001
t= 99000 V=0.516 hf=0.84 agg=0.92 <c>=0.380 sd=0.261 rass=0.001
EQ: c*=0.380 sd*=0.251 (last-half medians)
