mid4_s2 ok=True why= t=150000 wall=321s
t=     0 V=0.359 hf=0.00 agg=0.00 <c>=0.500 sd=0.316 rass=0.000
t=  5000 V=0.483 hf=1.00 agg=0.91 <c>=0.510 sd=0.348 rass=0.012
t= 10000 V=0.358 hf=1.00 agg=0.93 <c>=0.429 sd=0.316 rass=0.021
t= 15000 V=0.301 hf=1.00 agg=0.93 <c>=0.278 sd=0.275 rass=0.011
t= 20000 V=0.517 hf=1.00 agg=0.62 <c>=0.252 sd=0.226 rass=0.114
t= 25000 V=0.497 hf=0.84 agg=0.87 <c>=0.362 sd=0.200 rass=0.000
t= 30000 V=0.436 hf=0.84 agg=0.88 <c>=0.347 sd=0.207 rass=0.002
t= 35000 V=0.429 hf=0.85 agg=0.89 <c>=0.344 sd=0.212 rass=0.004
t= 40000 V=0.425 hf=0.86 agg=0.90 <c>=0.342 sd=0.215 rass=0.001
t= 45000 V=0.425 hf=0.86 agg=0.91 <c>=0.341 sd=0.219 rass=0.001
t= 50000 V=0.411 hf=0.86 agg=0.88 <c>=0.339 sd=0.223 rass=0.002
t= 55000 V=0.423 hf=0.86 agg=0.84 <c>=0.328 sd=0.229 rass=0.010
t= 60000 V=0.408 hf=0.88 agg=0.92 <c>=0.315 sd=0.233 rass=0.031
t= 65000 V=0.419 hf=0.86 agg=0.91 <c>=0.276 sd=0.238 rass=0.088
t= 70000 V=0.436 hf=0.87 agg=0.90 <c>=0.281 sd=0.241 rass=0.057
t= 75000 V=0.434 hf=0.87 agg=0.90 <c>=0.292 sd=0.243 rass=0.036
t= 80000 V=0.412 hf=0.87 agg=0.90 <c>=0.303 sd=0.245 rass=0.028
t= 85000 V=0.407 hf=0.87 agg=0.90 <c>=0.311 sd=0.247 rass=0.022
t= 90000 V=0.404 hf=0.87 agg=0.90 <c>=0.315 sd=0.248 rass=0.023
t= 95000 V=0.437 hf=0.85 agg=0.89 <c>=0.329 sd=0.250 rass=0.006
t=100000 V=0.440 hf=0.86 agg=0.90 <c>=0.334 sd=0.252 rass=0.003
t=105000 V=0.442 hf=0.86 agg=0.90 <c>=0.338 sd=0.253 rass=0.002
t=110000 V=0.435 hf=0.86 agg=0.90 <c>=0.339 sd=0.255 rass=0.002
t=115000 V=0.421 hf=0.87 agg=0.90 <c>=0.339 sd=0.257 rass=0.002
t=120000 V=0.412 hf=0.87 agg=0.91 <c>=0.335 sd=0.258 rass=0.006
t=125000 V=0.403 hf=0.87 agg=0.91 <c>=0.326 sd=0.258 rass=0.020
t=130000 V=0.436 hf=0.86 agg=0.89 <c>=0.333 sd=0.263 rass=0.011
t=135000 V=0.421 hf=0.86 agg=0.89 <c>=0.339 sd=0.266 rass=0.005
t=140000 V=0.455 hf=0.84 agg=0.89 <c>=0.348 sd=0.268 rass=0.002
t=145000 V=0.457 hf=0.84 agg=0.89 <c>=0.350 sd=0.269 rass=0.002
EQ: c*=0.335 sd*=0.256 (last-half medians)
