mid4_s1 ok=True why= t=150000 wall=319s
t=     0 V=0.360 hf=0.00 agg=0.00 <c>=0.500 sd=0.316 rass=0.000
t=  5000 V=0.484 hf=1.00 agg=0.90 <c>=0.442 sd=0.306 rass=0.034
t= 10000 V=0.354 hf=1.00 agg=0.91 <c>=0.378 sd=0.334 rass=0.042
t= 15000 V=0.283 hf=1.00 agg=0.94 <c>=0.159 sd=0.156 rass=0.012
t= 20000 V=0.539 hf=0.82 agg=0.33 <c>=0.163 sd=0.146 rass=0.082
t= 25000 V=0.448 hf=0.99 agg=0.85 <c>=0.137 sd=0.116 rass=0.014
t= 30000 V=0.412 hf=0.99 agg=0.91 <c>=0.156 sd=0.140 rass=0.001
t= 35000 V=0.360 hf=0.99 agg=0.92 <c>=0.120 sd=0.094 rass=0.000
t= 40000 V=0.320 hf=0.99 agg=0.94 <c>=0.116 sd=0.090 rass=0.000
t= 45000 V=0.277 hf=0.00 agg=0.00 <c>=0.100 sd=0.007 rass=0.002
t= 50000 V=0.464 hf=1.00 agg=0.58 <c>=0.100 sd=0.013 rass=0.000
t= 55000 V=0.373 hf=1.00 agg=0.82 <c>=0.100 sd=0.012 rass=0.000
t= 60000 V=0.328 hf=1.00 agg=0.90 <c>=0.100 sd=0.010 rass=0.000
t= 65000 V=0.276 hf=1.00 agg=0.92 <c>=0.100 sd=0.011 rass=0.000
t= 70000 V=0.257 hf=0.00 agg=0.00 <c>=0.100 sd=0.004 rass=0.000
t= 75000 V=0.460 hf=1.00 agg=0.49 <c>=0.100 sd=0.012 rass=0.000
t= 80000 V=0.378 hf=1.00 agg=0.84 <c>=0.100 sd=0.011 rass=0.000
t= 85000 V=0.325 hf=1.00 agg=0.90 <c>=0.100 sd=0.011 rass=0.000
t= 90000 V=0.297 hf=1.00 agg=0.93 <c>=0.102 sd=0.017 rass=0.000
t= 95000 V=0.277 hf=0.00 agg=0.00 <c>=0.100 sd=0.004 rass=0.000
t=100000 V=0.465 hf=1.00 agg=0.40 <c>=0.100 sd=0.012 rass=0.000
t=105000 V=0.395 hf=0.99 agg=0.85 <c>=0.109 sd=0.031 rass=0.000
t=110000 V=0.369 hf=1.00 agg=0.91 <c>=0.149 sd=0.051 rass=0.018
t=115000 V=0.350 hf=0.99 agg=0.93 <c>=0.144 sd=0.051 rass=0.008
t=120000 V=0.318 hf=0.99 agg=0.94 <c>=0.130 sd=0.048 rass=0.003
t=125000 V=0.406 hf=0.03 agg=0.02 <c>=0.112 sd=0.033 rass=0.037
t=130000 V=0.462 hf=0.99 agg=0.68 <c>=0.109 sd=0.031 rass=0.010
t=135000 V=0.395 hf=0.99 agg=0.87 <c>=0.104 sd=0.022 rass=0.001
t=140000 V=0.343 hf=1.00 agg=0.91 <c>=0.100 sd=0.012 rass=0.000
t=145000 V=0.304 hf=1.00 agg=0.93 <c>=0.098 sd=0.017 rass=0.000
EQ: c*=0.102 sd*=0.018 (last-half medians)
