eq_hicost ok=True why= t=150000 wall=335s
t=     0 V=0.359 hf=0.00 agg=0.00 <c>=0.500 sd=0.316 rass=0.000
t=  5000 V=0.406 hf=1.00 agg=0.77 <c>=0.344 sd=0.303 rass=0.002
t= 10000 V=0.299 hf=1.00 agg=0.65 <c>=0.220 sd=0.228 rass=0.010
t= 15000 V=0.169 hf=1.00 agg=0.01 <c>=0.166 sd=0.228 rass=0.000
t= 20000 V=0.148 hf=1.00 agg=0.01 <c>=0.167 sd=0.228 rass=0.000
t= 25000 V=0.135 hf=1.00 agg=0.01 <c>=0.167 sd=0.228 rass=0.000
t= 30000 V=0.122 hf=1.00 agg=0.01 <c>=0.168 sd=0.227 rass=0.000
t= 35000 V=0.111 hf=1.00 agg=0.01 <c>=0.169 sd=0.227 rass=0.000
t= 40000 V=0.101 hf=1.00 agg=0.00 <c>=0.169 sd=0.227 rass=0.000
t= 45000 V=0.091 hf=1.00 agg=0.00 <c>=0.170 sd=0.227 rass=0.000
t= 50000 V=0.083 hf=1.00 agg=0.00 <c>=0.170 sd=0.226 rass=0.000
t= 55000 V=0.075 hf=1.00 agg=0.00 <c>=0.171 sd=0.226 rass=0.000
t= 60000 V=0.068 hf=1.00 agg=0.00 <c>=0.171 sd=0.226 rass=0.000
t= 65000 V=0.062 hf=1.00 agg=0.00 <c>=0.172 sd=0.226 rass=0.000
t= 70000 V=0.056 hf=1.00 agg=0.00 <c>=0.173 sd=0.225 rass=0.000
t= 75000 V=0.051 hf=1.00 agg=0.00 <c>=0.173 sd=0.225 rass=0.000
t= 80000 V=0.046 hf=1.00 agg=0.00 <c>=0.174 sd=0.225 rass=0.000
t= 85000 V=0.043 hf=0.00 agg=0.00 <c>=0.174 sd=0.225 rass=0.000
t= 90000 V=0.042 hf=0.00 agg=0.00 <c>=0.175 sd=0.225 rass=0.000
t= 95000 V=0.042 hf=0.00 agg=0.00 <c>=0.175 sd=0.225 rass=0.000
t=100000 V=0.041 hf=0.00 agg=0.00 <c>=0.176 sd=0.224 rass=0.000
t=105000 V=0.041 hf=0.00 agg=0.00 <c>=0.176 sd=0.224 rass=0.000
t=110000 V=0.071 hf=0.00 agg=0.00 <c>=0.177 sd=0.224 rass=0.000
t=115000 V=0.214 hf=0.00 agg=0.00 <c>=0.177 sd=0.224 rass=0.000
t=120000 V=0.359 hf=0.00 agg=0.00 <c>=0.178 sd=0.224 rass=0.000
t=125000 V=0.327 hf=1.00 agg=0.05 <c>=0.178 sd=0.224 rass=0.000
t=130000 V=0.297 hf=1.00 agg=0.04 <c>=0.179 sd=0.223 rass=0.000
t=135000 V=0.271 hf=1.00 agg=0.03 <c>=0.179 sd=0.223 rass=0.000
t=140000 V=0.246 hf=1.00 agg=0.03 <c>=0.180 sd=0.223 rass=0.000
t=145000 V=0.224 hf=1.00 agg=0.02 <c>=0.180 sd=0.223 rass=0.000
EQ: c*=0.177 sd*=0.224 (last-half medians)
