mid1 ok=True why= t=150000 wall=402s
t=     0 V=0.359 hf=0.00 agg=0.00 <c>=0.500 sd=0.316 rass=0.000
t=  5000 V=0.552 hf=1.00 agg=0.90 <c>=0.409 sd=0.339 rass=0.006
t= 10000 V=0.433 hf=1.00 agg=0.90 <c>=0.230 sd=0.281 rass=0.001
t= 15000 V=0.360 hf=1.00 agg=0.90 <c>=0.222 sd=0.200 rass=0.002
t= 20000 V=0.321 hf=1.00 agg=0.89 <c>=0.228 sd=0.227 rass=0.002
t= 25000 V=0.309 hf=1.00 agg=0.92 <c>=0.260 sd=0.278 rass=0.006
t= 30000 V=0.262 hf=0.00 agg=0.00 <c>=0.215 sd=0.153 rass=0.250
t= 35000 V=0.231 hf=0.00 agg=0.00 <c>=0.202 sd=0.150 rass=0.019
t= 40000 V=0.441 hf=1.00 agg=0.08 <c>=0.214 sd=0.127 rass=0.036
t= 45000 V=0.381 hf=1.00 agg=0.79 <c>=0.252 sd=0.076 rass=0.004
t= 50000 V=0.388 hf=1.00 agg=0.90 <c>=0.281 sd=0.041 rass=0.013
t= 55000 V=0.369 hf=1.00 agg=0.92 <c>=0.278 sd=0.043 rass=0.005
t= 60000 V=0.343 hf=1.00 agg=0.92 <c>=0.273 sd=0.051 rass=0.006
t= 65000 V=0.319 hf=1.00 agg=0.91 <c>=0.271 sd=0.050 rass=0.007
t= 70000 V=0.295 hf=0.00 agg=0.00 <c>=0.245 sd=0.054 rass=0.063
t= 75000 V=0.293 hf=0.00 agg=0.00 <c>=0.221 sd=0.041 rass=0.019
t= 80000 V=0.444 hf=1.00 agg=0.46 <c>=0.225 sd=0.044 rass=0.009
t= 85000 V=0.365 hf=1.00 agg=0.80 <c>=0.213 sd=0.035 rass=0.001
t= 90000 V=0.291 hf=1.00 agg=0.80 <c>=0.208 sd=0.038 rass=0.005
t= 95000 V=0.258 hf=1.00 agg=0.80 <c>=0.210 sd=0.036 rass=0.004
t=100000 V=0.095 hf=1.00 agg=0.00 <c>=0.209 sd=0.032 rass=0.003
t=105000 V=0.066 hf=1.00 agg=0.00 <c>=0.209 sd=0.038 rass=0.000
t=110000 V=0.060 hf=1.00 agg=0.00 <c>=0.209 sd=0.043 rass=0.000
t=115000 V=0.054 hf=1.00 agg=0.00 <c>=0.209 sd=0.048 rass=0.000
t=120000 V=0.049 hf=1.00 agg=0.00 <c>=0.209 sd=0.053 rass=0.000
t=125000 V=0.045 hf=1.00 agg=0.00 <c>=0.209 sd=0.056 rass=0.000
t=130000 V=0.042 hf=0.00 agg=0.00 <c>=0.209 sd=0.060 rass=0.000
t=135000 V=0.042 hf=0.00 agg=0.00 <c>=0.209 sd=0.064 rass=0.000
t=140000 V=0.042 hf=0.00 agg=0.00 <c>=0.209 sd=0.067 rass=0.000
t=145000 V=0.041 hf=0.00 agg=0.00 <c>=0.209 sd=0.070 rass=0.000
EQ: c*=0.209 sd*=0.046 (last-half medians)
