M2lo_s1 ok=True why= t=60000 wall=257s
t=     0 V=0.360 hf=0.00 agg=0.00 <c>=0.500 sd=0.323 rass=0.000
t=  2000 V=0.502 hf=0.00 agg=0.00 <c>=0.463 sd=0.345 rass=0.089
t=  4000 V=0.462 hf=1.00 agg=0.93 <c>=0.456 sd=0.344 rass=0.009
t=  6000 V=0.453 hf=1.00 agg=0.93 <c>=0.521 sd=0.315 rass=0.010
t=  8000 V=0.458 hf=1.00 agg=0.93 <c>=0.581 sd=0.325 rass=0.044
t= 10000 V=0.473 hf=1.00 agg=0.94 <c>=0.611 sd=0.294 rass=0.045
t= 12000 V=0.492 hf=1.00 agg=0.93 <c>=0.465 sd=0.342 rass=0.042
t= 14000 V=0.514 hf=1.00 agg=0.92 <c>=0.494 sd=0.324 rass=0.040
t= 16000 V=0.541 hf=1.00 agg=0.89 <c>=0.394 sd=0.358 rass=0.016
t= 18000 V=0.578 hf=1.00 agg=0.60 <c>=0.490 sd=0.393 rass=0.041
t= 20000 V=0.347 hf=0.00 agg=0.00 <c>=0.494 sd=0.357 rass=0.042
t= 22000 V=0.351 hf=0.00 agg=0.00 <c>=0.502 sd=0.310 rass=0.437
t= 24000 V=0.367 hf=1.00 agg=0.92 <c>=0.498 sd=0.309 rass=0.043
t= 26000 V=0.392 hf=1.00 agg=0.92 <c>=0.429 sd=0.353 rass=0.039
t= 28000 V=0.418 hf=1.00 agg=0.92 <c>=0.465 sd=0.396 rass=0.024
t= 30000 V=0.447 hf=1.00 agg=0.94 <c>=0.533 sd=0.359 rass=0.035
t= 32000 V=0.477 hf=1.00 agg=0.92 <c>=0.783 sd=0.335 rass=0.025
t= 34000 V=0.507 hf=1.00 agg=0.92 <c>=0.713 sd=0.336 rass=0.014
t= 36000 V=0.547 hf=1.00 agg=0.88 <c>=0.739 sd=0.320 rass=0.037
t= 38000 V=0.611 hf=1.00 agg=0.17 <c>=0.793 sd=0.301 rass=0.016
t= 40000 V=0.338 hf=0.00 agg=0.00 <c>=0.791 sd=0.296 rass=0.113
t= 42000 V=0.353 hf=1.00 agg=0.94 <c>=0.786 sd=0.297 rass=0.015
t= 44000 V=0.375 hf=1.00 agg=0.93 <c>=0.923 sd=0.205 rass=0.005
t= 46000 V=0.401 hf=1.00 agg=0.92 <c>=0.790 sd=0.295 rass=0.033
t= 48000 V=0.427 hf=1.00 agg=0.92 <c>=0.782 sd=0.298 rass=0.066
t= 50000 V=0.455 hf=1.00 agg=0.93 <c>=0.861 sd=0.260 rass=0.024
t= 52000 V=0.489 hf=1.00 agg=0.93 <c>=0.858 sd=0.261 rass=0.022
t= 54000 V=0.518 hf=1.00 agg=0.91 <c>=0.827 sd=0.280 rass=0.042
t= 56000 V=0.560 hf=1.00 agg=0.85 <c>=0.931 sd=0.195 rass=0.029
t= 58000 V=0.339 hf=0.00 agg=0.00 <c>=0.929 sd=0.199 rass=0.033
EQ: c*=0.792 sd*=0.295 (last-half medians)
