M2hi_s0 ok=True why= t=60000 wall=259s
t=     0 V=0.359 hf=0.00 agg=0.00 <c>=0.500 sd=0.323 rass=0.000
t=  2000 V=0.447 hf=0.00 agg=0.00 <c>=0.535 sd=0.342 rass=0.132
t=  4000 V=0.388 hf=1.00 agg=0.93 <c>=0.505 sd=0.343 rass=0.005
t=  6000 V=0.368 hf=1.00 agg=0.92 <c>=0.502 sd=0.318 rass=0.018
t=  8000 V=0.367 hf=1.00 agg=0.92 <c>=0.514 sd=0.354 rass=0.011
t= 10000 V=0.382 hf=1.00 agg=0.91 <c>=0.525 sd=0.295 rass=0.033
t= 12000 V=0.401 hf=1.00 agg=0.90 <c>=0.512 sd=0.257 rass=0.044
t= 14000 V=0.430 hf=1.00 agg=0.89 <c>=0.512 sd=0.268 rass=0.050
t= 16000 V=0.459 hf=1.00 agg=0.86 <c>=0.499 sd=0.242 rass=0.016
t= 18000 V=0.535 hf=1.00 agg=0.13 <c>=0.361 sd=0.209 rass=0.026
t= 20000 V=0.266 hf=0.00 agg=0.00 <c>=0.348 sd=0.173 rass=0.172
t= 22000 V=0.278 hf=1.00 agg=0.91 <c>=0.342 sd=0.170 rass=0.051
t= 24000 V=0.305 hf=1.00 agg=0.89 <c>=0.321 sd=0.184 rass=0.074
t= 26000 V=0.325 hf=1.00 agg=0.89 <c>=0.321 sd=0.157 rass=0.018
t= 28000 V=0.346 hf=1.00 agg=0.91 <c>=0.276 sd=0.147 rass=0.042
t= 30000 V=0.350 hf=1.00 agg=0.87 <c>=0.208 sd=0.124 rass=0.054
t= 32000 V=0.356 hf=1.00 agg=0.79 <c>=0.185 sd=0.113 rass=0.008
t= 34000 V=0.397 hf=1.00 agg=0.55 <c>=0.197 sd=0.114 rass=0.060
t= 36000 V=0.493 hf=0.81 agg=0.12 <c>=0.208 sd=0.118 rass=0.032
t= 38000 V=0.243 hf=0.00 agg=0.00 <c>=0.206 sd=0.117 rass=0.103
t= 40000 V=0.263 hf=1.00 agg=0.92 <c>=0.202 sd=0.116 rass=0.022
t= 42000 V=0.287 hf=1.00 agg=0.92 <c>=0.177 sd=0.102 rass=0.038
t= 44000 V=0.319 hf=1.00 agg=0.94 <c>=0.200 sd=0.115 rass=0.027
t= 46000 V=0.312 hf=1.00 agg=0.91 <c>=0.154 sd=0.082 rass=0.033
t= 48000 V=0.240 hf=1.00 agg=0.03 <c>=0.126 sd=0.019 rass=0.000
t= 50000 V=0.238 hf=1.00 agg=0.02 <c>=0.126 sd=0.025 rass=0.000
t= 52000 V=0.339 hf=1.00 agg=0.05 <c>=0.126 sd=0.031 rass=0.000
t= 54000 V=0.041 hf=0.00 agg=0.00 <c>=0.126 sd=0.031 rass=0.000
t= 56000 V=0.052 hf=1.00 agg=0.00 <c>=0.126 sd=0.036 rass=0.000
t= 58000 V=0.078 hf=1.00 agg=0.00 <c>=0.126 sd=0.040 rass=0.000
EQ: c*=0.154 sd*=0.082 (last-half medians)
