Glc004_s1 ok=True why= t=100000 wall=254s
t=     0 V=0.360 hf=0.00 agg=0.00 <c>=0.500 sd=0.323 rass=0.000
t=  3300 V=0.420 hf=1.00 agg=0.90 <c>=0.421 sd=0.306 rass=0.004
t=  6600 V=0.256 hf=0.00 agg=0.00 <c>=0.376 sd=0.375 rass=0.320
t=  9900 V=0.326 hf=1.00 agg=0.89 <c>=0.184 sd=0.345 rass=0.006
t= 13200 V=0.200 hf=0.00 agg=0.00 <c>=0.009 sd=0.071 rass=0.045
t= 16500 V=0.190 hf=1.00 agg=0.02 <c>=0.012 sd=0.077 rass=0.001
t= 19800 V=0.062 hf=1.00 agg=0.00 <c>=0.013 sd=0.078 rass=0.000
t= 23100 V=0.315 hf=1.00 agg=0.04 <c>=0.015 sd=0.079 rass=0.000
t= 26400 V=0.108 hf=1.00 agg=0.01 <c>=0.017 sd=0.080 rass=0.000
t= 29700 V=0.041 hf=0.00 agg=0.00 <c>=0.018 sd=0.081 rass=0.000
t= 33000 V=0.188 hf=1.00 agg=0.02 <c>=0.020 sd=0.082 rass=0.000
t= 36300 V=0.064 hf=1.00 agg=0.00 <c>=0.021 sd=0.083 rass=0.000
t= 39600 V=0.325 hf=1.00 agg=0.04 <c>=0.024 sd=0.084 rass=0.000
t= 42900 V=0.111 hf=1.00 agg=0.01 <c>=0.025 sd=0.085 rass=0.000
t= 46200 V=0.041 hf=0.00 agg=0.00 <c>=0.026 sd=0.086 rass=0.000
t= 49500 V=0.194 hf=1.00 agg=0.02 <c>=0.028 sd=0.087 rass=0.000
t= 52800 V=0.066 hf=1.00 agg=0.00 <c>=0.029 sd=0.088 rass=0.000
t= 56100 V=0.335 hf=1.00 agg=0.05 <c>=0.031 sd=0.089 rass=0.000
t= 59400 V=0.115 hf=1.00 agg=0.01 <c>=0.032 sd=0.090 rass=0.000
t= 62700 V=0.041 hf=0.00 agg=0.00 <c>=0.034 sd=0.090 rass=0.000
t= 66000 V=0.200 hf=1.00 agg=0.02 <c>=0.036 sd=0.092 rass=0.000
t= 69300 V=0.068 hf=1.00 agg=0.00 <c>=0.037 sd=0.092 rass=0.000
t= 72600 V=0.345 hf=1.00 agg=0.05 <c>=0.039 sd=0.094 rass=0.000
t= 75900 V=0.118 hf=1.00 agg=0.01 <c>=0.040 sd=0.094 rass=0.000
t= 79200 V=0.041 hf=0.00 agg=0.00 <c>=0.041 sd=0.095 rass=0.000
t= 82500 V=0.206 hf=1.00 agg=0.02 <c>=0.043 sd=0.096 rass=0.000
t= 85800 V=0.070 hf=1.00 agg=0.00 <c>=0.044 sd=0.096 rass=0.000
t= 89100 V=0.334 hf=0.00 agg=0.00 <c>=0.046 sd=0.098 rass=0.000
t= 92400 V=0.122 hf=1.00 agg=0.01 <c>=0.047 sd=0.098 rass=0.000
t= 95700 V=0.042 hf=0.00 agg=0.00 <c>=0.047 sd=0.099 rass=0.000
t= 99000 V=0.213 hf=1.00 agg=0.02 <c>=0.049 sd=0.100 rass=0.000
EQ: c*=0.040 sd*=0.094 (last-half medians)
