R_lc002_s2 ok=True why= t=100000 wall=152s
t=     0 V=0.359 hf=0.00 agg=0.00 <c>=0.500 sd=0.323 rass=0.000
t=  3300 V=0.488 hf=1.00 agg=0.92 <c>=0.407 sd=0.312 rass=0.031
t=  6600 V=0.330 hf=0.00 agg=0.00 <c>=0.385 sd=0.330 rass=0.102
t=  9900 V=0.403 hf=1.00 agg=0.92 <c>=0.447 sd=0.340 rass=0.022
t= 13200 V=0.283 hf=0.00 agg=0.00 <c>=0.588 sd=0.334 rass=0.062
t= 16500 V=0.387 hf=1.00 agg=0.90 <c>=0.560 sd=0.338 rass=0.019
t= 19800 V=0.269 hf=1.00 agg=0.92 <c>=0.540 sd=0.314 rass=0.012
t= 23100 V=0.400 hf=1.00 agg=0.91 <c>=0.458 sd=0.310 rass=0.031
t= 26400 V=0.280 hf=1.00 agg=0.91 <c>=0.476 sd=0.325 rass=0.027
t= 29700 V=0.422 hf=1.00 agg=0.90 <c>=0.387 sd=0.337 rass=0.017
t= 33000 V=0.301 hf=1.00 agg=0.88 <c>=0.381 sd=0.333 rass=0.023
t= 36300 V=0.443 hf=1.00 agg=0.85 <c>=0.318 sd=0.318 rass=0.028
t= 39600 V=0.308 hf=1.00 agg=0.92 <c>=0.187 sd=0.207 rass=0.010
t= 42900 V=0.464 hf=1.00 agg=0.65 <c>=0.293 sd=0.313 rass=0.084
t= 46200 V=0.295 hf=1.00 agg=0.92 <c>=0.130 sd=0.063 rass=0.000
t= 49500 V=0.320 hf=0.00 agg=0.00 <c>=0.125 sd=0.024 rass=0.000
t= 52800 V=0.126 hf=1.00 agg=0.01 <c>=0.125 sd=0.030 rass=0.000
t= 56100 V=0.042 hf=1.00 agg=0.00 <c>=0.125 sd=0.035 rass=0.000
t= 59400 V=0.218 hf=1.00 agg=0.02 <c>=0.125 sd=0.043 rass=0.000
t= 62700 V=0.074 hf=1.00 agg=0.00 <c>=0.125 sd=0.047 rass=0.000
t= 66000 V=0.256 hf=0.00 agg=0.00 <c>=0.126 sd=0.052 rass=0.000
t= 69300 V=0.129 hf=1.00 agg=0.01 <c>=0.126 sd=0.056 rass=0.000
t= 72600 V=0.044 hf=1.00 agg=0.00 <c>=0.126 sd=0.058 rass=0.000
t= 75900 V=0.225 hf=1.00 agg=0.02 <c>=0.126 sd=0.063 rass=0.000
t= 79200 V=0.076 hf=1.00 agg=0.00 <c>=0.126 sd=0.065 rass=0.000
t= 82500 V=0.203 hf=0.00 agg=0.00 <c>=0.127 sd=0.069 rass=0.000
t= 85800 V=0.133 hf=1.00 agg=0.01 <c>=0.127 sd=0.071 rass=0.000
t= 89100 V=0.045 hf=1.00 agg=0.00 <c>=0.127 sd=0.073 rass=0.000
t= 92400 V=0.232 hf=1.00 agg=0.02 <c>=0.127 sd=0.076 rass=0.000
t= 95700 V=0.079 hf=1.00 agg=0.00 <c>=0.128 sd=0.078 rass=0.000
t= 99000 V=0.151 hf=0.00 agg=0.00 <c>=0.128 sd=0.081 rass=0.000
EQ: c*=0.126 sd*=0.061 (last-half medians)
