R_lc003_s2 ok=True why= t=60000 wall=100s
t=     0 V=0.359 hf=0.00 agg=0.00 <c>=0.500 sd=0.323 rass=0.000
t=  2000 V=0.421 hf=0.00 agg=0.00 <c>=0.421 sd=0.290 rass=0.178
t=  4000 V=0.359 hf=1.00 agg=0.93 <c>=0.390 sd=0.285 rass=0.030
t=  6000 V=0.338 hf=1.00 agg=0.90 <c>=0.379 sd=0.277 rass=0.023
t=  8000 V=0.338 hf=1.00 agg=0.91 <c>=0.407 sd=0.282 rass=0.045
t= 10000 V=0.343 hf=1.00 agg=0.91 <c>=0.297 sd=0.301 rass=0.024
t= 12000 V=0.364 hf=1.00 agg=0.90 <c>=0.223 sd=0.334 rass=0.022
t= 14000 V=0.328 hf=1.00 agg=0.06 <c>=0.076 sd=0.176 rass=0.003
t= 16000 V=0.318 hf=1.00 agg=0.04 <c>=0.077 sd=0.176 rass=0.001
t= 18000 V=0.043 hf=0.00 agg=0.00 <c>=0.077 sd=0.176 rass=0.000
t= 20000 V=0.046 hf=1.00 agg=0.00 <c>=0.078 sd=0.176 rass=0.000
t= 22000 V=0.069 hf=1.00 agg=0.00 <c>=0.079 sd=0.176 rass=0.000
t= 24000 V=0.105 hf=1.00 agg=0.00 <c>=0.080 sd=0.176 rass=0.000
t= 26000 V=0.160 hf=1.00 agg=0.01 <c>=0.081 sd=0.176 rass=0.000
t= 28000 V=0.241 hf=1.00 agg=0.03 <c>=0.081 sd=0.177 rass=0.000
t= 30000 V=0.313 hf=0.00 agg=0.00 <c>=0.082 sd=0.177 rass=0.000
t= 32000 V=0.041 hf=0.00 agg=0.00 <c>=0.082 sd=0.177 rass=0.000
t= 34000 V=0.055 hf=1.00 agg=0.00 <c>=0.083 sd=0.177 rass=0.000
t= 36000 V=0.084 hf=1.00 agg=0.00 <c>=0.084 sd=0.177 rass=0.000
t= 38000 V=0.128 hf=1.00 agg=0.01 <c>=0.085 sd=0.177 rass=0.000
t= 40000 V=0.193 hf=1.00 agg=0.02 <c>=0.086 sd=0.177 rass=0.000
t= 42000 V=0.291 hf=1.00 agg=0.04 <c>=0.087 sd=0.177 rass=0.000
t= 44000 V=0.048 hf=0.00 agg=0.00 <c>=0.087 sd=0.177 rass=0.000
t= 46000 V=0.044 hf=1.00 agg=0.00 <c>=0.088 sd=0.177 rass=0.000
t= 48000 V=0.067 hf=1.00 agg=0.00 <c>=0.088 sd=0.177 rass=0.000
t= 50000 V=0.102 hf=1.00 agg=0.00 <c>=0.089 sd=0.178 rass=0.000
t= 52000 V=0.154 hf=1.00 agg=0.01 <c>=0.090 sd=0.178 rass=0.000
t= 54000 V=0.233 hf=1.00 agg=0.02 <c>=0.091 sd=0.178 rass=0.000
t= 56000 V=0.350 hf=1.00 agg=0.05 <c>=0.092 sd=0.178 rass=0.000
t= 58000 V=0.041 hf=0.00 agg=0.00 <c>=0.092 sd=0.178 rass=0.000
EQ: c*=0.088 sd*=0.177 (last-half medians)
