R_lc003_s1 ok=True why= t=60000 wall=100s
t=     0 V=0.360 hf=0.00 agg=0.00 <c>=0.500 sd=0.323 rass=0.000
t=  2000 V=0.422 hf=0.00 agg=0.00 <c>=0.415 sd=0.316 rass=0.192
t=  4000 V=0.363 hf=1.00 agg=0.93 <c>=0.379 sd=0.311 rass=0.007
t=  6000 V=0.346 hf=1.00 agg=0.92 <c>=0.388 sd=0.338 rass=0.030
t=  8000 V=0.351 hf=1.00 agg=0.92 <c>=0.304 sd=0.294 rass=0.015
t= 10000 V=0.365 hf=1.00 agg=0.92 <c>=0.346 sd=0.291 rass=0.051
t= 12000 V=0.384 hf=1.00 agg=0.88 <c>=0.308 sd=0.283 rass=0.034
t= 14000 V=0.378 hf=1.00 agg=0.76 <c>=0.201 sd=0.229 rass=0.024
t= 16000 V=0.410 hf=1.00 agg=0.08 <c>=0.125 sd=0.186 rass=0.011
t= 18000 V=0.204 hf=0.00 agg=0.00 <c>=0.125 sd=0.186 rass=0.002
t= 20000 V=0.044 hf=0.00 agg=0.00 <c>=0.125 sd=0.186 rass=0.001
t= 22000 V=0.060 hf=1.00 agg=0.00 <c>=0.126 sd=0.186 rass=0.000
t= 24000 V=0.090 hf=1.00 agg=0.00 <c>=0.126 sd=0.186 rass=0.000
t= 26000 V=0.137 hf=1.00 agg=0.01 <c>=0.127 sd=0.187 rass=0.000
t= 28000 V=0.207 hf=1.00 agg=0.02 <c>=0.127 sd=0.187 rass=0.000
t= 30000 V=0.312 hf=1.00 agg=0.04 <c>=0.128 sd=0.187 rass=0.000
t= 32000 V=0.041 hf=0.00 agg=0.00 <c>=0.128 sd=0.187 rass=0.000
t= 34000 V=0.048 hf=1.00 agg=0.00 <c>=0.128 sd=0.187 rass=0.000
t= 36000 V=0.072 hf=1.00 agg=0.00 <c>=0.129 sd=0.187 rass=0.000
t= 38000 V=0.110 hf=1.00 agg=0.01 <c>=0.130 sd=0.188 rass=0.000
t= 40000 V=0.166 hf=1.00 agg=0.01 <c>=0.130 sd=0.188 rass=0.000
t= 42000 V=0.251 hf=1.00 agg=0.03 <c>=0.131 sd=0.188 rass=0.000
t= 44000 V=0.254 hf=0.00 agg=0.00 <c>=0.131 sd=0.188 rass=0.000
t= 46000 V=0.041 hf=0.00 agg=0.00 <c>=0.131 sd=0.188 rass=0.000
t= 48000 V=0.058 hf=1.00 agg=0.00 <c>=0.132 sd=0.189 rass=0.000
t= 50000 V=0.087 hf=1.00 agg=0.00 <c>=0.133 sd=0.189 rass=0.000
t= 52000 V=0.133 hf=1.00 agg=0.01 <c>=0.133 sd=0.189 rass=0.000
t= 54000 V=0.201 hf=1.00 agg=0.02 <c>=0.134 sd=0.189 rass=0.000
t= 56000 V=0.302 hf=1.00 agg=0.04 <c>=0.134 sd=0.189 rass=0.000
t= 58000 V=0.040 hf=0.00 agg=0.00 <c>=0.134 sd=0.189 rass=0.000
EQ: c*=0.131 sd*=0.188 (last-half medians)
