Zlam0_s2 ok=True why= t=100000 wall=240s
t=     0 V=0.359 hf=0.00 agg=0.00 <c>=0.500 sd=0.323 rass=0.000
t=  3300 V=0.577 hf=1.00 agg=0.93 <c>=0.476 sd=0.299 rass=0.036
t=  6600 V=0.435 hf=0.00 agg=0.00 <c>=0.473 sd=0.275 rass=0.064
t=  9900 V=0.507 hf=1.00 agg=0.93 <c>=0.325 sd=0.290 rass=0.017
t= 13200 V=0.381 hf=0.00 agg=0.00 <c>=0.225 sd=0.319 rass=0.170
t= 16500 V=0.462 hf=1.00 agg=0.92 <c>=0.232 sd=0.344 rass=0.007
t= 19800 V=0.370 hf=0.00 agg=0.00 <c>=0.415 sd=0.409 rass=0.296
t= 23100 V=0.486 hf=1.00 agg=0.93 <c>=0.334 sd=0.396 rass=0.031
t= 26400 V=0.359 hf=1.00 agg=0.94 <c>=0.191 sd=0.303 rass=0.006
t= 29700 V=0.321 hf=1.00 agg=0.06 <c>=0.066 sd=0.203 rass=0.007
t= 33000 V=0.060 hf=1.00 agg=0.00 <c>=0.067 sd=0.203 rass=0.001
t= 36300 V=0.279 hf=1.00 agg=0.03 <c>=0.069 sd=0.203 rass=0.000
t= 39600 V=0.095 hf=1.00 agg=0.00 <c>=0.071 sd=0.203 rass=0.000
t= 42900 V=0.041 hf=0.00 agg=0.00 <c>=0.072 sd=0.203 rass=0.000
t= 46200 V=0.166 hf=1.00 agg=0.01 <c>=0.074 sd=0.203 rass=0.000
t= 49500 V=0.056 hf=1.00 agg=0.00 <c>=0.075 sd=0.203 rass=0.000
t= 52800 V=0.288 hf=1.00 agg=0.04 <c>=0.077 sd=0.203 rass=0.000
t= 56100 V=0.098 hf=1.00 agg=0.00 <c>=0.078 sd=0.204 rass=0.000
t= 59400 V=0.041 hf=0.00 agg=0.00 <c>=0.079 sd=0.204 rass=0.000
t= 62700 V=0.171 hf=1.00 agg=0.01 <c>=0.081 sd=0.204 rass=0.000
t= 66000 V=0.058 hf=1.00 agg=0.00 <c>=0.082 sd=0.204 rass=0.000
t= 69300 V=0.296 hf=1.00 agg=0.04 <c>=0.084 sd=0.204 rass=0.000
t= 72600 V=0.101 hf=1.00 agg=0.00 <c>=0.085 sd=0.204 rass=0.000
t= 75900 V=0.041 hf=0.00 agg=0.00 <c>=0.086 sd=0.204 rass=0.000
t= 79200 V=0.177 hf=1.00 agg=0.01 <c>=0.088 sd=0.204 rass=0.000
t= 82500 V=0.060 hf=1.00 agg=0.00 <c>=0.089 sd=0.204 rass=0.000
t= 85800 V=0.306 hf=1.00 agg=0.04 <c>=0.091 sd=0.204 rass=0.000
t= 89100 V=0.104 hf=1.00 agg=0.00 <c>=0.092 sd=0.205 rass=0.000
t= 92400 V=0.041 hf=0.00 agg=0.00 <c>=0.093 sd=0.205 rass=0.000
t= 95700 V=0.182 hf=1.00 agg=0.01 <c>=0.094 sd=0.205 rass=0.000
t= 99000 V=0.062 hf=1.00 agg=0.00 <c>=0.095 sd=0.205 rass=0.000
EQ: c*=0.086 sd*=0.204 (last-half medians)
