lc0 ok=True why= t=150000 wall=344s
t=     0 V=0.359 hf=0.00 agg=0.00 <c>=0.500 sd=0.316 rass=0.000
t=  5000 V=0.640 hf=1.00 agg=0.90 <c>=0.495 sd=0.300 rass=0.036
t= 10000 V=0.536 hf=1.00 agg=0.90 <c>=0.362 sd=0.218 rass=0.050
t= 15000 V=0.479 hf=0.99 agg=0.91 <c>=0.420 sd=0.236 rass=0.019
t= 20000 V=0.442 hf=0.98 agg=0.92 <c>=0.425 sd=0.262 rass=0.015
t= 25000 V=0.512 hf=0.83 agg=0.87 <c>=0.435 sd=0.261 rass=0.004
t= 30000 V=0.525 hf=0.84 agg=0.90 <c>=0.431 sd=0.264 rass=0.000
t= 35000 V=0.549 hf=0.84 agg=0.91 <c>=0.430 sd=0.268 rass=0.000
t= 40000 V=0.562 hf=0.84 agg=0.91 <c>=0.430 sd=0.271 rass=0.000
t= 45000 V=0.573 hf=0.85 agg=0.92 <c>=0.430 sd=0.274 rass=0.000
t= 50000 V=0.577 hf=0.85 agg=0.92 <c>=0.431 sd=0.277 rass=0.000
t= 55000 V=0.580 hf=0.85 agg=0.92 <c>=0.432 sd=0.279 rass=0.000
t= 60000 V=0.580 hf=0.86 agg=0.92 <c>=0.433 sd=0.281 rass=0.000
t= 65000 V=0.576 hf=0.86 agg=0.92 <c>=0.434 sd=0.283 rass=0.000
t= 70000 V=0.586 hf=0.87 agg=0.92 <c>=0.434 sd=0.285 rass=0.000
t= 75000 V=0.585 hf=0.88 agg=0.92 <c>=0.435 sd=0.286 rass=0.000
t= 80000 V=0.585 hf=0.88 agg=0.93 <c>=0.436 sd=0.288 rass=0.000
t= 85000 V=0.597 hf=0.88 agg=0.93 <c>=0.436 sd=0.289 rass=0.000
t= 90000 V=0.600 hf=0.88 agg=0.93 <c>=0.437 sd=0.290 rass=0.000
t= 95000 V=0.602 hf=0.88 agg=0.93 <c>=0.438 sd=0.292 rass=0.000
t=100000 V=0.602 hf=0.88 agg=0.93 <c>=0.439 sd=0.293 rass=0.000
t=105000 V=0.603 hf=0.88 agg=0.93 <c>=0.439 sd=0.294 rass=0.000
t=110000 V=0.602 hf=0.88 agg=0.93 <c>=0.440 sd=0.295 rass=0.000
t=115000 V=0.602 hf=0.88 agg=0.93 <c>=0.441 sd=0.296 rass=0.000
t=120000 V=0.603 hf=0.88 agg=0.93 <c>=0.442 sd=0.297 rass=0.000
t=125000 V=0.602 hf=0.88 agg=0.93 <c>=0.442 sd=0.298 rass=0.000
t=130000 V=0.602 hf=0.88 agg=0.93 <c>=0.443 sd=0.298 rass=0.000
t=135000 V=0.601 hf=0.88 agg=0.93 <c>=0.444 sd=0.299 rass=0.000
t=140000 V=0.600 hf=0.88 agg=0.93 <c>=0.445 sd=0.300 rass=0.000
t=145000 V=0.600 hf=0.88 agg=0.93 <c>=0.445 sd=0.301 rass=0.000
EQ: c*=0.441 sd*=0.295 (last-half medians)
