Zlam0_s0 ok=True why= t=100000 wall=241s
t=     0 V=0.359 hf=0.00 agg=0.00 <c>=0.500 sd=0.323 rass=0.000
t=  3300 V=0.578 hf=1.00 agg=0.94 <c>=0.575 sd=0.337 rass=0.009
t=  6600 V=0.435 hf=0.00 agg=0.00 <c>=0.522 sd=0.346 rass=0.087
t=  9900 V=0.517 hf=1.00 agg=0.94 <c>=0.642 sd=0.333 rass=0.019
t= 13200 V=0.406 hf=0.00 agg=0.00 <c>=0.726 sd=0.302 rass=0.143
t= 16500 V=0.514 hf=1.00 agg=0.94 <c>=0.712 sd=0.286 rass=0.017
t= 19800 V=0.407 hf=0.00 agg=0.00 <c>=0.763 sd=0.286 rass=0.125
t= 23100 V=0.527 hf=1.00 agg=0.94 <c>=0.765 sd=0.332 rass=0.023
t= 26400 V=0.409 hf=0.00 agg=0.00 <c>=0.766 sd=0.355 rass=0.422
t= 29700 V=0.534 hf=1.00 agg=0.93 <c>=0.655 sd=0.373 rass=0.045
t= 33000 V=0.411 hf=1.00 agg=0.93 <c>=0.620 sd=0.416 rass=0.029
t= 36300 V=0.543 hf=1.00 agg=0.94 <c>=0.684 sd=0.414 rass=0.044
t= 39600 V=0.425 hf=1.00 agg=0.93 <c>=0.624 sd=0.432 rass=0.007
t= 42900 V=0.546 hf=1.00 agg=0.91 <c>=0.458 sd=0.425 rass=0.035
t= 46200 V=0.407 hf=1.00 agg=0.92 <c>=0.380 sd=0.398 rass=0.022
t= 49500 V=0.520 hf=1.00 agg=0.90 <c>=0.258 sd=0.317 rass=0.030
t= 52800 V=0.392 hf=1.00 agg=0.93 <c>=0.282 sd=0.351 rass=0.018
t= 56100 V=0.511 hf=1.00 agg=0.88 <c>=0.263 sd=0.342 rass=0.033
t= 59400 V=0.398 hf=1.00 agg=0.94 <c>=0.335 sd=0.386 rass=0.045
t= 62700 V=0.542 hf=1.00 agg=0.88 <c>=0.272 sd=0.354 rass=0.015
t= 66000 V=0.415 hf=1.00 agg=0.93 <c>=0.377 sd=0.428 rass=0.033
t= 69300 V=0.534 hf=1.00 agg=0.56 <c>=0.217 sd=0.342 rass=0.030
t= 72600 V=0.288 hf=1.00 agg=0.90 <c>=0.119 sd=0.214 rass=0.002
t= 75900 V=0.296 hf=0.00 agg=0.00 <c>=0.084 sd=0.130 rass=0.005
t= 79200 V=0.127 hf=1.00 agg=0.01 <c>=0.085 sd=0.131 rass=0.000
t= 82500 V=0.043 hf=1.00 agg=0.00 <c>=0.086 sd=0.131 rass=0.000
t= 85800 V=0.221 hf=1.00 agg=0.02 <c>=0.087 sd=0.132 rass=0.000
t= 89100 V=0.075 hf=1.00 agg=0.00 <c>=0.087 sd=0.133 rass=0.000
t= 92400 V=0.231 hf=0.00 agg=0.00 <c>=0.088 sd=0.133 rass=0.000
t= 95700 V=0.131 hf=1.00 agg=0.01 <c>=0.089 sd=0.134 rass=0.000
t= 99000 V=0.044 hf=1.00 agg=0.00 <c>=0.090 sd=0.134 rass=0.000
EQ: c*=0.090 sd*=0.134 (last-half medians)
