Glc004_s2 ok=True why= t=100000 wall=254s
t=     0 V=0.359 hf=0.00 agg=0.00 <c>=0.500 sd=0.323 rass=0.000
t=  3300 V=0.419 hf=1.00 agg=0.91 <c>=0.423 sd=0.300 rass=0.057
t=  6600 V=0.260 hf=0.00 agg=0.00 <c>=0.395 sd=0.290 rass=0.065
t=  9900 V=0.321 hf=1.00 agg=0.89 <c>=0.230 sd=0.206 rass=0.010
t= 13200 V=0.212 hf=0.00 agg=0.00 <c>=0.120 sd=0.160 rass=0.144
t= 16500 V=0.237 hf=1.00 agg=0.03 <c>=0.091 sd=0.135 rass=0.073
t= 19800 V=0.057 hf=1.00 agg=0.00 <c>=0.091 sd=0.135 rass=0.007
t= 23100 V=0.281 hf=1.00 agg=0.03 <c>=0.093 sd=0.135 rass=0.000
t= 26400 V=0.096 hf=1.00 agg=0.00 <c>=0.094 sd=0.136 rass=0.000
t= 29700 V=0.041 hf=0.00 agg=0.00 <c>=0.094 sd=0.136 rass=0.000
t= 33000 V=0.167 hf=1.00 agg=0.01 <c>=0.096 sd=0.136 rass=0.000
t= 36300 V=0.057 hf=1.00 agg=0.00 <c>=0.097 sd=0.137 rass=0.000
t= 39600 V=0.290 hf=1.00 agg=0.04 <c>=0.099 sd=0.137 rass=0.000
t= 42900 V=0.099 hf=1.00 agg=0.00 <c>=0.099 sd=0.137 rass=0.000
t= 46200 V=0.041 hf=0.00 agg=0.00 <c>=0.100 sd=0.138 rass=0.000
t= 49500 V=0.172 hf=1.00 agg=0.01 <c>=0.102 sd=0.138 rass=0.000
t= 52800 V=0.058 hf=1.00 agg=0.00 <c>=0.102 sd=0.138 rass=0.000
t= 56100 V=0.298 hf=1.00 agg=0.04 <c>=0.104 sd=0.139 rass=0.000
t= 59400 V=0.102 hf=1.00 agg=0.00 <c>=0.105 sd=0.139 rass=0.000
t= 62700 V=0.041 hf=0.00 agg=0.00 <c>=0.105 sd=0.139 rass=0.000
t= 66000 V=0.178 hf=1.00 agg=0.01 <c>=0.107 sd=0.140 rass=0.000
t= 69300 V=0.060 hf=1.00 agg=0.00 <c>=0.108 sd=0.140 rass=0.000
t= 72600 V=0.308 hf=1.00 agg=0.04 <c>=0.109 sd=0.141 rass=0.000
t= 75900 V=0.105 hf=1.00 agg=0.00 <c>=0.110 sd=0.141 rass=0.000
t= 79200 V=0.041 hf=0.00 agg=0.00 <c>=0.110 sd=0.141 rass=0.000
t= 82500 V=0.183 hf=1.00 agg=0.01 <c>=0.112 sd=0.142 rass=0.000
t= 85800 V=0.062 hf=1.00 agg=0.00 <c>=0.113 sd=0.142 rass=0.000
t= 89100 V=0.317 hf=1.00 agg=0.04 <c>=0.114 sd=0.143 rass=0.000
t= 92400 V=0.109 hf=1.00 agg=0.01 <c>=0.115 sd=0.143 rass=0.000
t= 95700 V=0.041 hf=0.00 agg=0.00 <c>=0.115 sd=0.144 rass=0.000
t= 99000 V=0.189 hf=1.00 agg=0.02 <c>=0.117 sd=0.144 rass=0.000
EQ: c*=0.110 sd*=0.141 (last-half medians)
