Zlam008_s0 ok=True why= t=100000 wall=242s
t=     0 V=0.359 hf=0.00 agg=0.00 <c>=0.500 sd=0.323 rass=0.000
t=  3300 V=0.325 hf=1.00 agg=0.88 <c>=0.362 sd=0.326 rass=0.013
t=  6600 V=0.192 hf=0.00 agg=0.00 <c>=0.170 sd=0.190 rass=0.089
t=  9900 V=0.203 hf=1.00 agg=0.02 <c>=0.113 sd=0.117 rass=0.021
t= 13200 V=0.051 hf=1.00 agg=0.00 <c>=0.114 sd=0.118 rass=0.002
t= 16500 V=0.254 hf=1.00 agg=0.03 <c>=0.115 sd=0.119 rass=0.000
t= 19800 V=0.086 hf=1.00 agg=0.00 <c>=0.115 sd=0.120 rass=0.000
t= 23100 V=0.046 hf=0.00 agg=0.00 <c>=0.116 sd=0.120 rass=0.000
t= 26400 V=0.151 hf=1.00 agg=0.01 <c>=0.117 sd=0.121 rass=0.000
t= 29700 V=0.051 hf=1.00 agg=0.00 <c>=0.117 sd=0.122 rass=0.000
t= 33000 V=0.262 hf=1.00 agg=0.03 <c>=0.118 sd=0.123 rass=0.000
t= 36300 V=0.089 hf=1.00 agg=0.00 <c>=0.119 sd=0.124 rass=0.000
t= 39600 V=0.040 hf=0.00 agg=0.00 <c>=0.119 sd=0.124 rass=0.000
t= 42900 V=0.156 hf=1.00 agg=0.01 <c>=0.120 sd=0.125 rass=0.000
t= 46200 V=0.053 hf=1.00 agg=0.00 <c>=0.121 sd=0.126 rass=0.000
t= 49500 V=0.270 hf=1.00 agg=0.03 <c>=0.122 sd=0.127 rass=0.000
t= 52800 V=0.092 hf=1.00 agg=0.00 <c>=0.122 sd=0.127 rass=0.000
t= 56100 V=0.041 hf=0.00 agg=0.00 <c>=0.123 sd=0.128 rass=0.000
t= 59400 V=0.160 hf=1.00 agg=0.01 <c>=0.124 sd=0.129 rass=0.000
t= 62700 V=0.054 hf=1.00 agg=0.00 <c>=0.124 sd=0.129 rass=0.000
t= 66000 V=0.278 hf=1.00 agg=0.03 <c>=0.125 sd=0.130 rass=0.000
t= 69300 V=0.095 hf=1.00 agg=0.00 <c>=0.125 sd=0.131 rass=0.000
t= 72600 V=0.041 hf=0.00 agg=0.00 <c>=0.126 sd=0.131 rass=0.000
t= 75900 V=0.166 hf=1.00 agg=0.01 <c>=0.127 sd=0.132 rass=0.000
t= 79200 V=0.056 hf=1.00 agg=0.00 <c>=0.127 sd=0.133 rass=0.000
t= 82500 V=0.287 hf=1.00 agg=0.04 <c>=0.128 sd=0.134 rass=0.000
t= 85800 V=0.098 hf=1.00 agg=0.00 <c>=0.129 sd=0.134 rass=0.000
t= 89100 V=0.041 hf=0.00 agg=0.00 <c>=0.129 sd=0.135 rass=0.000
t= 92400 V=0.171 hf=1.00 agg=0.01 <c>=0.130 sd=0.136 rass=0.000
t= 95700 V=0.058 hf=1.00 agg=0.00 <c>=0.131 sd=0.136 rass=0.000
t= 99000 V=0.296 hf=1.00 agg=0.04 <c>=0.132 sd=0.137 rass=0.000
EQ: c*=0.126 sd*=0.132 (last-half medians)
