C_lc001 ok=True why= t=100000 wall=443s
t=     0 V=0.359 hf=0.00 agg=0.00 <c>=0.500 sd=0.323 rass=0.000
t=  3300 V=0.545 hf=1.00 agg=0.92 <c>=0.445 sd=0.313 rass=0.015
t=  6600 V=0.376 hf=0.00 agg=0.00 <c>=0.442 sd=0.281 rass=0.379
t=  9900 V=0.504 hf=1.00 agg=0.92 <c>=0.466 sd=0.275 rass=0.060
t= 13200 V=0.373 hf=1.00 agg=0.92 <c>=0.514 sd=0.267 rass=0.090
t= 16500 V=0.565 hf=0.99 agg=0.55 <c>=0.432 sd=0.279 rass=0.082
t= 19800 V=0.496 hf=0.84 agg=0.86 <c>=0.413 sd=0.278 rass=0.017
t= 23100 V=0.466 hf=0.84 agg=0.86 <c>=0.403 sd=0.271 rass=0.003
t= 26400 V=0.470 hf=0.84 agg=0.87 <c>=0.397 sd=0.269 rass=0.001
t= 29700 V=0.477 hf=0.84 agg=0.88 <c>=0.394 sd=0.269 rass=0.000
t= 33000 V=0.483 hf=0.84 agg=0.89 <c>=0.392 sd=0.270 rass=0.000
t= 36300 V=0.487 hf=0.84 agg=0.89 <c>=0.390 sd=0.272 rass=0.000
t= 39600 V=0.491 hf=0.85 agg=0.89 <c>=0.390 sd=0.274 rass=0.001
t= 42900 V=0.492 hf=0.85 agg=0.90 <c>=0.389 sd=0.276 rass=0.001
t= 46200 V=0.490 hf=0.85 agg=0.90 <c>=0.389 sd=0.278 rass=0.001
t= 49500 V=0.489 hf=0.85 agg=0.89 <c>=0.389 sd=0.280 rass=0.001
t= 52800 V=0.487 hf=0.85 agg=0.89 <c>=0.389 sd=0.282 rass=0.001
t= 56100 V=0.485 hf=0.85 agg=0.89 <c>=0.389 sd=0.284 rass=0.001
t= 59400 V=0.483 hf=0.85 agg=0.89 <c>=0.389 sd=0.286 rass=0.001
t= 62700 V=0.482 hf=0.85 agg=0.89 <c>=0.389 sd=0.287 rass=0.001
t= 66000 V=0.480 hf=0.85 agg=0.89 <c>=0.389 sd=0.288 rass=0.001
t= 69300 V=0.480 hf=0.85 agg=0.89 <c>=0.389 sd=0.289 rass=0.001
t= 72600 V=0.476 hf=0.85 agg=0.89 <c>=0.389 sd=0.290 rass=0.001
t= 75900 V=0.483 hf=0.85 agg=0.87 <c>=0.389 sd=0.291 rass=0.001
t= 79200 V=0.479 hf=0.85 agg=0.87 <c>=0.389 sd=0.292 rass=0.001
t= 82500 V=0.475 hf=0.85 agg=0.87 <c>=0.390 sd=0.293 rass=0.001
t= 85800 V=0.472 hf=0.85 agg=0.87 <c>=0.390 sd=0.294 rass=0.001
t= 89100 V=0.470 hf=0.86 agg=0.87 <c>=0.390 sd=0.295 rass=0.001
t= 92400 V=0.468 hf=0.86 agg=0.87 <c>=0.390 sd=0.296 rass=0.001
t= 95700 V=0.469 hf=0.86 agg=0.87 <c>=0.391 sd=0.296 rass=0.001
t= 99000 V=0.465 hf=0.86 agg=0.87 <c>=0.391 sd=0.297 rass=0.001
EQ: c*=0.389 sd*=0.291 (last-half medians)
