R_jit0 ok=True why= t=100000 wall=153s
t=     0 V=0.358 hf=0.00 agg=0.00 <c>=0.500 sd=0.323 rass=0.000
t=  3300 V=0.427 hf=1.00 agg=0.93 <c>=0.456 sd=0.265 rass=0.017
t=  6600 V=0.492 hf=1.00 agg=0.77 <c>=0.589 sd=0.217 rass=0.022
t=  9900 V=0.290 hf=1.00 agg=0.91 <c>=0.557 sd=0.187 rass=0.015
t= 13200 V=0.416 hf=1.00 agg=0.87 <c>=0.489 sd=0.161 rass=0.035
t= 16500 V=0.258 hf=1.00 agg=0.91 <c>=0.509 sd=0.139 rass=0.011
t= 19800 V=0.382 hf=1.00 agg=0.89 <c>=0.491 sd=0.081 rass=0.018
t= 23100 V=0.241 hf=1.00 agg=0.91 <c>=0.490 sd=0.064 rass=0.011
t= 26400 V=0.345 hf=1.00 agg=0.90 <c>=0.500 sd=0.012 rass=0.000
t= 29700 V=0.227 hf=0.00 agg=0.00 <c>=0.490 sd=0.035 rass=0.093
t= 33000 V=0.321 hf=1.00 agg=0.90 <c>=0.492 sd=0.034 rass=0.026
t= 36300 V=0.425 hf=0.00 agg=0.00 <c>=0.496 sd=0.031 rass=0.024
t= 39600 V=0.301 hf=1.00 agg=0.91 <c>=0.484 sd=0.044 rass=0.042
t= 42900 V=0.451 hf=1.00 agg=0.54 <c>=0.494 sd=0.030 rass=0.011
t= 46200 V=0.273 hf=1.00 agg=0.88 <c>=0.499 sd=0.017 rass=0.000
t= 49500 V=0.411 hf=1.00 agg=0.84 <c>=0.500 sd=0.012 rass=0.000
t= 52800 V=0.261 hf=1.00 agg=0.88 <c>=0.499 sd=0.016 rass=0.000
t= 56100 V=0.382 hf=1.00 agg=0.89 <c>=0.500 sd=0.012 rass=0.000
t= 59400 V=0.245 hf=1.00 agg=0.91 <c>=0.500 sd=0.014 rass=0.000
t= 62700 V=0.360 hf=1.00 agg=0.91 <c>=0.487 sd=0.039 rass=0.047
t= 66000 V=0.239 hf=0.00 agg=0.00 <c>=0.498 sd=0.014 rass=0.059
t= 69300 V=0.337 hf=1.00 agg=0.90 <c>=0.498 sd=0.019 rass=0.004
t= 72600 V=0.229 hf=0.00 agg=0.00 <c>=0.500 sd=0.002 rass=0.000
t= 75900 V=0.306 hf=1.00 agg=0.89 <c>=0.500 sd=0.014 rass=0.001
t= 79200 V=0.496 hf=1.00 agg=0.13 <c>=0.500 sd=0.012 rass=0.000
t= 82500 V=0.292 hf=1.00 agg=0.92 <c>=0.499 sd=0.015 rass=0.000
t= 85800 V=0.434 hf=1.00 agg=0.79 <c>=0.500 sd=0.012 rass=0.000
t= 89100 V=0.273 hf=1.00 agg=0.91 <c>=0.500 sd=0.012 rass=0.000
t= 92400 V=0.403 hf=1.00 agg=0.88 <c>=0.510 sd=0.036 rass=0.020
t= 95700 V=0.254 hf=1.00 agg=0.91 <c>=0.511 sd=0.042 rass=0.038
t= 99000 V=0.368 hf=1.00 agg=0.89 <c>=0.521 sd=0.048 rass=0.041
EQ: c*=0.500 sd*=0.014 (last-half medians)
