M1lo_s0 ok=True why= t=60000 wall=267s
t=     0 V=0.359 hf=0.00 agg=0.00 <c>=0.500 sd=0.323 rass=0.000
t=  2000 V=0.496 hf=0.00 agg=0.00 <c>=0.565 sd=0.339 rass=0.154
t=  4000 V=0.458 hf=1.00 agg=0.93 <c>=0.558 sd=0.340 rass=0.018
t=  6000 V=0.446 hf=1.00 agg=0.92 <c>=0.505 sd=0.385 rass=0.044
t=  8000 V=0.444 hf=1.00 agg=0.92 <c>=0.511 sd=0.443 rass=0.032
t= 10000 V=0.454 hf=1.00 agg=0.93 <c>=0.474 sd=0.431 rass=0.050
t= 12000 V=0.477 hf=0.99 agg=0.91 <c>=0.479 sd=0.371 rass=0.073
t= 14000 V=0.503 hf=1.00 agg=0.91 <c>=0.562 sd=0.357 rass=0.055
t= 16000 V=0.534 hf=0.98 agg=0.90 <c>=0.642 sd=0.340 rass=0.044
t= 18000 V=0.561 hf=0.93 agg=0.48 <c>=0.570 sd=0.316 rass=0.020
t= 20000 V=0.407 hf=0.93 agg=0.85 <c>=0.565 sd=0.317 rass=0.006
t= 22000 V=0.457 hf=0.89 agg=0.91 <c>=0.555 sd=0.317 rass=0.001
t= 24000 V=0.458 hf=0.89 agg=0.91 <c>=0.546 sd=0.315 rass=0.001
t= 26000 V=0.504 hf=0.86 agg=0.88 <c>=0.541 sd=0.313 rass=0.001
t= 28000 V=0.539 hf=0.87 agg=0.90 <c>=0.538 sd=0.313 rass=0.001
t= 30000 V=0.541 hf=0.87 agg=0.91 <c>=0.535 sd=0.312 rass=0.001
t= 32000 V=0.539 hf=0.87 agg=0.91 <c>=0.533 sd=0.312 rass=0.001
t= 34000 V=0.528 hf=0.88 agg=0.92 <c>=0.530 sd=0.311 rass=0.001
t= 36000 V=0.513 hf=0.89 agg=0.92 <c>=0.528 sd=0.311 rass=0.001
t= 38000 V=0.513 hf=0.89 agg=0.92 <c>=0.525 sd=0.310 rass=0.001
t= 40000 V=0.511 hf=0.89 agg=0.92 <c>=0.523 sd=0.310 rass=0.001
t= 42000 V=0.505 hf=0.89 agg=0.92 <c>=0.521 sd=0.309 rass=0.001
t= 44000 V=0.503 hf=0.89 agg=0.92 <c>=0.519 sd=0.309 rass=0.001
t= 46000 V=0.502 hf=0.89 agg=0.92 <c>=0.518 sd=0.309 rass=0.001
t= 48000 V=0.497 hf=0.89 agg=0.93 <c>=0.516 sd=0.309 rass=0.001
t= 50000 V=0.494 hf=0.89 agg=0.93 <c>=0.515 sd=0.309 rass=0.001
t= 52000 V=0.490 hf=0.89 agg=0.93 <c>=0.513 sd=0.309 rass=0.001
t= 54000 V=0.488 hf=0.89 agg=0.93 <c>=0.512 sd=0.309 rass=0.001
t= 56000 V=0.488 hf=0.89 agg=0.93 <c>=0.511 sd=0.310 rass=0.001
t= 58000 V=0.487 hf=0.89 agg=0.93 <c>=0.510 sd=0.310 rass=0.001
EQ: c*=0.518 sd*=0.310 (last-half medians)
