M1lo_s1 ok=True why= t=60000 wall=267s
t=     0 V=0.360 hf=0.00 agg=0.00 <c>=0.500 sd=0.323 rass=0.000
t=  2000 V=0.502 hf=0.00 agg=0.00 <c>=0.497 sd=0.363 rass=0.228
t=  4000 V=0.462 hf=1.00 agg=0.93 <c>=0.490 sd=0.363 rass=0.037
t=  6000 V=0.441 hf=1.00 agg=0.91 <c>=0.294 sd=0.323 rass=0.044
t=  8000 V=0.436 hf=1.00 agg=0.92 <c>=0.309 sd=0.316 rass=0.039
t= 10000 V=0.443 hf=1.00 agg=0.94 <c>=0.269 sd=0.303 rass=0.028
t= 12000 V=0.479 hf=0.98 agg=0.93 <c>=0.303 sd=0.318 rass=0.056
t= 14000 V=0.542 hf=0.91 agg=0.87 <c>=0.281 sd=0.307 rass=0.010
t= 16000 V=0.431 hf=0.85 agg=0.80 <c>=0.274 sd=0.307 rass=0.001
t= 18000 V=0.525 hf=0.85 agg=0.85 <c>=0.261 sd=0.300 rass=0.000
t= 20000 V=0.536 hf=0.85 agg=0.86 <c>=0.255 sd=0.297 rass=0.000
t= 22000 V=0.548 hf=0.85 agg=0.86 <c>=0.252 sd=0.295 rass=0.000
t= 24000 V=0.555 hf=0.85 agg=0.87 <c>=0.250 sd=0.294 rass=0.000
t= 26000 V=0.559 hf=0.85 agg=0.87 <c>=0.249 sd=0.293 rass=0.000
t= 28000 V=0.562 hf=0.85 agg=0.87 <c>=0.249 sd=0.293 rass=0.001
t= 30000 V=0.564 hf=0.85 agg=0.87 <c>=0.249 sd=0.294 rass=0.001
t= 32000 V=0.565 hf=0.85 agg=0.87 <c>=0.250 sd=0.294 rass=0.001
t= 34000 V=0.566 hf=0.85 agg=0.87 <c>=0.251 sd=0.294 rass=0.001
t= 36000 V=0.566 hf=0.85 agg=0.87 <c>=0.252 sd=0.295 rass=0.001
t= 38000 V=0.566 hf=0.85 agg=0.87 <c>=0.253 sd=0.295 rass=0.001
t= 40000 V=0.566 hf=0.85 agg=0.87 <c>=0.254 sd=0.296 rass=0.001
t= 42000 V=0.565 hf=0.85 agg=0.87 <c>=0.255 sd=0.296 rass=0.001
t= 44000 V=0.563 hf=0.85 agg=0.87 <c>=0.256 sd=0.297 rass=0.001
t= 46000 V=0.562 hf=0.85 agg=0.87 <c>=0.257 sd=0.297 rass=0.001
t= 48000 V=0.561 hf=0.85 agg=0.87 <c>=0.259 sd=0.297 rass=0.001
t= 50000 V=0.561 hf=0.85 agg=0.87 <c>=0.260 sd=0.298 rass=0.000
t= 52000 V=0.559 hf=0.85 agg=0.87 <c>=0.261 sd=0.298 rass=0.000
t= 54000 V=0.559 hf=0.85 agg=0.87 <c>=0.262 sd=0.299 rass=0.000
t= 56000 V=0.558 hf=0.85 agg=0.86 <c>=0.263 sd=0.299 rass=0.000
t= 58000 V=0.557 hf=0.85 agg=0.86 <c>=0.264 sd=0.299 rass=0.000
EQ: c*=0.257 sd*=0.297 (last-half medians)
