loc_bn03 ok=True why= t=100000 wall=312s
t=     0 V=0.359 hf=0.00 agg=0.00 <c>=0.500 sd=0.316 rass=0.000
t=  3300 V=0.506 hf=1.00 agg=0.92 <c>=0.406 sd=0.302 rass=0.129
t=  6600 V=0.341 hf=0.00 agg=0.00 <c>=0.552 sd=0.256 rass=0.573
t=  9900 V=0.460 hf=0.99 agg=0.90 <c>=0.336 sd=0.318 rass=0.088
t= 13200 V=0.373 hf=0.97 agg=0.93 <c>=0.388 sd=0.327 rass=0.024
t= 16500 V=0.483 hf=0.75 agg=0.86 <c>=0.303 sd=0.325 rass=0.001
t= 19800 V=0.496 hf=0.76 agg=0.87 <c>=0.272 sd=0.322 rass=0.002
t= 23100 V=0.504 hf=0.76 agg=0.88 <c>=0.256 sd=0.320 rass=0.004
t= 26400 V=0.508 hf=0.77 agg=0.89 <c>=0.249 sd=0.318 rass=0.004
t= 29700 V=0.512 hf=0.77 agg=0.89 <c>=0.247 sd=0.317 rass=0.004
t= 33000 V=0.520 hf=0.77 agg=0.90 <c>=0.248 sd=0.316 rass=0.003
t= 36300 V=0.523 hf=0.77 agg=0.90 <c>=0.249 sd=0.314 rass=0.003
t= 39600 V=0.524 hf=0.77 agg=0.90 <c>=0.251 sd=0.313 rass=0.003
t= 42900 V=0.523 hf=0.78 agg=0.90 <c>=0.253 sd=0.312 rass=0.003
t= 46200 V=0.522 hf=0.78 agg=0.90 <c>=0.256 sd=0.311 rass=0.003
t= 49500 V=0.520 hf=0.78 agg=0.90 <c>=0.258 sd=0.310 rass=0.003
t= 52800 V=0.519 hf=0.78 agg=0.90 <c>=0.261 sd=0.309 rass=0.003
t= 56100 V=0.518 hf=0.78 agg=0.90 <c>=0.264 sd=0.308 rass=0.003
t= 59400 V=0.517 hf=0.78 agg=0.90 <c>=0.266 sd=0.308 rass=0.002
t= 62700 V=0.516 hf=0.78 agg=0.90 <c>=0.268 sd=0.307 rass=0.002
t= 66000 V=0.516 hf=0.78 agg=0.90 <c>=0.271 sd=0.306 rass=0.002
t= 69300 V=0.516 hf=0.78 agg=0.90 <c>=0.272 sd=0.306 rass=0.002
t= 72600 V=0.515 hf=0.78 agg=0.90 <c>=0.275 sd=0.305 rass=0.002
t= 75900 V=0.513 hf=0.78 agg=0.90 <c>=0.277 sd=0.304 rass=0.002
t= 79200 V=0.513 hf=0.78 agg=0.90 <c>=0.279 sd=0.304 rass=0.002
t= 82500 V=0.512 hf=0.78 agg=0.90 <c>=0.281 sd=0.304 rass=0.002
t= 85800 V=0.511 hf=0.78 agg=0.90 <c>=0.283 sd=0.303 rass=0.002
t= 89100 V=0.510 hf=0.78 agg=0.90 <c>=0.285 sd=0.303 rass=0.002
t= 92400 V=0.510 hf=0.78 agg=0.90 <c>=0.287 sd=0.302 rass=0.002
t= 95700 V=0.509 hf=0.78 agg=0.90 <c>=0.289 sd=0.302 rass=0.002
t= 99000 V=0.508 hf=0.78 agg=0.90 <c>=0.291 sd=0.302 rass=0.002
EQ: c*=0.276 sd*=0.305 (last-half medians)
