lc0.002 ok=True why= t=150000 wall=346s
t=     0 V=0.359 hf=0.00 agg=0.00 <c>=0.500 sd=0.316 rass=0.000
t=  5000 V=0.547 hf=1.00 agg=0.88 <c>=0.478 sd=0.319 rass=0.007
t= 10000 V=0.445 hf=0.99 agg=0.91 <c>=0.423 sd=0.288 rass=0.049
t= 15000 V=0.392 hf=1.00 agg=0.93 <c>=0.396 sd=0.219 rass=0.014
t= 20000 V=0.366 hf=1.00 agg=0.92 <c>=0.342 sd=0.200 rass=0.032
t= 25000 V=0.345 hf=1.00 agg=0.94 <c>=0.354 sd=0.185 rass=0.039
t= 30000 V=0.323 hf=1.00 agg=0.93 <c>=0.341 sd=0.184 rass=0.025
t= 35000 V=0.302 hf=0.00 agg=0.00 <c>=0.418 sd=0.132 rass=0.089
t= 40000 V=0.344 hf=0.00 agg=0.00 <c>=0.372 sd=0.155 rass=0.085
t= 45000 V=0.528 hf=0.99 agg=0.71 <c>=0.359 sd=0.187 rass=0.100
t= 50000 V=0.490 hf=0.97 agg=0.86 <c>=0.416 sd=0.152 rass=0.015
t= 55000 V=0.463 hf=0.99 agg=0.90 <c>=0.416 sd=0.164 rass=0.009
t= 60000 V=0.430 hf=0.99 agg=0.93 <c>=0.357 sd=0.177 rass=0.006
t= 65000 V=0.408 hf=0.99 agg=0.94 <c>=0.353 sd=0.177 rass=0.007
t= 70000 V=0.375 hf=1.00 agg=0.93 <c>=0.318 sd=0.181 rass=0.057
t= 75000 V=0.355 hf=0.99 agg=0.92 <c>=0.268 sd=0.184 rass=0.022
t= 80000 V=0.346 hf=0.98 agg=0.93 <c>=0.288 sd=0.176 rass=0.002
t= 85000 V=0.333 hf=0.98 agg=0.95 <c>=0.241 sd=0.173 rass=0.013
t= 90000 V=0.324 hf=0.00 agg=0.00 <c>=0.299 sd=0.148 rass=0.070
t= 95000 V=0.321 hf=0.00 agg=0.00 <c>=0.288 sd=0.159 rass=0.021
t=100000 V=0.536 hf=0.37 agg=0.14 <c>=0.280 sd=0.151 rass=0.020
t=105000 V=0.551 hf=0.99 agg=0.59 <c>=0.252 sd=0.156 rass=0.019
t=110000 V=0.511 hf=0.99 agg=0.83 <c>=0.238 sd=0.143 rass=0.014
t=115000 V=0.463 hf=1.00 agg=0.90 <c>=0.228 sd=0.148 rass=0.039
t=120000 V=0.421 hf=1.00 agg=0.93 <c>=0.153 sd=0.099 rass=0.057
t=125000 V=0.378 hf=1.00 agg=0.94 <c>=0.164 sd=0.105 rass=0.060
t=130000 V=0.340 hf=1.00 agg=0.95 <c>=0.130 sd=0.062 rass=0.003
t=135000 V=0.315 hf=1.00 agg=0.95 <c>=0.121 sd=0.043 rass=0.202
t=140000 V=0.305 hf=1.00 agg=0.95 <c>=0.124 sd=0.051 rass=0.037
t=145000 V=0.297 hf=0.00 agg=0.00 <c>=0.145 sd=0.050 rass=0.021
EQ: c*=0.237 sd*=0.147 (last-half medians)
