nf1_drift ok=True why= t=60000 wall=150s
t=     0 V=0.359 hf=0.00 agg=0.00 <c>=0.500 sd=0.316 rass=0.000
t=  2000 V=0.452 hf=0.00 agg=0.00 <c>=0.454 sd=0.299 rass=0.144
t=  4000 V=0.407 hf=1.00 agg=0.93 <c>=0.433 sd=0.300 rass=0.014
t=  6000 V=0.395 hf=1.00 agg=0.91 <c>=0.414 sd=0.253 rass=0.008
t=  8000 V=0.408 hf=1.00 agg=0.91 <c>=0.456 sd=0.199 rass=0.008
t= 10000 V=0.440 hf=1.00 agg=0.90 <c>=0.517 sd=0.240 rass=0.003
t= 12000 V=0.482 hf=1.00 agg=0.82 <c>=0.512 sd=0.205 rass=0.002
t= 14000 V=0.269 hf=0.00 agg=0.00 <c>=0.494 sd=0.220 rass=0.030
t= 16000 V=0.270 hf=0.00 agg=0.00 <c>=0.438 sd=0.193 rass=0.502
t= 18000 V=0.307 hf=1.00 agg=0.91 <c>=0.431 sd=0.186 rass=0.014
t= 20000 V=0.347 hf=1.00 agg=0.92 <c>=0.469 sd=0.229 rass=0.007
t= 22000 V=0.389 hf=1.00 agg=0.92 <c>=0.439 sd=0.208 rass=0.011
t= 24000 V=0.435 hf=1.00 agg=0.88 <c>=0.375 sd=0.108 rass=0.009
t= 26000 V=0.495 hf=1.00 agg=0.74 <c>=0.362 sd=0.089 rass=0.014
t= 28000 V=0.275 hf=0.00 agg=0.00 <c>=0.331 sd=0.049 rass=0.019
t= 30000 V=0.288 hf=1.00 agg=0.91 <c>=0.331 sd=0.050 rass=0.006
t= 32000 V=0.322 hf=1.00 agg=0.91 <c>=0.320 sd=0.041 rass=0.009
t= 34000 V=0.362 hf=1.00 agg=0.93 <c>=0.311 sd=0.032 rass=0.002
t= 36000 V=0.404 hf=1.00 agg=0.90 <c>=0.302 sd=0.018 rass=0.003
t= 38000 V=0.445 hf=1.00 agg=0.83 <c>=0.300 sd=0.011 rass=0.000
t= 40000 V=0.511 hf=1.00 agg=0.49 <c>=0.300 sd=0.009 rass=0.000
t= 42000 V=0.278 hf=0.00 agg=0.00 <c>=0.300 sd=0.005 rass=0.001
t= 44000 V=0.288 hf=1.00 agg=0.89 <c>=0.300 sd=0.010 rass=0.000
t= 46000 V=0.326 hf=1.00 agg=0.90 <c>=0.300 sd=0.009 rass=0.000
t= 48000 V=0.360 hf=1.00 agg=0.90 <c>=0.297 sd=0.036 rass=0.021
t= 50000 V=0.400 hf=1.00 agg=0.91 <c>=0.293 sd=0.039 rass=0.014
t= 52000 V=0.445 hf=1.00 agg=0.86 <c>=0.280 sd=0.042 rass=0.008
t= 54000 V=0.534 hf=1.00 agg=0.20 <c>=0.271 sd=0.046 rass=0.012
t= 56000 V=0.288 hf=0.00 agg=0.00 <c>=0.279 sd=0.041 rass=0.045
t= 58000 V=0.301 hf=1.00 agg=0.91 <c>=0.278 sd=0.043 rass=0.008
EQ: c*=0.300 sd*=0.036 (last-half medians)
