nf1 ok=True why= t=60000 wall=149s
t=     0 V=0.359 hf=0.00 agg=0.00 <c>=0.500 sd=0.316 rass=0.000
t=  2000 V=0.446 hf=0.00 agg=0.00 <c>=0.431 sd=0.271 rass=0.067
t=  4000 V=0.404 hf=1.00 agg=0.92 <c>=0.414 sd=0.271 rass=0.006
t=  6000 V=0.403 hf=1.00 agg=0.91 <c>=0.351 sd=0.222 rass=0.016
t=  8000 V=0.417 hf=1.00 agg=0.90 <c>=0.384 sd=0.176 rass=0.013
t= 10000 V=0.445 hf=1.00 agg=0.90 <c>=0.356 sd=0.112 rass=0.002
t= 12000 V=0.485 hf=1.00 agg=0.83 <c>=0.336 sd=0.092 rass=0.020
t= 14000 V=0.337 hf=0.00 agg=0.00 <c>=0.355 sd=0.078 rass=0.009
t= 16000 V=0.294 hf=0.00 agg=0.00 <c>=0.351 sd=0.073 rass=0.095
t= 18000 V=0.319 hf=1.00 agg=0.92 <c>=0.350 sd=0.074 rass=0.002
t= 20000 V=0.355 hf=1.00 agg=0.91 <c>=0.332 sd=0.053 rass=0.005
t= 22000 V=0.393 hf=1.00 agg=0.92 <c>=0.322 sd=0.043 rass=0.013
t= 24000 V=0.434 hf=1.00 agg=0.90 <c>=0.320 sd=0.041 rass=0.006
t= 26000 V=0.494 hf=1.00 agg=0.82 <c>=0.331 sd=0.047 rass=0.015
t= 28000 V=0.281 hf=0.00 agg=0.00 <c>=0.320 sd=0.052 rass=0.022
t= 30000 V=0.286 hf=0.00 agg=0.00 <c>=0.320 sd=0.043 rass=0.292
t= 32000 V=0.319 hf=1.00 agg=0.91 <c>=0.319 sd=0.043 rass=0.015
t= 34000 V=0.358 hf=1.00 agg=0.93 <c>=0.302 sd=0.017 rass=0.001
t= 36000 V=0.400 hf=1.00 agg=0.89 <c>=0.300 sd=0.010 rass=0.000
t= 38000 V=0.441 hf=1.00 agg=0.90 <c>=0.300 sd=0.009 rass=0.000
t= 40000 V=0.495 hf=1.00 agg=0.66 <c>=0.300 sd=0.009 rass=0.000
t= 42000 V=0.282 hf=0.00 agg=0.00 <c>=0.300 sd=0.002 rass=0.000
t= 44000 V=0.292 hf=1.00 agg=0.92 <c>=0.300 sd=0.009 rass=0.000
t= 46000 V=0.323 hf=1.00 agg=0.91 <c>=0.300 sd=0.009 rass=0.000
t= 48000 V=0.352 hf=1.00 agg=0.88 <c>=0.300 sd=0.009 rass=0.000
t= 50000 V=0.396 hf=1.00 agg=0.89 <c>=0.300 sd=0.009 rass=0.000
t= 52000 V=0.440 hf=1.00 agg=0.85 <c>=0.300 sd=0.009 rass=0.000
t= 54000 V=0.508 hf=1.00 agg=0.41 <c>=0.300 sd=0.009 rass=0.000
t= 56000 V=0.275 hf=0.00 agg=0.00 <c>=0.300 sd=0.002 rass=0.000
t= 58000 V=0.294 hf=1.00 agg=0.92 <c>=0.300 sd=0.009 rass=0.000
EQ: c*=0.300 sd*=0.009 (last-half medians)
