M2hi_s1 ok=True why= t=60000 wall=256s
t=     0 V=0.360 hf=0.00 agg=0.00 <c>=0.500 sd=0.323 rass=0.000
t=  2000 V=0.452 hf=0.00 agg=0.00 <c>=0.446 sd=0.335 rass=0.106
t=  4000 V=0.397 hf=1.00 agg=0.93 <c>=0.418 sd=0.330 rass=0.013
t=  6000 V=0.376 hf=1.00 agg=0.90 <c>=0.345 sd=0.277 rass=0.025
t=  8000 V=0.373 hf=1.00 agg=0.89 <c>=0.361 sd=0.260 rass=0.007
t= 10000 V=0.384 hf=1.00 agg=0.91 <c>=0.382 sd=0.298 rass=0.062
t= 12000 V=0.408 hf=1.00 agg=0.92 <c>=0.380 sd=0.288 rass=0.023
t= 14000 V=0.436 hf=1.00 agg=0.88 <c>=0.462 sd=0.321 rass=0.038
t= 16000 V=0.470 hf=1.00 agg=0.87 <c>=0.520 sd=0.354 rass=0.081
t= 18000 V=0.542 hf=1.00 agg=0.15 <c>=0.411 sd=0.313 rass=0.035
t= 20000 V=0.267 hf=0.00 agg=0.00 <c>=0.385 sd=0.259 rass=0.037
t= 22000 V=0.284 hf=1.00 agg=0.91 <c>=0.368 sd=0.250 rass=0.006
t= 24000 V=0.305 hf=1.00 agg=0.91 <c>=0.366 sd=0.276 rass=0.036
t= 26000 V=0.324 hf=1.00 agg=0.91 <c>=0.512 sd=0.360 rass=0.022
t= 28000 V=0.354 hf=1.00 agg=0.91 <c>=0.401 sd=0.354 rass=0.042
t= 30000 V=0.385 hf=1.00 agg=0.90 <c>=0.284 sd=0.194 rass=0.014
t= 32000 V=0.411 hf=1.00 agg=0.91 <c>=0.243 sd=0.129 rass=0.013
t= 34000 V=0.439 hf=1.00 agg=0.74 <c>=0.220 sd=0.123 rass=0.028
t= 36000 V=0.521 hf=1.00 agg=0.15 <c>=0.225 sd=0.118 rass=0.063
t= 38000 V=0.262 hf=0.00 agg=0.00 <c>=0.218 sd=0.123 rass=0.138
t= 40000 V=0.258 hf=1.00 agg=0.92 <c>=0.217 sd=0.123 rass=0.017
t= 42000 V=0.162 hf=1.00 agg=0.83 <c>=0.156 sd=0.088 rass=0.006
t= 44000 V=0.106 hf=1.00 agg=0.01 <c>=0.138 sd=0.055 rass=0.008
t= 46000 V=0.127 hf=1.00 agg=0.01 <c>=0.138 sd=0.058 rass=0.001
t= 48000 V=0.188 hf=1.00 agg=0.02 <c>=0.138 sd=0.061 rass=0.000
t= 50000 V=0.283 hf=1.00 agg=0.03 <c>=0.138 sd=0.064 rass=0.000
t= 52000 V=0.071 hf=0.00 agg=0.00 <c>=0.138 sd=0.064 rass=0.000
t= 54000 V=0.043 hf=1.00 agg=0.00 <c>=0.138 sd=0.066 rass=0.000
t= 56000 V=0.065 hf=1.00 agg=0.00 <c>=0.138 sd=0.068 rass=0.000
t= 58000 V=0.099 hf=1.00 agg=0.00 <c>=0.138 sd=0.070 rass=0.000
EQ: c*=0.138 sd*=0.070 (last-half medians)
