F48e24 seed=1: PASS=True G1=True G2=True r2=1.000 flips=9 per=1040.0 tau=15.2/198.75 sep=13.1/5.2 rungs=[4, 5]
F48e24 seed=2: PASS=True G1=True G2=True r2=1.000 flips=9 per=1045.0 tau=17.0/173.75 sep=10.2/6.0 rungs=[4, 5]
F48e24 seed=3: PASS=True G1=True G2=True r2=0.934 flips=9 per=1021.25 tau=12.4/198.75 sep=16.0/5.1 rungs=[4, 5, 6]
F48e24 seed=4: PASS=True G1=True G2=True r2=1.000 flips=9 per=1045.0 tau=11.4/181.25 sep=15.9/5.8 rungs=[4, 5]
== F48e24 seeds: 4/4
F48e34 seed=1: PASS=True G1=True G2=True r2=0.933 flips=12 per=802.5 tau=14.1/140.0 sep=9.9/5.7 rungs=[4, 5, 6]
F48e34 seed=2: PASS=True G1=True G2=True r2=1.000 flips=11 per=807.5 tau=15.8/148.75 sep=9.4/5.4 rungs=[4, 5]
F48e34 seed=3: PASS=False G1=False G2=True r2=0.953 flips=11 per=820.0 tau=11.8/183.75 sep=15.6/4.5 rungs=[4, 5, 6]
F48e34 seed=4: PASS=False G1=False G2=True r2=0.860 flips=13 per=652.5 tau=11.7/248.75 sep=21.3/2.6 rungs=[4, 5, 6]
== F48e34 seeds: 2/4
F64e34 seed=1: PASS=True G1=True G2=True r2=0.885 flips=8 per=1083.75 tau=13.0/162.5 sep=12.5/6.7 rungs=[5, 6, 7]
F64e34 seed=2: PASS=False G1=True G2=False r2=0.839 flips=9 per=956.25 tau=14.1/106.25 sep=7.5/9.0 rungs=[4, 5, 6, 7]
F64e34 seed=3: PASS=True G1=True G2=True r2=0.854 flips=9 per=1158.75 tau=10.8/152.5 sep=14.1/7.6 rungs=[4, 5, 6, 7]
F64e34 seed=4: PASS=False G1=False G2=True r2=0.864 flips=10 per=712.5 tau=12.4/192.5 sep=15.5/3.7 rungs=[5, 6, 7]
== F64e34 seeds: 2/4
F48e24 jit=0 (Dv=10.95 kap=0.488 eps=2.60e-03 ns=1.9e-03): PASS=False G1=False G2=True r2=0.949 flips=10 per=852.5 sep=1.9/34.1
F48e24 jit=1 (Dv=9.64 kap=0.462 eps=2.28e-03 ns=1.9e-03): PASS=True G1=True G2=True r2=1.000 flips=8 per=1167.5 sep=8.2/9.5
F48e24 jit=2 (Dv=10.93 kap=0.476 eps=2.37e-03 ns=2.0e-03): PASS=False G1=False G2=True r2=0.937 flips=11 per=860.0 sep=2.5/29.9
F48e24 jit=3 (Dv=10.73 kap=0.536 eps=2.48e-03 ns=2.1e-03): PASS=True G1=True G2=True r2=0.951 flips=10 per=882.5 sep=11.0/5.6
F48e24 jit=4 (Dv=10.47 kap=0.472 eps=2.24e-03 ns=2.1e-03): PASS=False G1=False G2=True r2=1.000 flips=9 per=1073.75 sep=36.4/2.5
== F48e24 jitter: 2/5
F48e34 jit=0 (Dv=9.12 kap=0.518 eps=3.52e-03 ns=2.0e-03): PASS=False G1=False G2=True r2=1.000 flips=10 per=882.5 sep=1.3/58.8
F48e34 jit=1 (Dv=9.12 kap=0.548 eps=3.36e-03 ns=2.0e-03): PASS=False G1=False G2=True r2=1.000 flips=10 per=900.0 sep=2.0/36.0
F48e34 jit=2 (Dv=9.01 kap=0.475 eps=3.64e-03 ns=2.0e-03): PASS=False G1=False G2=True r2=1.000 flips=10 per=857.5 sep=1.2/57.2
F48e34 jit=3 (Dv=10.47 kap=0.542 eps=3.16e-03 ns=2.2e-03): PASS=False G1=False G2=True r2=1.000 flips=11 per=785.0 sep=27.4/2.3
F48e34 jit=4 (Dv=9.37 kap=0.544 eps=3.12e-03 ns=2.0e-03): PASS=False G1=False G2=True r2=1.000 flips=9 per=967.5 sep=4.3/17.6
== F48e34 jitter: 0/5
F64e34 jit=0 (Dv=11.72 kap=0.478 eps=3.65e-03 ns=2.2e-03): PASS=True G1=True G2=True r2=0.865 flips=10 per=746.25 sep=7.8/8.1
F64e34 jit=1 (Dv=11.75 kap=0.495 eps=3.31e-03 ns=2.0e-03): PASS=False G1=False G2=True r2=0.928 flips=8 per=1345.0 sep=3.2/28.3
F64e34 jit=2 (Dv=10.10 kap=0.473 eps=3.42e-03 ns=2.1e-03): PASS=True G1=True G2=True r2=0.931 flips=7 per=1290.0 sep=8.8/10.5
F64e34 jit=3 (Dv=10.89 kap=0.481 eps=3.70e-03 ns=2.1e-03): PASS=True G1=True G2=True r2=0.860 flips=9 per=1073.75 sep=8.1/7.4
F64e34 jit=4 (Dv=10.94 kap=0.496 eps=3.57e-03 ns=2.1e-03): PASS=True G1=True G2=True r2=0.938 flips=8 per=1205.0 sep=6.2/13.6
== F64e34 jitter: 4/5
G4 v2 done
