total candidates: 49
id=00 A:band x ladder Dv=10.0 L=48 kap=0.50 eps=2.4e-03 sg=1.00 -> ok | G1=False G2=True G5=True r2=1.000 fl=9 per=1040.0 tau=15.2/62.5 sep=4.1/16.6 rungs=[4, 5]
id=01 A:band x ladder Dv=10.0 L=64 kap=0.50 eps=2.4e-03 sg=1.00 -> ok | G1=True G2=False G5=True r2=0.913 fl=5 per=1490.0 tau=12.3/62.5 sep=5.1/23.8 rungs=[5, 6, 7]
id=02 A:band x ladder Dv=10.0 L=80 kap=0.50 eps=2.4e-03 sg=1.00 -> ok | G1=True G2=False G5=True r2=0.815 fl=6 per=1168.75 tau=15.1/117.5 sep=7.8/9.9 rungs=[5, 6, 7, 8]
id=03 A:band x ladder Dv=11.0 L=48 kap=0.50 eps=2.4e-03 sg=1.00 -> ok | G1=False G2=True G5=True r2=1.000 fl=11 per=922.5 tau=12.5/42.5 sep=3.4/21.7 rungs=[4, 5]
id=04 A:band x ladder Dv=11.0 L=64 kap=0.50 eps=2.4e-03 sg=1.00 -> ok | G1=True G2=True G5=True r2=0.911 fl=6 per=1672.5 tau=9.8/87.5 sep=8.9/19.1 rungs=[5, 6, 7]
id=05 A:band x ladder Dv=11.0 L=80 kap=0.50 eps=2.4e-03 sg=1.00 -> ok | G1=False G2=False G5=True r2=0.830 fl=7 per=1260.0 tau=13.4/35.0 sep=2.6/36.0 rungs=[5, 6, 7, 8]
id=06 A:band x ladder Dv=12.0 L=48 kap=0.50 eps=2.4e-03 sg=1.00 -> ok | G1=False G2=False G5=True r2=1.000 fl=None per=None tau=1.2/None sep=0.0/0.0 rungs=[5]
id=07 A:band x ladder Dv=12.0 L=64 kap=0.50 eps=2.4e-03 sg=1.00 -> ok | G1=True G2=False G5=True r2=0.249 fl=None per=1877.5 tau=12.3/127.5 sep=10.4/14.7 rungs=[5, 6, 7]
id=08 A:band x ladder Dv=12.0 L=80 kap=0.50 eps=2.4e-03 sg=1.00 -> ok | G1=False G2=False G5=True r2=0.781 fl=7 per=1072.5 tau=15.8/62.5 sep=4.0/17.2 rungs=[5, 6, 7, 8]
id=09 A:band x ladder Dv=15.0 L=48 kap=0.50 eps=2.4e-03 sg=1.00 -> ok | G1=False G2=False G5=True r2=1.000 fl=None per=None tau=2.5/None sep=0.0/0.0 rungs=[5]
id=10 A:band x ladder Dv=15.0 L=64 kap=0.50 eps=2.4e-03 sg=1.00 -> ok | G1=False G2=False G5=True r2=1.000 fl=None per=None tau=2.4/None sep=0.0/0.0 rungs=[6]
id=11 A:band x ladder Dv=15.0 L=80 kap=0.50 eps=2.4e-03 sg=1.00 -> ok | G1=False G2=False G5=True r2=1.000 fl=None per=None tau=1.2/None sep=0.0/0.0 rungs=[7]
id=12 A2:eps Dv=11.0 L=64 kap=0.50 eps=1.2e-03 sg=1.00 -> ok | G1=False G2=False G5=True r2=1.000 fl=2 per=None tau=12.2/112.5 sep=9.2/0.0 rungs=[5, 6]
id=13 A2:eps Dv=11.0 L=64 kap=0.50 eps=4.8e-03 sg=1.00 -> ok | G1=True G2=False G5=True r2=0.822 fl=13 per=817.5 tau=11.8/91.2 sep=7.7/9.0 rungs=[4, 5, 6, 7]
id=14 A2:eps Dv=11.0 L=80 kap=0.50 eps=1.2e-03 sg=1.00 -> ok | G1=False G2=False G5=True r2=1.000 fl=1 per=None tau=2.1/132.5 sep=63.1/0.0 rungs=[6, 7]
id=15 A2:eps Dv=11.0 L=80 kap=0.50 eps=4.8e-03 sg=1.00 -> ok | G1=False G2=False G5=True r2=0.838 fl=12 per=872.5 tau=11.5/52.5 sep=4.6/16.6 rungs=[5, 6, 7, 8]
id=16 A2:eps Dv=12.0 L=64 kap=0.50 eps=1.2e-03 sg=1.00 -> ok | G1=False G2=False G5=True r2=0.006 fl=None per=None tau=2.6/77.5 sep=29.8/0.0 rungs=[5, 6]
id=17 A2:eps Dv=12.0 L=64 kap=0.50 eps=4.8e-03 sg=1.00 -> ok | G1=True G2=False G5=True r2=0.821 fl=8 per=1383.75 tau=12.8/75.0 sep=5.9/18.4 rungs=[5, 6, 7]
id=18 A2:eps Dv=12.0 L=80 kap=0.50 eps=1.2e-03 sg=1.00 -> ok | G1=False G2=False G5=True r2=1.000 fl=2 per=None tau=8.9/107.5 sep=12.1/0.0 rungs=[6, 7]
id=19 A2:eps Dv=12.0 L=80 kap=0.50 eps=4.8e-03 sg=1.00 -> ok | G1=False G2=False G5=True r2=0.820 fl=12 per=716.25 tau=17.4/75.0 sep=4.3/9.6 rungs=[5, 6, 7, 8]
id=20 A3:flagship eps Dv=11.0 L=64 kap=0.50 eps=3.4e-03 sg=1.00 -> ok | G1=True G2=True G5=True r2=0.885 fl=8 per=1083.75 tau=13.0/102.5 sep=7.9/10.6 rungs=[5, 6, 7]
id=21 A3:flagship eps Dv=10.0 L=48 kap=0.50 eps=3.4e-03 sg=1.00 -> ok | G1=False G2=True G5=True r2=0.933 fl=12 per=802.5 tau=14.1/65.0 sep=4.6/12.3 rungs=[4, 5, 6]
id=22 B:kappa Dv=11.0 L=64 kap=0.10 eps=2.4e-03 sg=1.00 -> ok | G1=False G2=False G5=True r2=0.002 fl=None per=None tau=2.8/111.2 sep=39.7/0.0 rungs=[5, 6]
id=23 B:kappa Dv=11.0 L=64 kap=0.20 eps=2.4e-03 sg=1.00 -> ok | G1=True G2=False G5=True r2=0.414 fl=None per=2407.5 tau=12.5/118.8 sep=9.5/20.3 rungs=[5, 6]
id=24 B:kappa Dv=11.0 L=64 kap=0.35 eps=2.4e-03 sg=1.00 -> ok | G1=True G2=False G5=True r2=0.879 fl=5 per=1533.75 tau=15.1/97.5 sep=6.5/15.7 rungs=[5, 6, 7]
id=25 B:kappa Dv=11.0 L=64 kap=0.65 eps=2.4e-03 sg=1.00 -> ok | G1=True G2=False G5=True r2=0.837 fl=8 per=1127.5 tau=9.1/87.5 sep=9.6/12.9 rungs=[5, 6, 7]
id=26 B:kappa Dv=11.0 L=64 kap=0.80 eps=2.4e-03 sg=1.00 -> ok | G1=True G2=False G5=True r2=0.885 fl=5 per=1635.0 tau=10.6/90.0 sep=8.5/18.2 rungs=[5, 6, 7]
id=27 B:kappa Dv=11.0 L=64 kap=0.90 eps=2.4e-03 sg=1.00 -> ok | G1=False G2=False G5=True r2=0.002 fl=None per=None tau=13.9/96.2 sep=6.9/0.0 rungs=[5, 6]
id=28 C:noise Dv=11.0 L=64 kap=0.50 eps=2.4e-03 sg=1.00 -> ok | G1=True G2=True G5=True r2=0.851 fl=7 per=1305.0 tau=14.6/86.2 sep=5.9/15.1 rungs=[5, 6, 7]
id=29 C:noise Dv=11.0 L=64 kap=0.50 eps=2.4e-03 sg=1.00 -> ok | G1=True G2=False G5=True r2=0.921 fl=5 per=1390.0 tau=10.4/90.0 sep=8.7/15.4 rungs=[5, 6, 7]
id=30 C:noise Dv=11.0 L=64 kap=0.50 eps=2.4e-03 sg=1.00 -> ok | G1=True G2=False G5=True r2=0.923 fl=5 per=1358.75 tau=12.4/85.0 sep=6.9/16.0 rungs=[5, 6, 7]
id=31 C:noise Dv=11.0 L=64 kap=0.50 eps=2.4e-03 sg=1.00 -> ok | G1=True G2=True G5=True r2=0.920 fl=6 per=1577.5 tau=11.9/78.8 sep=6.6/20.0 rungs=[5, 6, 7]
id=32 D:wide band Dv=25.0 L=96 kap=0.50 eps=2.4e-03 sg=1.00 -> ok | G1=False G2=False G5=True r2=1.000 fl=None per=None tau=1.2/None sep=0.0/0.0 rungs=[7]
id=33 D:wide band Dv=25.0 L=96 kap=0.50 eps=8.0e-03 sg=1.00 -> ok | G1=False G2=False G5=True r2=1.000 fl=None per=None tau=1.2/None sep=0.0/0.0 rungs=[7]
id=34 D:wide band Dv=25.0 L=64 kap=0.50 eps=2.4e-03 sg=1.00 -> ok | G1=False G2=False G5=True r2=1.000 fl=None per=None tau=2.1/None sep=0.0/0.0 rungs=[5]
id=35 E:narrow band Dv=9.0 L=64 kap=0.50 eps=2.4e-03 sg=1.00 -> ok | G1=True G2=False G5=True r2=1.000 fl=5 per=1522.5 tau=19.7/116.2 sep=5.9/13.1 rungs=[5, 6]
id=36 E:narrow band Dv=9.5 L=64 kap=0.50 eps=2.4e-03 sg=1.00 -> ok | G1=True G2=False G5=True r2=1.000 fl=5 per=1708.75 tau=11.1/78.8 sep=7.1/21.7 rungs=[5, 6]
id=37 F:sigma Dv=11.0 L=64 kap=0.50 eps=2.4e-03 sg=0.50 -> ok | G1=True G2=False G5=True r2=1.000 fl=3 per=2730.0 tau=12.7/97.5 sep=7.7/28.0 rungs=[5, 6]
id=38 F:sigma Dv=11.0 L=64 kap=0.50 eps=2.4e-03 sg=0.75 -> ok | G1=True G2=False G5=True r2=0.921 fl=4 per=1907.5 tau=12.2/95.0 sep=7.8/20.1 rungs=[5, 6, 7]
id=39 F:sigma Dv=11.0 L=64 kap=0.50 eps=2.4e-03 sg=1.25 -> ok | G1=True G2=True G5=True r2=1.000 fl=6 per=1395.0 tau=11.6/95.0 sep=8.2/14.7 rungs=[5, 6]
id=40 F:sigma Dv=11.0 L=64 kap=0.50 eps=2.4e-03 sg=1.50 -> ok | G1=True G2=True G5=True r2=1.000 fl=7 per=1230.0 tau=13.8/107.5 sep=7.8/11.4 rungs=[5, 6]
id=41 G:Dc Dv=11.0 L=64 kap=0.50 eps=2.4e-03 sg=1.00 -> ok | G1=True G2=True G5=True r2=0.919 fl=6 per=1642.5 tau=11.8/88.8 sep=7.5/18.5 rungs=[5, 6, 7]
