{'species': 'A', 'dial': 'k1', 'val': -1.35, 'ok': False, 'why': 'dead_or_tiny', 'a': 0}
{'species': 'A', 'dial': 'k1', 'val': -1.25, 'ok': True, 'why': 'persistent', 'a': 9}
{'species': 'A', 'dial': 'k1', 'val': -1.15, 'ok': True, 'why': 'persistent', 'a': 25}
{'species': 'A', 'dial': 'k1', 'val': -1.05, 'ok': True, 'why': 'persistent', 'a': 69}
{'species': 'A', 'dial': 'k1', 'val': -1.0, 'ok': True, 'why': 'persistent', 'a': 169}
{'species': 'A', 'dial': 'k1', 'val': -0.95, 'ok': True, 'why': 'persistent', 'a': 156}
{'species': 'A', 'dial': 'k1', 'val': -0.85, 'ok': False, 'why': 'split', 'a': 4356}
{'species': 'A', 'dial': 'k1', 'val': -0.75, 'ok': False, 'why': 'bg_unstable'}
{'species': 'A', 'dial': 'k1', 'val': -0.7, 'ok': False, 'why': 'bg_unstable'}
{'species': 'A', 'dial': 'k4', 'val': 1.1, 'ok': True, 'why': 'persistent', 'a': 9}
{'species': 'A', 'dial': 'k4', 'val': 1.2, 'ok': True, 'why': 'persistent', 'a': 25}
{'species': 'A', 'dial': 'k4', 'val': 1.3, 'ok': True, 'why': 'persistent', 'a': 69}
{'species': 'A', 'dial': 'k4', 'val': 1.4, 'ok': True, 'why': 'persistent', 'a': 169}
{'species': 'A', 'dial': 'k4', 'val': 1.5, 'ok': False, 'why': 'domain', 'a': 760}
{'species': 'A', 'dial': 'k4', 'val': 1.6, 'ok': False, 'why': 'split', 'a': 3924}
{'species': 'A', 'dial': 'k4', 'val': 1.75, 'ok': False, 'why': 'bg_unstable'}
{'species': 'A', 'dial': 'k4', 'val': 1.9, 'ok': False, 'why': 'split', 'a': 3241}
{'species': 'A', 'dial': 'k4', 'val': 2.05, 'ok': False, 'why': 'split', 'a': 20}
{'species': 'A', 'dial': 'Du', 'val': 0.4, 'ok': True, 'why': 'persistent', 'a': 121}
{'species': 'A', 'dial': 'Du', 'val': 0.5, 'ok': True, 'why': 'persistent', 'a': 145}
{'species': 'A', 'dial': 'Du', 'val': 0.65, 'ok': True, 'why': 'persistent', 'a': 169}
{'species': 'A', 'dial': 'Du', 'val': 0.8, 'ok': True, 'why': 'persistent', 'a': 77}
{'species': 'A', 'dial': 'Du', 'val': 0.95, 'ok': True, 'why': 'persistent', 'a': 69}
{'species': 'B', 'dial': 'k1', 'val': -2.2, 'ok': False, 'why': 'dead_or_tiny', 'a': 0}
{'species': 'B', 'dial': 'k1', 'val': -2.05, 'ok': False, 'why': 'dead_or_tiny', 'a': 0}
{'species': 'B', 'dial': 'k1', 'val': -1.9, 'ok': False, 'why': 'dead_or_tiny', 'a': 0}
{'species': 'B', 'dial': 'k1', 'val': -1.75, 'ok': True, 'why': 'persistent', 'a': 21}
{'species': 'B', 'dial': 'k1', 'val': -1.6507, 'ok': True, 'why': 'persistent', 'a': 25}
{'species': 'B', 'dial': 'k1', 'val': -1.55, 'ok': True, 'why': 'persistent', 'a': 96}
{'species': 'B', 'dial': 'k1', 'val': -1.45, 'ok': True, 'why': 'persistent', 'a': 124}
{'species': 'B', 'dial': 'k1', 'val': -1.35, 'ok': False, 'why': 'split', 'a': 3576}
{'species': 'B', 'dial': 'k1', 'val': -1.25, 'ok': False, 'why': 'bg_unstable'}
{'species': 'B', 'dial': 'k4', 'val': 1.7, 'ok': False, 'why': 'dead_or_tiny', 'a': 0}
{'species': 'B', 'dial': 'k4', 'val': 1.85, 'ok': False, 'why': 'dead_or_tiny', 'a': 0}
{'species': 'B', 'dial': 'k4', 'val': 2.0, 'ok': True, 'why': 'persistent', 'a': 21}
{'species': 'B', 'dial': 'k4', 'val': 2.15, 'ok': True, 'why': 'persistent', 'a': 25}
{'species': 'B', 'dial': 'k4', 'val': 2.3, 'ok': True, 'why': 'persistent', 'a': 96}
{'species': 'B', 'dial': 'k4', 'val': 2.45, 'ok': True, 'why': 'persistent', 'a': 120}
{'species': 'B', 'dial': 'k4', 'val': 2.6, 'ok': False, 'why': 'split', 'a': 3324}
{'species': 'B', 'dial': 'k4', 'val': 2.8, 'ok': False, 'why': 'bg_unstable'}
{'species': 'B', 'dial': 'Du', 'val': 0.4, 'ok': True, 'why': 'persistent', 'a': 84}
{'species': 'B', 'dial': 'Du', 'val': 0.5, 'ok': True, 'why': 'persistent', 'a': 96}
{'species': 'B', 'dial': 'Du', 'val': 0.65, 'ok': True, 'why': 'persistent', 'a': 25}
{'species': 'B', 'dial': 'Du', 'val': 0.8, 'ok': True, 'why': 'persistent', 'a': 25}
{'species': 'B', 'dial': 'Du', 'val': 0.95, 'ok': False, 'why': 'dead_or_tiny', 'a': 0}
A k1: ratio=1.3157894736842106 [-1.25,-0.95] locked=-1.0
A k4: ratio=1.2727272727272725 [1.1,1.4] locked=1.4
A Du: ratio=2.3749999999999996 [0.4,0.95] locked=0.65
B k1: ratio=1.206896551724138 [-1.75,-1.45] locked=-1.6506699999999999
B k4: ratio=1.225 [2.0,2.45] locked=2.15
B Du: ratio=2.0 [0.4,0.8] locked=0.65
total 78s
