14 to run (0 already done)
[start] E2_g+0.005_tb200_Db0
[start] E2_g+0.010_tb200_Db0
[start] E2_g+0.015_tb200_Db0
[start] E2_g-0.30_tb200_Db0
[done   140s] {"id": "E2_g+0.005_tb200_Db0", "status": "ok", "ncomp0": 1, "ncomp_end": 1, "ncomp_max": 1, "net_x": [0.021], "x_end": [48.27], "area_end": [32.25], "b_core_end": [0.00487], "b_dyn_min_all": 0.0, "b_dyn_max_all": 0.00487, "wall_s": 136.4, "tu_per_s": 10.99, "quick": {"v_x_0": 5.5e-05, "v_y_0": -5.6e-05, "c_com_med": 5.2e-05, "v_com_x": 5.5e-05, "v_com_y": -5.6e-05}}
[done   140s] {"id": "E2_g+0.010_tb200_Db0", "status": "ok", "ncomp0": 1, "ncomp_end": 1, "ncomp_max": 1, "net_x": [10.586], "x_end": [58.84], "area_end": [32.25], "b_core_end": [0.00249], "b_dyn_min_all": 0.0, "b_dyn_max_all": 0.00973, "wall_s": 136.9, "tu_per_s": 10.96, "quick": {"v_x_0": 0.033987, "v_y_0": -0.034203, "c_com_med": 0.046366, "v_com_x": 0.033987, "v_com_y": -0.034203}}
[done   140s] {"id": "E2_g+0.015_tb200_Db0", "status": "ok", "ncomp0": 1, "ncomp_end": 1, "ncomp_max": 1, "net_x": [20.481], "x_end": [68.73], "area_end": [32.0], "b_core_end": [0.00353], "b_dyn_min_all": 0.0, "b_dyn_max_all": 0.01452, "wall_s": 137.3, "tu_per_s": 10.93, "quick": {"v_x_0": 0.036019, "v_y_0": -0.036114, "c_com_med": 0.052043, "v_com_x": 0.036019, "v_com_y": -0.036114}}
[done   140s] {"id": "E2_g-0.30_tb200_Db0", "status": "ok", "ncomp0": 1, "ncomp_end": 1, "ncomp_max": 1, "net_x": [0.0], "x_end": [48.25], "area_end": [34.25], "b_core_end": [-0.29371], "b_dyn_min_all": -0.29375, "b_dyn_max_all": 0.0, "wall_s": 137.0, "tu_per_s": 10.95, "quick": {"v_x_0": -0.0, "v_y_0": 0.0, "c_com_med": 0.0, "v_com_x": -0.0, "v_com_y": 0.0}}
[start] E2_g-0.50_tb200_Db0
[start] E2_g+0.30_tb200_Db0
[start] E2_g+0.50_tb200_Db0
[start] E2_g+0.08_tb200_Db0.5
[done   185s] {"id": "E2_g-0.50_tb200_Db0", "status": "ok", "ncomp0": 1, "ncomp_end": 1, "ncomp_max": 1, "net_x": [0.0], "x_end": [48.25], "area_end": [36.25], "b_core_end": [-0.49073], "b_dyn_min_all": -0.49074, "b_dyn_max_all": 0.0, "wall_s": 183.1, "tu_per_s": 8.19, "quick": {"v_x_0": -0.0, "v_y_0": 0.0, "c_com_med": 0.0, "v_com_x": -0.0, "v_com_y": 0.0}}
[start] E2_g+0.10_tb200_Db0.5
[done   190s] {"id": "E2_g+0.30_tb200_Db0", "status": "ok", "ncomp0": 1, "ncomp_end": 2, "ncomp_max": 2, "net_x": [-91.618, -51.362], "x_end": [-43.37, 7.66], "area_end": [32.75, 33.0], "b_core_end": [0.0279, 0.02923], "b_dyn_min_all": 0.0, "b_dyn_max_all": 0.21563, "wall_s": 185.4, "tu_per_s": 8.09}
[done   190s] {"id": "E2_g+0.50_tb200_Db0", "status": "ok", "ncomp0": 1, "ncomp_end": 2, "ncomp_max": 2, "net_x": [-52.052, -49.689], "x_end": [-3.8, 7.39], "area_end": [32.25, 33.25], "b_core_end": [0.04766, 0.04998], "b_dyn_min_all": 0.0, "b_dyn_max_all": 0.32341, "wall_s": 184.7, "tu_per_s": 8.12}
[start] E2_g+0.05_tb200_Db0.5_T3000
[start] E2_g+0.02_tb50_Db0
[done   255s] {"id": "E2_g+0.08_tb200_Db0.5", "status": "ok", "ncomp0": 1, "ncomp_end": 1, "ncomp_max": 1, "net_x": [-0.0], "x_end": [48.25], "area_end": [32.25], "b_core_end": [0.00593], "b_dyn_min_all": -0.0, "b_dyn_max_all": 0.00597, "wall_s": 252.3, "tu_per_s": 5.94, "quick": {"v_x_0": -0.0, "v_y_0": 0.0, "c_com_med": 0.0, "v_com_x": -0.0, "v_com_y": 0.0}}
[start] E2_g+0.01_tb50_Db0
[done   300s] {"id": "E2_g+0.02_tb50_Db0", "status": "ok", "ncomp0": 1, "ncomp_end": 1, "ncomp_max": 1, "net_x": [29.455], "x_end": [77.71], "area_end": [32.75], "b_core_end": [0.01074], "b_dyn_min_all": 0.0, "b_dyn_max_all": 0.0195, "wall_s": 298.9, "tu_per_s": 5.02, "quick": {"v_x_0": 0.053245, "v_y_0": -0.053173, "c_com_med": 0.07505, "v_com_x": 0.053245, "v_com_y": -0.053173}}
[start] E2_g+0.05_tb200_Db0_kick
[done   360s] {"id": "E2_g+0.10_tb200_Db0.5", "status": "ok", "ncomp0": 1, "ncomp_end": 1, "ncomp_max": 1, "net_x": [-0.0], "x_end": [48.25], "area_end": [32.25], "b_core_end": [0.0074], "b_dyn_min_all": -0.0, "b_dyn_max_all": 0.00746, "wall_s": 356.3, "tu_per_s": 4.21, "quick": {"v_x_0": 0.0, "v_y_0": 0.0, "c_com_med": 0.0, "v_com_x": 0.0, "v_com_y": 0.0}}
[done   290s] {"id": "E2_g+0.01_tb50_Db0", "status": "ok", "ncomp0": 1, "ncomp_end": 1, "ncomp_max": 1, "net_x": [0.208], "x_end": [48.46], "area_end": [30.75], "b_core_end": [0.00975], "b_dyn_min_all": 0.0, "b_dyn_max_all": 0.00975, "wall_s": 288.8, "tu_per_s": 5.19, "quick": {"v_x_0": 0.000558, "v_y_0": -0.000561, "c_com_med": 0.000542, "v_com_x": 0.000558, "v_com_y": -0.000561}}
[start] E2_g+0.02_tb1000_Db0_T4000
[done   235s] {"id": "E2_g+0.05_tb200_Db0_kick", "status": "ok", "ncomp0": 1, "ncomp_end": 1, "ncomp_max": 1, "net_x": [116.399], "x_end": [164.65], "area_end": [32.0], "b_core_end": [0.0077], "b_dyn_min_all": 0.0, "b_dyn_max_all": 0.01467, "wall_s": 233.7, "tu_per_s": 6.42, "quick": {"v_x_0": 0.075754, "v_y_0": 0.0, "c_com_med": 0.075795, "v_com_x": 0.075754, "v_com_y": 0.0}}
[done   575s] {"id": "E2_g+0.05_tb200_Db0.5_T3000", "status": "ok", "ncomp0": 1, "ncomp_end": 1, "ncomp_max": 1, "net_x": [-0.0], "x_end": [48.25], "area_end": [32.25], "b_core_end": [0.00371], "b_dyn_min_all": -0.0, "b_dyn_max_all": 0.00374, "wall_s": 573.6, "tu_per_s": 5.23, "quick": {"v_x_0": 0.0, "v_y_0": -0.0, "c_com_med": 0.0, "v_com_x": 0.0, "v_com_y": -0.0}}
[done   550s] {"id": "E2_g+0.02_tb1000_Db0_T4000", "status": "ok", "ncomp0": 1, "ncomp_end": 1, "ncomp_max": 1, "net_x": [71.566], "x_end": [119.82], "area_end": [32.5], "b_core_end": [0.00141], "b_dyn_min_all": 0.0, "b_dyn_max_all": 0.01359, "wall_s": 547.0, "tu_per_s": 7.31, "quick": {"v_x_0": 0.024019, "v_y_0": -0.024178, "c_com_med": 0.034232, "v_com_x": 0.024019, "v_com_y": -0.024178}}
ALL DONE
