=== gates first (locked before benchmarks) ===
bf: padded-vs-solo relL2=5.78e-07 ok=True pad-slots-zero=True
xv: padded-vs-solo relL2=0.00e+00 ok=True pad-slots-zero=True
noise stream batch-invariant (m4, seed 7): relL2=5.87e-07 ok=True
PASS
chunked==single (f32+noise, T=100): fields True records True
f64 noise-free GPU-vs-CPU relL2 @T=25: 1.004e-13
PASS
m0    single relL2=4.795e-14 [PASS]
m4    single relL2=7.778e-13 [PASS]
xv    single relL2=2.298e-13 [PASS]
bf    single relL2=5.903e-13 [PASS]
pred  single relL2=3.656e-13 [PASS]
coex  single relL2=2.407e-14 [PASS]
mv3   single relL2=1.137e-13 [PASS]
m0    batch7 relL2=4.833e-14 [PASS]
m4    batch7 relL2=7.914e-13 [PASS]
xv    batch7 relL2=2.301e-13 [PASS]
bf    batch7 relL2=5.960e-13 [PASS]
pred  batch7 relL2=3.656e-13 [PASS]
coex  batch7 relL2=2.407e-14 [PASS]
mv3   batch7 relL2=1.137e-13 [PASS]
GATE-F64: PASS
A1 A4s dt=0.02: ok d*=15.395164353695312 [PASS]
A2 A5 dt=0.005: ok d*=15.721524278690033 [PASS]
A3 A5 dt=0.02 trap: replicated at t=2250.0 [PASS]
GATE-ANCHOR: PASS
=== parity runs (GPU soup, scored locally later) ===
t=500
t=1000
t=1500
t=2000
t=2500
t=3000
t=3500
t=4000
t=4500
t=5000
batch of 21 worlds T=5000 done in 650s
saved /home/ubuntu/physim/probes/blobs/gpu/results/parity_runs/gpu_m0_s1.npz status=ok T=5000.0
saved /home/ubuntu/physim/probes/blobs/gpu/results/parity_runs/gpu_m0_s2.npz status=ok T=5000.0
saved /home/ubuntu/physim/probes/blobs/gpu/results/parity_runs/gpu_m0_s3.npz status=ok T=5000.0
saved /home/ubuntu/physim/probes/blobs/gpu/results/parity_runs/gpu_m4_s1.npz status=ok T=5000.0
saved /home/ubuntu/physim/probes/blobs/gpu/results/parity_runs/gpu_m4_s2.npz status=ok T=5000.0
saved /home/ubuntu/physim/probes/blobs/gpu/results/parity_runs/gpu_m4_s3.npz status=ok T=5000.0
saved /home/ubuntu/physim/probes/blobs/gpu/results/parity_runs/gpu_xv_s1.npz status=ok T=5000.0
saved /home/ubuntu/physim/probes/blobs/gpu/results/parity_runs/gpu_xv_s2.npz status=ok T=5000.0
saved /home/ubuntu/physim/probes/blobs/gpu/results/parity_runs/gpu_xv_s3.npz status=ok T=5000.0
saved /home/ubuntu/physim/probes/blobs/gpu/results/parity_runs/gpu_bf_s1.npz status=ok T=5000.0
saved /home/ubuntu/physim/probes/blobs/gpu/results/parity_runs/gpu_bf_s2.npz status=ok T=5000.0
saved /home/ubuntu/physim/probes/blobs/gpu/results/parity_runs/gpu_bf_s3.npz status=ok T=5000.0
saved /home/ubuntu/physim/probes/blobs/gpu/results/parity_runs/gpu_pred_s1.npz status=ok T=5000.0
saved /home/ubuntu/physim/probes/blobs/gpu/results/parity_runs/gpu_pred_s2.npz status=ok T=5000.0
saved /home/ubuntu/physim/probes/blobs/gpu/results/parity_runs/gpu_pred_s3.npz status=ok T=5000.0
saved /home/ubuntu/physim/probes/blobs/gpu/results/parity_runs/gpu_coex_s1.npz status=ok T=5000.0
saved /home/ubuntu/physim/probes/blobs/gpu/results/parity_runs/gpu_coex_s2.npz status=ok T=5000.0
saved /home/ubuntu/physim/probes/blobs/gpu/results/parity_runs/gpu_coex_s3.npz status=ok T=5000.0
saved /home/ubuntu/physim/probes/blobs/gpu/results/parity_runs/gpu_mv3_s1.npz status=ok T=5000.0
saved /home/ubuntu/physim/probes/blobs/gpu/results/parity_runs/gpu_mv3_s2.npz status=ok T=5000.0
saved /home/ubuntu/physim/probes/blobs/gpu/results/parity_runs/gpu_mv3_s3.npz status=ok T=5000.0
=== benchmarks ===
backend: [CudaDevice(id=0)]
B=   1 (    9 fields)    0.133 ms/step   14.76 us/field-step
B=   2 (   18 fields)    0.123 ms/step    6.85 us/field-step
B=   4 (   36 fields)    0.193 ms/step    5.35 us/field-step
B=   8 (   72 fields)    0.361 ms/step    5.01 us/field-step
B=  16 (  144 fields)    0.884 ms/step    6.14 us/field-step
B=  32 (  288 fields)    1.677 ms/step    5.82 us/field-step
B=  64 (  576 fields)    3.265 ms/step    5.67 us/field-step
B=  96 (  864 fields)    4.861 ms/step    5.63 us/field-step
B= 128 ( 1152 fields)    6.606 ms/step    5.73 us/field-step
B= 224 ( 2016 fields)   11.492 ms/step    5.70 us/field-step
B=   1 (    9 fields)    0.145 ms/step   16.14 us/field-step
B=   4 (   36 fields)    0.356 ms/step    9.90 us/field-step
B=  16 (  144 fields)    1.599 ms/step   11.10 us/field-step
B=  64 (  576 fields)    6.044 ms/step   10.49 us/field-step
B=  96 (  864 fields)    9.000 ms/step   10.42 us/field-step
N=  128    0.081 ms/step
N=  256    0.108 ms/step
N=  512    0.242 ms/step
N= 1024    0.907 ms/step
N=  256    0.146 ms/step
N=  512    0.431 ms/step
N= 1024    1.749 ms/step
fused+E       4.854 ms/step
unfused       5.345 ms/step
expfly        4.776 ms/step
nonoise       4.380 ms/step
py-loop       5.261 ms/step
=== headline ===
backend: [CudaDevice(id=0)]
Traceback (most recent call last):
  File "/home/ubuntu/physim/probes/blobs/gpu/bench/bench_headline.py", line 90, in <module>
    steponly(N, B)
  File "/home/ubuntu/physim/probes/blobs/gpu/bench/bench_headline.py", line 70, in steponly
    ms, F = time_chunk(F, p, keys, K=250, R=5)
            ^^^^^^^^^^^^^^^^^^^^^^^^^^^^^^^^^^
TypeError: time_chunk() missing 1 required positional argument: 'step'
backend: [CudaDevice(id=0)]
t=500
t=1000
t=1500
t=2000
t=2500
{"kind": "headline_pop96", "B": 96, "world": "pred", "T": 2500.0, "L": 128.0, "t_init_s": 3.0, "wall_s": 1695.8, "worlds_per_hour": 203.8, "statuses": {"ok": 96}}
backend: [CudaDevice(id=0)]
{"kind": "headline_big512", "N": 512, "world": "pred", "T": 10000.0, "t_init_s": 0.8, "wall_s": 266.9, "ms_per_step_with_records": 0.5339, "status": "ok"}
backend: [CudaDevice(id=0)]
{"kind": "headline_big1024", "N": 1024, "world": "pred", "T": 10000.0, "t_init_s": 1.3, "wall_s": 1215.1, "ms_per_step_with_records": 2.4302, "status": "ok"}
=== done ===
