t=500
t=1000
t=1500
t=2000
t=2500
t=3000
t=3500
t=4000
t=4500
t=5000
batch of 21 worlds T=5000 done in 650s
saved /home/ubuntu/physim/probes/blobs/gpu/results/parity_runs/gpu_m0_s1.npz status=ok T=5000.0
saved /home/ubuntu/physim/probes/blobs/gpu/results/parity_runs/gpu_m0_s2.npz status=ok T=5000.0
saved /home/ubuntu/physim/probes/blobs/gpu/results/parity_runs/gpu_m0_s3.npz status=ok T=5000.0
saved /home/ubuntu/physim/probes/blobs/gpu/results/parity_runs/gpu_m4_s1.npz status=ok T=5000.0
saved /home/ubuntu/physim/probes/blobs/gpu/results/parity_runs/gpu_m4_s2.npz status=ok T=5000.0
saved /home/ubuntu/physim/probes/blobs/gpu/results/parity_runs/gpu_m4_s3.npz status=ok T=5000.0
saved /home/ubuntu/physim/probes/blobs/gpu/results/parity_runs/gpu_xv_s1.npz status=ok T=5000.0
saved /home/ubuntu/physim/probes/blobs/gpu/results/parity_runs/gpu_xv_s2.npz status=ok T=5000.0
saved /home/ubuntu/physim/probes/blobs/gpu/results/parity_runs/gpu_xv_s3.npz status=ok T=5000.0
saved /home/ubuntu/physim/probes/blobs/gpu/results/parity_runs/gpu_bf_s1.npz status=ok T=5000.0
saved /home/ubuntu/physim/probes/blobs/gpu/results/parity_runs/gpu_bf_s2.npz status=ok T=5000.0
saved /home/ubuntu/physim/probes/blobs/gpu/results/parity_runs/gpu_bf_s3.npz status=ok T=5000.0
saved /home/ubuntu/physim/probes/blobs/gpu/results/parity_runs/gpu_pred_s1.npz status=ok T=5000.0
saved /home/ubuntu/physim/probes/blobs/gpu/results/parity_runs/gpu_pred_s2.npz status=ok T=5000.0
saved /home/ubuntu/physim/probes/blobs/gpu/results/parity_runs/gpu_pred_s3.npz status=ok T=5000.0
saved /home/ubuntu/physim/probes/blobs/gpu/results/parity_runs/gpu_coex_s1.npz status=ok T=5000.0
saved /home/ubuntu/physim/probes/blobs/gpu/results/parity_runs/gpu_coex_s2.npz status=ok T=5000.0
saved /home/ubuntu/physim/probes/blobs/gpu/results/parity_runs/gpu_coex_s3.npz status=ok T=5000.0
saved /home/ubuntu/physim/probes/blobs/gpu/results/parity_runs/gpu_mv3_s1.npz status=ok T=5000.0
saved /home/ubuntu/physim/probes/blobs/gpu/results/parity_runs/gpu_mv3_s2.npz status=ok T=5000.0
saved /home/ubuntu/physim/probes/blobs/gpu/results/parity_runs/gpu_mv3_s3.npz status=ok T=5000.0
