24 candidates
[1/24] over=0.6 marg=3.0 rho=1.6 r0=0.006 (Rs=0.53) -> ncell=3235 bimod=1.0 lo=0.0 pur=0.915 Rm=0.545 Wm=0.727 OK=False sat=False (5.5s)
[2/24] over=0.6 marg=3.0 rho=1.6 r0=0.009 (Rs=0.53) -> ncell=3959 bimod=0.0 lo=0.04 pur=0.838 Rm=0.551 Wm=0.949 OK=False sat=True (5.5s)
[3/24] over=0.6 marg=3.0 rho=2.2 r0=0.006 (Rs=0.53) -> ncell=3376 bimod=0.0 lo=0.09 pur=0.792 Rm=0.534 Wm=0.651 OK=False sat=False (5.6s)
[4/24] over=0.6 marg=3.0 rho=2.2 r0=0.009 (Rs=0.53) -> ncell=3666 bimod=0.78 lo=0.45 pur=0.572 Rm=0.628 Wm=0.425 OK=False sat=False (5.5s)
[5/24] over=0.6 marg=4.5 rho=1.6 r0=0.006 (Rs=0.36) -> ncell=4021 bimod=0.0 lo=0.32 pur=0.548 Rm=0.439 Wm=0.423 OK=False sat=True (5.5s)
[6/24] over=0.6 marg=4.5 rho=1.6 r0=0.009 (Rs=0.36) -> ncell=4067 bimod=0.0 lo=0.33 pur=0.427 Rm=0.51 Wm=0.437 OK=False sat=True (5.6s)
[7/24] over=0.6 marg=4.5 rho=2.2 r0=0.006 (Rs=0.36) -> ncell=4042 bimod=0.0 lo=0.41 pur=0.307 Rm=0.486 Wm=0.29 OK=False sat=True (5.4s)
[8/24] over=0.6 marg=4.5 rho=2.2 r0=0.009 (Rs=0.36) -> ncell=4068 bimod=0.0 lo=0.53 pur=0.254 Rm=0.562 Wm=0.297 OK=False sat=True (5.3s)
[9/24] over=1.0 marg=4.5 rho=1.6 r0=0.006 (Rs=0.44) -> ncell=3831 bimod=1.0 lo=0.0 pur=0.92 Rm=0.443 Wm=0.859 OK=False sat=False (5.3s)
[10/24] over=1.0 marg=4.5 rho=1.6 r0=0.009 (Rs=0.44) -> ncell=3984 bimod=0.57 lo=0.29 pur=0.67 Rm=0.517 Wm=0.626 OK=False sat=True (5.3s)
[11/24] over=1.0 marg=4.5 rho=2.2 r0=0.006 (Rs=0.44) -> ncell=3815 bimod=0.91 lo=0.38 pur=0.668 Rm=0.489 Wm=0.439 OK=False sat=False (5.3s)
[12/24] over=1.0 marg=4.5 rho=2.2 r0=0.009 (Rs=0.44) -> ncell=3880 bimod=0.95 lo=0.52 pur=0.621 Rm=0.57 Wm=0.385 OK=False sat=False (5.3s)
[13/24] over=1.0 marg=6.0 rho=1.6 r0=0.006 (Rs=0.33) -> ncell=4034 bimod=0.92 lo=0.38 pur=0.691 Rm=0.405 Wm=0.432 OK=False sat=True (5.3s)
[14/24] over=1.0 marg=6.0 rho=1.6 r0=0.009 (Rs=0.33) -> ncell=4062 bimod=0.79 lo=0.42 pur=0.62 Rm=0.471 Wm=0.465 OK=False sat=True (5.2s)
[15/24] over=1.0 marg=6.0 rho=2.2 r0=0.006 (Rs=0.33) -> ncell=4001 bimod=0.82 lo=0.54 pur=0.534 Rm=0.448 Wm=0.304 OK=False sat=True (5.3s)
[16/24] over=1.0 marg=6.0 rho=2.2 r0=0.009 (Rs=0.33) -> ncell=4068 bimod=0.74 lo=0.6 pur=0.423 Rm=0.528 Wm=0.321 OK=False sat=True (5.6s)
[17/24] over=1.5 marg=6.0 rho=1.6 r0=0.006 (Rs=0.42) -> ncell=3845 bimod=1.0 lo=0.0 pur=0.92 Rm=0.409 Wm=0.896 OK=False sat=False (5.4s)
[18/24] over=1.5 marg=6.0 rho=1.6 r0=0.009 (Rs=0.42) -> ncell=4007 bimod=0.8 lo=0.31 pur=0.725 Rm=0.49 Wm=0.613 OK=False sat=True (5.3s)
[19/24] over=1.5 marg=6.0 rho=2.2 r0=0.006 (Rs=0.42) -> ncell=3932 bimod=0.98 lo=0.37 pur=0.747 Rm=0.457 Wm=0.454 OK=False sat=True (5.3s)
[20/24] over=1.5 marg=6.0 rho=2.2 r0=0.009 (Rs=0.42) -> ncell=4014 bimod=0.99 lo=0.52 pur=0.756 Rm=0.535 Wm=0.376 OK=True sat=True (5.3s)
[21/24] over=1.5 marg=8.0 rho=1.6 r0=0.006 (Rs=0.31) -> ncell=4051 bimod=1.0 lo=0.39 pur=0.794 Rm=0.387 Wm=0.412 OK=True sat=True (5.3s)
[22/24] over=1.5 marg=8.0 rho=1.6 r0=0.009 (Rs=0.31) -> ncell=4063 bimod=0.96 lo=0.43 pur=0.743 Rm=0.458 Wm=0.455 OK=False sat=True (5.3s)
[23/24] over=1.5 marg=8.0 rho=2.2 r0=0.006 (Rs=0.31) -> ncell=4044 bimod=1.0 lo=0.54 pur=0.754 Rm=0.427 Wm=0.286 OK=True sat=True (5.3s)
[24/24] over=1.5 marg=8.0 rho=2.2 r0=0.009 (Rs=0.31) -> ncell=4065 bimod=0.97 lo=0.58 pur=0.638 Rm=0.498 Wm=0.336 OK=False sat=True (5.3s)
total 129s
