   probe R=1.0200 kc=1e-03 -> locked (slips=0 exc=0.1314 rho=1.0011)
   probe R=1.3000 kc=1e-03 -> locked (slips=0 exc=0.8925 rho=1.0993)
   probe R=1.4950 kc=1e-03 -> marginal (slips=2 exc=1.9932 rho=1.3332)
   probe R=1.3975 kc=1e-03 -> marginal (slips=1 exc=0.9941 rho=1.094)
   probe R=1.3487 kc=1e-03 -> locked (slips=0 exc=0.8923 rho=1.0917)
   probe R=1.3731 kc=1e-03 -> locked (slips=0 exc=0.8675 rho=1.0908)
   probe R=1.3853 kc=1e-03 -> marginal (slips=1 exc=0.9946 rho=1.1001)
kc=1e-03: R_c_upper ~ 1.3792
   probe R=1.0200 kc=2e-03 -> locked (slips=0 exc=0.0277 rho=0.9985)
   probe R=1.3000 kc=2e-03 -> locked (slips=0 exc=0.0704 rho=1.0049)
   probe R=1.4950 kc=2e-03 -> locked (slips=0 exc=0.054 rho=0.9987)
   probe R=1.7190 kc=2e-03 -> locked (slips=0 exc=0.0746 rho=0.9995)
   probe R=1.9770 kc=2e-03 -> marginal (slips=2 exc=1.0307 rho=1.2514)
   probe R=1.8480 kc=2e-03 -> marginal (slips=2 exc=2.0095 rho=1.2274)
   probe R=1.7835 kc=2e-03 -> marginal (slips=2 exc=1.9867 rho=1.2254)
   probe R=1.7513 kc=2e-03 -> marginal (slips=1 exc=1.0233 rho=1.2054)
   probe R=1.7351 kc=2e-03 -> marginal (slips=1 exc=1.0023 rho=1.1064)
kc=2e-03: R_c_upper ~ 1.7271
   probe R=1.0200 kc=4e-03 -> locked (slips=0 exc=0.0174 rho=1.0)
   probe R=1.3000 kc=4e-03 -> locked (slips=0 exc=0.0119 rho=1.0001)
   probe R=1.4950 kc=4e-03 -> locked (slips=0 exc=0.0158 rho=1.0002)
   probe R=1.7190 kc=4e-03 -> locked (slips=0 exc=0.0158 rho=1.0)
   probe R=1.9770 kc=4e-03 -> locked (slips=0 exc=0.9888 rho=1.1081)
   probe R=2.2740 kc=4e-03 -> locked (slips=0 exc=0.986 rho=1.096)
   probe R=2.4445 kc=4e-03 -> marginal (slips=2 exc=1.9819 rho=1.4217)
   probe R=2.3593 kc=4e-03 -> slip (slips=4 exc=2.282 rho=1.8159)
   probe R=2.3167 kc=4e-03 -> marginal (slips=1 exc=0.9861 rho=1.1236)
   probe R=2.2954 kc=4e-03 -> marginal (slips=2 exc=1.9165 rho=1.4987)
kc=4e-03: R_c_upper ~ 2.2847
   probe R=1.0200 kc=8e-03 -> locked (slips=0 exc=0.016 rho=1.0012)
   probe R=1.3000 kc=8e-03 -> locked (slips=0 exc=0.0119 rho=0.9997)
   probe R=1.4950 kc=8e-03 -> locked (slips=0 exc=0.0095 rho=0.9991)
   probe R=1.7190 kc=8e-03 -> locked (slips=0 exc=0.014 rho=0.9991)
   probe R=1.9770 kc=8e-03 -> locked (slips=0 exc=0.0262 rho=0.9983)
   probe R=2.2740 kc=8e-03 -> locked (slips=0 exc=0.0272 rho=0.997)
   probe R=2.4445 kc=8e-03 -> locked (slips=0 exc=0.0188 rho=1.0001)
   probe R=2.5297 kc=8e-03 -> marginal (slips=1 exc=0.63 rho=1.0997)
   probe R=2.4871 kc=8e-03 -> locked (slips=0 exc=0.0338 rho=1.0007)
   probe R=2.5084 kc=8e-03 -> locked (slips=0 exc=0.0239 rho=0.9992)
kc=8e-03: R_c_upper ~ 2.5191
campC done
