11 to run (0 already done)
[start] isoA_d0.55
[start] isoA_d0.6
[start] isoA_d0.65
[start] isoA_d0.7
[done   545s] {"id": "isoA_d0.65", "n": 21, "status": "ok", "key": {"verdict": "pinned", "v_x": -2.6466368461572143e-14, "v_y": -1.2925055275896554e-15, "r2_x": 0.9884699575164239, "net_x": -4.348521542851813e-11, "area_max": 36.25, "n": 75, "t_lo": 150.0, "t_hi": 2000.0, "x_lo": 47.9999999999999, "x_hi": 47.999999999956415}}
[done   545s] {"id": "isoA_d0.7", "n": 22, "status": "ok", "key": {"verdict": "pinned", "v_x": 0.0, "v_y": 1.5046509496286327e-14, "r2_x": -0.12315270935960587, "net_x": -6.394884621840902e-14, "area_max": 34.25, "n": 75, "t_lo": 150.0, "t_hi": 2000.0, "x_lo": 47.99999999999995, "x_hi": 47.999999999999886}}
[start] Bcurve_eps0.0025_s1
[start] Bcurve_eps0.0025_s2
[done   550s] {"id": "isoA_d0.55", "n": 24, "status": "ok", "key": {"verdict": "pinned", "v_x": -1.2652374784843884e-15, "v_y": -9.271136695790777e-17, "r2_x": 0.9800580280331109, "net_x": -2.3945290195115376e-12, "area_max": 50.75, "n": 75, "t_lo": 150.0, "t_hi": 2000.0, "x_lo": 47.99999999999989, "x_hi": 47.9999999999975}}
[done   550s] {"id": "isoA_d0.6", "n": 23, "status": "ok", "key": {"verdict": "pinned", "v_x": -5.688115043358694e-15, "v_y": 1.5270107498949516e-16, "r2_x": 0.9037044635964281, "net_x": -9.777068044058979e-12, "area_max": 36.25, "n": 75, "t_lo": 150.0, "t_hi": 2000.0, "x_lo": 47.99999999999992, "x_hi": 47.999999999990145}}
[start] Bcurve_eps0.0025_s3
[start] Bcurve_eps0.0025_dx025
[done   531s] {"id": "Bcurve_eps0.0025_s2", "n": 25, "status": "ok", "key": {"verdict": "drifts", "v_x": 0.006763951695871397, "v_y": 2.7821200266527295e-06, "r2_x": 0.9999234282350061, "net_x": 8.842407766183257, "area_max": 32.0, "n": 132, "t_lo": 150.0, "t_hi": 1460.0, "x_lo": 25.080188340902225, "x_hi": 33.92259610708548}}
[start] Bflip_eps0.00875_s0
[done   536s] {"id": "Bcurve_eps0.0025_s1", "n": 26, "status": "ok", "key": {"verdict": "drifts", "v_x": 0.006777228414061985, "v_y": -1.6156545621713103e-05, "r2_x": 0.9999353170655458, "net_x": 8.87729692498592, "area_max": 32.25, "n": 132, "t_lo": 150.0, "t_hi": 1460.0, "x_lo": 25.079576114152417, "x_hi": 33.95687303913834}}
[start] Bflip_eps0.01_s1
[done   546s] {"id": "Bcurve_eps0.0025_s3", "n": 27, "status": "ok", "key": {"verdict": "drifts", "v_x": 0.0067910131248981815, "v_y": 1.5379660588324445e-05, "r2_x": 0.9999455632286454, "net_x": 8.872900359469611, "area_max": 32.25, "n": 132, "t_lo": 150.0, "t_hi": 1460.0, "x_lo": 25.07622706111109, "x_hi": 33.9491274205807}}
[start] Bflip_eps0.0125_s0
[done   491s] {"id": "Bflip_eps0.00875_s0", "n": 28, "status": "ok", "key": {"verdict": "drifts", "v_x": 0.025140859479377633, "v_y": 4.474838383776867e-16, "r2_x": 0.9997298345620954, "net_x": 6.085437722644002, "area_max": 35.25, "n": 25, "t_lo": 150.0, "t_hi": 390.0, "x_lo": 27.832981589218313, "x_hi": 33.918419311862316}}
[done   496s] {"id": "Bflip_eps0.01_s1", "n": 29, "status": "ok", "key": {"verdict": "drifts", "v_x": -0.046560907673835084, "v_y": 1.9020062156785747e-14, "r2_x": 0.9868900100887105, "net_x": -13.935114782076447, "area_max": 32.75, "n": 36, "t_lo": 150.0, "t_hi": 500.0, "x_lo": 28.23972711161379, "x_hi": 14.304612329537342}}
[done   501s] {"id": "Bflip_eps0.0125_s0", "n": 30, "status": "ok", "key": {"verdict": "drifts", "v_x": -0.0471079997307146, "v_y": -3.7195133724143874e-14, "r2_x": 0.9619850782053643, "net_x": -14.071793119733996, "area_max": 29.0, "n": 35, "t_lo": 150.0, "t_hi": 490.0, "x_lo": 28.081109377962115, "x_hi": 14.009316258228118}}
[done  1126s] {"id": "Bcurve_eps0.0025_dx025", "n": 31, "status": "ok", "key": {"verdict": "drifts", "v_x": 0.006694615961109454, "v_y": -7.517543190765384e-16, "r2_x": 0.9999550365606722, "net_x": 3.669578876972686, "area_max": 30.6875, "n": 56, "t_lo": 150.0, "t_hi": 700.0, "x_lo": 25.086431023506336, "x_hi": 28.75600990047902}}
ALL DONE
