11 to run (0 already done)
[start] Ap065_drift_eps0.00125
[start] Ap065_drift_eps0.00375
[start] Ap065_drift_eps0.0075
[start] Ap065_eps0.0025_s1
[done   345s] {"id": "Ap065_drift_eps0.00375", "n": 38, "status": "ok", "key": {"verdict": "drifts", "v_x": 0.014156438690713907, "v_y": 1.0750270960236998e-14, "r2_x": 0.9935682502019976, "net_x": 4.925988037220193, "area_max": 243.5, "n": 37, "t_lo": 150.0, "t_hi": 510.0, "x_lo": 26.50067396299324, "x_hi": 31.426662000213433}}
[done   345s] {"id": "Ap065_drift_eps0.0075", "n": 39, "status": "ok", "key": {"verdict": "drifts", "v_x": 0.023749656693741242, "v_y": 1.881007828268869e-14, "r2_x": 0.9868594150740821, "net_x": 2.8580003447051467, "area_max": 163.25, "n": 13, "t_lo": 150.0, "t_hi": 270.0, "x_lo": 29.13505198311629, "x_hi": 31.993052327821438}}
[start] Ap065_eps0.0025_s2
[start] Ap065_eps0.0025_s3
[done   435s] {"id": "Ap065_drift_eps0.00125", "n": 40, "status": "ok", "key": {"verdict": "drifts", "v_x": 0.005512988302508447, "v_y": -1.0484143725877886e-15, "r2_x": 0.995862322808873, "net_x": 6.5885735026002195, "area_max": 202.25, "n": 114, "t_lo": 150.0, "t_hi": 1280.0, "x_lo": 24.85063959147979, "x_hi": 31.43921309408001}}
[start] Bflip_eps0.009_s0
[done   551s] {"id": "Ap065_eps0.0025_s1", "n": 41, "status": "ok", "key": {"verdict": "drifts", "v_x": 0.009508504762348038, "v_y": 0.00034338890692102745, "r2_x": 0.9956262621122929, "net_x": 4.716747663558088, "area_max": 352.0, "n": 52, "t_lo": 150.0, "t_hi": 660.0, "x_lo": 25.64349505981493, "x_hi": 30.36024272337302}}
[start] Bflip_eps0.0095_s0
[done   375s] {"id": "Bflip_eps0.009_s0", "n": 42, "status": "ok", "key": {"verdict": "drifts", "v_x": 0.025938838485289415, "v_y": 3.389110083697975e-16, "r2_x": 0.9998111551550598, "net_x": 6.028055720052713, "area_max": 35.75, "n": 24, "t_lo": 150.0, "t_hi": 380.0, "x_lo": 27.92018981087252, "x_hi": 33.948245530925234}}
[start] Bflip_eps0.0125_s1
[done   551s] {"id": "Ap065_eps0.0025_s3", "n": 43, "status": "ok", "key": {"verdict": "drifts", "v_x": 0.011336241794832478, "v_y": 0.0008878803057816676, "r2_x": 0.9965994476553265, "net_x": 7.079828045698214, "area_max": 123.75, "n": 61, "t_lo": 150.0, "t_hi": 750.0, "x_lo": 25.64987026115982, "x_hi": 32.72969830685803}}
[done   345s] {"id": "Bflip_eps0.0095_s0", "n": 44, "status": "ok", "key": {"verdict": "drifts", "v_x": 0.027488932925087084, "v_y": 4.842574468700898e-16, "r2_x": 0.9997772037938831, "net_x": 5.7294044263137, "area_max": 35.75, "n": 22, "t_lo": 150.0, "t_hi": 360.0, "x_lo": 28.232337454198763, "x_hi": 33.96174188051246}}
[start] Bflip_eps0.0125_s2
[start] selcouple_demo
[done   556s] {"id": "Ap065_eps0.0025_s2", "n": 45, "status": "ok", "key": {"verdict": "drifts", "v_x": 0.01092260816029554, "v_y": 0.0012092857565454726, "r2_x": 0.9990419322954867, "net_x": 6.264170244805527, "area_max": 150.25, "n": 57, "t_lo": 150.0, "t_hi": 710.0, "x_lo": 25.64112060016744, "x_hi": 31.905290844972967}}
[done   370s] {"id": "Bflip_eps0.0125_s1", "n": 46, "status": "ok", "key": {"verdict": "drifts", "v_x": -0.02384018522650247, "v_y": 0.0019742763280488915, "r2_x": 0.897507155190936, "net_x": -13.413408092634988, "area_max": 25.75, "n": 54, "t_lo": 150.0, "t_hi": 680.0, "x_lo": 27.46488775511054, "x_hi": 14.05147966247555}}
[done   350s] {"id": "Bflip_eps0.0125_s2", "n": 48, "status": "ok", "key": {"verdict": "drifts", "v_x": -0.056190233826204077, "v_y": -0.017078471021226678, "r2_x": 0.9756782014091891, "net_x": -12.758502993630337, "area_max": 26.75, "n": 26, "t_lo": 150.0, "t_hi": 400.0, "x_lo": 26.84123758129472, "x_hi": 14.082734587664383}}
[done   350s] {"id": "selcouple_demo", "n": 47, "status": "ok", "key": {"verdict": "drifts", "v_x": 0.015360381507731787, "v_y": -2.9736206340088495e-07, "r2_x": 0.9998094853238865, "net_x": 7.574993385428904, "area_max": 36.0, "n": 50, "t_lo": 150.0, "t_hi": 640.0, "x_lo": 26.346045016005277, "x_hi": 33.92103840143418}}
ALL DONE
