12 to run (0 already done)
[start] Bcurve_eps0.00125
[start] Bcurve_eps0.0025
[start] Bcurve_eps0.00375
[start] Bcurve_eps0.005
[done   350s] {"id": "Bcurve_eps0.005", "n": 4, "status": "ok", "key": {"verdict": "drifts", "v_x": 0.013871590922962645, "v_y": 9.812060745122466e-17, "r2_x": 0.9998325209520221, "net_x": 7.770212021552524, "area_max": 34.25, "n": 57, "t_lo": 150.0, "t_hi": 710.0, "x_lo": 26.186108843532317, "x_hi": 33.95632086508484}}
[start] Bcurve_eps0.0075
[done   360s] {"id": "Bcurve_eps0.00375", "n": 5, "status": "ok", "key": {"verdict": "drifts", "v_x": 0.010282113281042974, "v_y": -2.49691632387046e-16, "r2_x": 0.9998793283560431, "net_x": 8.287882209224328, "area_max": 32.75, "n": 82, "t_lo": 150.0, "t_hi": 960.0, "x_lo": 25.62530894616731, "x_hi": 33.91319115539164}}
[start] Bcurve_eps0.01
[done   436s] {"id": "Bcurve_eps0.0025", "n": 6, "status": "ok", "key": {"verdict": "drifts", "v_x": 0.0067697919115146145, "v_y": -3.499756745150908e-16, "r2_x": 0.9999296867937663, "net_x": 8.865636887715581, "area_max": 32.25, "n": 132, "t_lo": 150.0, "t_hi": 1460.0, "x_lo": 25.0785754105287, "x_hi": 33.94421229824428}}
[start] Bnoise_sig0.01
[done   441s] {"id": "Bcurve_eps0.00125", "n": 7, "status": "ok", "key": {"verdict": "drifts", "v_x": 0.003325895823268334, "v_y": -8.589312402182812e-16, "r2_x": 0.9999142110964153, "net_x": 4.4660341595346225, "area_max": 31.0, "n": 136, "t_lo": 150.0, "t_hi": 1500.0, "x_lo": 24.54688205899646, "x_hi": 29.012916218531082}}
[start] Bnoise_sig0.02
[done   270s] {"id": "Bcurve_eps0.0075", "n": 8, "status": "ok", "key": {"verdict": "drifts", "v_x": 0.021334391047162518, "v_y": 2.5226396918387893e-16, "r2_x": 0.9998005244263258, "net_x": 6.630829678688038, "area_max": 35.25, "n": 32, "t_lo": 150.0, "t_hi": 460.0, "x_lo": 27.292317635859334, "x_hi": 33.92314731454737}}
[start] Bnoise_sig0.03
[done   270s] {"id": "Bcurve_eps0.01", "n": 9, "status": "ok", "key": {"verdict": "drifts", "v_x": -0.046560907673835084, "v_y": 1.9020062156785747e-14, "r2_x": 0.9868900100887105, "net_x": -13.935114782076447, "area_max": 32.75, "n": 36, "t_lo": 150.0, "t_hi": 500.0, "x_lo": 28.23972711161379, "x_hi": 14.304612329537342}}
[start] Bpark_eps0.0075
[done   290s] {"id": "Bnoise_sig0.01", "n": 10, "status": "ok", "key": {"verdict": "pinned", "v_x": 2.59694455694387e-05, "v_y": 5.965010208084005e-05, "r2_x": 0.07122798999678648, "net_x": 0.002997119212174937, "area_max": 30.25, "n": 66, "t_lo": 150.0, "t_hi": 800.0, "x_lo": 48.041721594029305, "x_hi": 48.04471871324148}}
[start] Bpark_eps0.01
[done   290s] {"id": "Bnoise_sig0.02", "n": 11, "status": "ok", "key": {"verdict": "pinned", "v_x": 3.1204411794242675e-05, "v_y": 0.0001518456271216248, "r2_x": 0.03201341421637294, "net_x": 0.026257907367700284, "area_max": 30.5, "n": 66, "t_lo": 150.0, "t_hi": 800.0, "x_lo": 48.05191049608307, "x_hi": 48.07816840345077}}
[start] Bpark_eps0.015
[done   295s] {"id": "Bnoise_sig0.03", "n": 12, "status": "ok", "key": {"verdict": "pinned", "v_x": 7.764716190280556e-05, "v_y": 0.0002593875157149168, "r2_x": 0.08003472484236085, "net_x": 0.07278288847496128, "area_max": 30.25, "n": 66, "t_lo": 150.0, "t_hi": 800.0, "x_lo": 48.07631144108345, "x_hi": 48.14909432955841}}
[done   416s] {"id": "Bpark_eps0.0075", "n": 13, "status": "ok", "key": {"verdict": "drifts", "v_x": 0.02074754393716946, "v_y": -3.26126662499299e-16, "r2_x": 0.9955329250681759, "net_x": 6.023366409234221, "area_max": 92.0, "n": 31, "t_lo": 150.0, "t_hi": 450.0, "x_lo": 33.507932188595, "x_hi": 39.53129859782922}}
[done   396s] {"id": "Bpark_eps0.01", "n": 14, "status": "ok", "key": {"verdict": "drifts", "v_x": -0.0595187334531951, "v_y": 3.923854564704769e-14, "r2_x": 0.993562420640462, "net_x": -10.88251416765565, "area_max": 26.25, "n": 20, "t_lo": 150.0, "t_hi": 340.0, "x_lo": 31.022829115608786, "x_hi": 20.140314947953136}}
[done   391s] {"id": "Bpark_eps0.015", "n": 15, "status": "ok", "key": {"verdict": "drifts", "v_x": -0.0024024722830463608, "v_y": 3.160918778861666e-10, "r2_x": 0.5806022282820804, "net_x": -5.928212597539229, "area_max": 23.75, "n": 42, "t_lo": 150.0, "t_hi": 1500.0, "x_lo": 26.45507730780379, "x_hi": 20.52686471026456}}
ALL DONE
