{"name": "R1_A4s_N8_nl", "kind": "ring", "nrec": 8, "status": "ok", "verdict": {"closed_all_post": true, "crowd_late": false, "equil": true, "T": 5000.0, "long_enough": true, "R_final": 20.119094288729688, "R_series_summary": {"first": 20.11499394201433, "last": 20.11909425749362, "max": 20.11909430617584, "min": 20.111685937803664}, "gate": true}}
{"name": "R1_A4s_N6_nl", "kind": "ring", "nrec": 9, "status": "ok", "verdict": {"closed_all_post": true, "crowd_late": false, "equil": true, "T": 5000.0, "long_enough": true, "R_final": 15.40152060978307, "R_series_summary": {"first": 15.39253755904033, "last": 15.401520595421934, "max": 15.401520649155202, "min": 15.379062403407817}, "gate": true}}
{"name": "R1_A4s_N4_nl", "kind": "ring", "nrec": 10, "status": "ok", "verdict": {"closed_all_post": true, "crowd_late": false, "equil": true, "T": 5000.0, "long_enough": true, "R_final": 10.922079713711353, "R_series_summary": {"first": 10.912216029015319, "last": 10.922079713711332, "max": 10.92207971371143, "min": 10.86477692839502}, "gate": true}}
{"name": "R1_A4s_N5_nl", "kind": "ring", "nrec": 11, "status": "ok", "verdict": {"closed_all_post": true, "crowd_late": false, "equil": true, "T": 5000.0, "long_enough": true, "R_final": 13.141230003337986, "R_series_summary": {"first": 13.124886618641938, "last": 13.141230040670063, "max": 13.141230040670063, "min": 13.083184878903854}, "gate": true}}
{"name": "R1_A4s_N6_wn", "kind": "ring", "nrec": 12, "status": "ok", "verdict": {"closed_all_post": true, "crowd_late": false, "equil": true, "T": 5000.0, "long_enough": true, "R_final": 15.40423031199172, "R_series_summary": {"first": 15.389632425565418, "last": 15.403350932785264, "max": 15.407866349669023, "min": 15.379543231582767}, "gate": true}}
{"name": "R1_A4s_N8_wn", "kind": "ring", "nrec": 13, "status": "ok", "verdict": {"closed_all_post": true, "crowd_late": false, "equil": true, "T": 5000.0, "long_enough": true, "R_final": 20.117343653715213, "R_series_summary": {"first": 20.112946778604233, "last": 20.117380790401008, "max": 20.12299524178234, "min": 20.111691933784684}, "gate": true}}
{"name": "R1_A4s_N4_wn", "kind": "ring", "nrec": 14, "status": "ok", "verdict": {"closed_all_post": true, "crowd_late": false, "equil": true, "T": 5000.0, "long_enough": true, "R_final": 10.920544625798517, "R_series_summary": {"first": 10.90940408214722, "last": 10.920500261334851, "max": 10.925765735468795, "min": 10.864536205313321}, "gate": true}}
{"name": "R1_A4s_N5_wn", "kind": "ring", "nrec": 15, "status": "ok", "verdict": {"closed_all_post": true, "crowd_late": false, "equil": true, "T": 5000.0, "long_enough": true, "R_final": 13.140249106698947, "R_series_summary": {"first": 13.12537545272738, "last": 13.140678429379886, "max": 13.145273232845899, "min": 13.08420844025047}, "gate": true}}
{"name": "R1_A4s_N10_nl", "kind": "ring", "nrec": 16, "status": "ok", "verdict": {"closed_all_post": true, "crowd_late": false, "equil": true, "T": 5000.0, "long_enough": true, "R_final": 24.911448939214292, "R_series_summary": {"first": 24.91249089575866, "last": 24.91144804359262, "max": 24.917717449991446, "min": 24.91144804359262}, "gate": true}}
{"name": "R1_A4s_N12_nl", "kind": "ring", "nrec": 17, "status": "ok", "verdict": {"closed_all_post": true, "crowd_late": false, "equil": true, "T": 5000.0, "long_enough": true, "R_final": 29.73153830653572, "R_series_summary": {"first": 29.737866855586976, "last": 29.731515295626707, "max": 29.743426869759986, "min": 29.731515295626707}, "gate": true}}
{"name": "R1_A4s_N10_wn", "kind": "ring", "nrec": 18, "status": "ok", "verdict": {"closed_all_post": true, "crowd_late": false, "equil": true, "T": 5000.0, "long_enough": true, "R_final": 24.914607406731584, "R_series_summary": {"first": 24.910378017711757, "last": 24.91380719709324, "max": 24.917717449991446, "min": 24.907455924658848}, "gate": true}}
{"name": "R1_A5_N5_nl", "kind": "ring", "nrec": 19, "status": "ok", "verdict": {"closed_all_post": true, "crowd_late": false, "equil": true, "T": 5000.0, "long_enough": true, "R_final": 13.445616728995864, "R_series_summary": {"first": 13.424308785021719, "last": 13.445616550519716, "max": 13.445616932145509, "min": 13.336647771180207}, "gate": true}}
{"name": "R1_A4s_N12_wn", "kind": "ring", "nrec": 20, "status": "ok", "verdict": {"closed_all_post": true, "crowd_late": false, "equil": true, "T": 5000.0, "long_enough": true, "R_final": 29.7286870557501, "R_series_summary": {"first": 29.73516266224451, "last": 29.72753634501325, "max": 29.743426869759986, "min": 29.725057325468327}, "gate": true}}
{"name": "R1_A5_N4_nl", "kind": "ring", "nrec": 21, "status": "ok", "verdict": {"closed_all_post": true, "crowd_late": false, "equil": true, "T": 5000.0, "long_enough": true, "R_final": 11.164186884239063, "R_series_summary": {"first": 11.152815936207192, "last": 11.164186886592526, "max": 11.164186886592526, "min": 11.078525297929747}, "gate": true}}
{"name": "R1_A5_N4_wn", "kind": "ring", "nrec": 22, "status": "ok", "verdict": {"closed_all_post": true, "crowd_late": false, "equil": true, "T": 5000.0, "long_enough": true, "R_final": 11.163375177483507, "R_series_summary": {"first": 11.151272501635557, "last": 11.163027025038456, "max": 11.167625032120549, "min": 11.078269421237719}, "gate": true}}
{"name": "R1_A5_N5_wn", "kind": "ring", "nrec": 23, "status": "ok", "verdict": {"closed_all_post": true, "crowd_late": false, "equil": true, "T": 5000.0, "long_enough": true, "R_final": 13.444737270109597, "R_series_summary": {"first": 13.42409460732451, "last": 13.445535178382809, "max": 13.44864136842719, "min": 13.337621417680557}, "gate": true}}
{"name": "R1_A5_N6_nl", "kind": "ring", "nrec": 24, "status": "ok", "verdict": {"closed_all_post": true, "crowd_late": false, "equil": true, "T": 5000.0, "long_enough": true, "R_final": 15.656649090119894, "R_series_summary": {"first": 15.719362099369334, "last": 15.654587849710518, "max": 15.719875784345549, "min": 15.654587849710518}, "gate": true}}
{"name": "R1_A5_N8_nl", "kind": "ring", "nrec": 25, "status": "ok", "verdict": {"closed_all_post": false, "crowd_late": false, "equil": false, "T": 5000.0, "long_enough": true, "R_final": 34.406392350754615, "R_series_summary": {"first": 20.511796843056267, "last": NaN, "max": 37.88437418842447, "min": 20.224302324741274}, "gate": false}}
/Users/spoho/Documents/prime/test/physim/probes/blobs/membrane/metrics.py:157: RuntimeWarning: Mean of empty slice
  equil = (abs(np.nanmean(Rm[m1]) - np.nanmean(Rm[m2])) < R_EQUIL
/Users/spoho/Documents/prime/test/physim/probes/blobs/membrane/metrics.py:162: RuntimeWarning: Mean of empty slice
  R_final=float(np.nanmean(Rm[m1])) if m1.any() else None,
{"name": "R1_A5_N10_nl", "kind": "ring", "nrec": 26, "status": "ok", "verdict": {"closed_all_post": false, "crowd_late": false, "equil": false, "T": 5000.0, "long_enough": true, "R_final": NaN, "R_series_summary": {"first": 25.39344208103453, "last": NaN, "max": 36.55121452259751, "min": 24.977447232893617}, "gate": false}}
{"name": "R1_A5_N6_wn", "kind": "ring", "nrec": 27, "status": "ok", "verdict": {"closed_all_post": true, "crowd_late": false, "equil": true, "T": 5000.0, "long_enough": true, "R_final": 15.658635950237027, "R_series_summary": {"first": 15.717647055073678, "last": 15.655088694544117, "max": 15.717647055073678, "min": 15.655088694544117}, "gate": true}}
/Users/spoho/Documents/prime/test/physim/probes/blobs/membrane/metrics.py:157: RuntimeWarning: Mean of empty slice
  equil = (abs(np.nanmean(Rm[m1]) - np.nanmean(Rm[m2])) < R_EQUIL
/Users/spoho/Documents/prime/test/physim/probes/blobs/membrane/metrics.py:162: RuntimeWarning: Mean of empty slice
  R_final=float(np.nanmean(Rm[m1])) if m1.any() else None,
{"name": "R1_A5_N8_wn", "kind": "ring", "nrec": 28, "status": "ok", "verdict": {"closed_all_post": false, "crowd_late": false, "equil": false, "T": 5000.0, "long_enough": true, "R_final": NaN, "R_series_summary": {"first": 20.510100239941288, "last": NaN, "max": 29.878700895406165, "min": 20.256349262244065}, "gate": false}}
{"name": "R1_A5_N12_nl", "kind": "ring", "nrec": 29, "status": "ok", "verdict": {"closed_all_post": false, "crowd_late": false, "equil": false, "T": 5000.0, "long_enough": true, "R_final": 34.98315692587668, "R_series_summary": {"first": 30.319873660246568, "last": 34.717977719027594, "max": 38.3212637505487, "min": 29.82653385530862}, "gate": false}}
{"name": "R1_A5_N10_wn", "kind": "ring", "nrec": 30, "status": "ok", "verdict": {"closed_all_post": false, "crowd_late": false, "equil": false, "T": 5000.0, "long_enough": true, "R_final": 33.54408204735749, "R_series_summary": {"first": 25.391599740125706, "last": 33.4410782366533, "max": 36.04213660114043, "min": 25.05864588729828}, "gate": false}}
/Users/spoho/Documents/prime/test/physim/probes/blobs/membrane/metrics.py:157: RuntimeWarning: Mean of empty slice
  equil = (abs(np.nanmean(Rm[m1]) - np.nanmean(Rm[m2])) < R_EQUIL
/Users/spoho/Documents/prime/test/physim/probes/blobs/membrane/metrics.py:162: RuntimeWarning: Mean of empty slice
  R_final=float(np.nanmean(Rm[m1])) if m1.any() else None,
{"name": "R1_A5_N12_wn", "kind": "ring", "nrec": 31, "status": "ok", "verdict": {"closed_all_post": false, "crowd_late": false, "equil": false, "T": 5000.0, "long_enough": true, "R_final": NaN, "R_series_summary": {"first": 30.318887552033004, "last": NaN, "max": 30.331217670097875, "min": 29.95322100624578}, "gate": false}}
QUEUE_R1_DONE
