m0 1 2.8 2500.0 20.1s
m0 2 2.8 2500.0 12.8s
m0 3 2.8 2500.0 11.2s
m4 1 26.65 2500.0 11.7s
m4 2 22.51 2500.0 12.7s
m4 3 23.94 2500.0 11.2s
coex 1 15.05 2500.0 23.2s
coex 2 18.2 2500.0 22.6s
coex 3 22.28 2500.0 22.6s
xv 1 29.62 5000.0 35.7s
xv 2 38.39 5000.0 33.7s
xv 3 34.28 5000.0 35.6s
pred 1 43.74 10000.0 113.9s
pred 2 43.87 20000.0 195.8s
pred 3 42.21 10000.0 101.5s
mv3 1 50.77 20000.0 169.9s
mv3 2 26.27 2500.0 18.3s
mv3 3 32.65 2500.0 20.3s
bf 1 34.8 2500.0 13.1s
bf 2 35.28 2500.0 13.3s
bf 3 34.8 2500.0 14.8s
{
 "m0": {
  "gpu": [
   2.8,
   2.8
  ],
  "cpu_band": [
   2.8,
   2.8
  ],
  "overlap": true
 },
 "m4": {
  "gpu": [
   22.51,
   26.65
  ],
  "cpu_band": [
   20.3,
   28.4
  ],
  "overlap": true
 },
 "coex": {
  "gpu": [
   15.05,
   22.28
  ],
  "cpu_band": [
   21.4,
   24.9
  ],
  "overlap": true
 },
 "xv": {
  "gpu": [
   29.62,
   38.39
  ],
  "cpu_band": [
   25.6,
   37.5
  ],
  "overlap": true
 },
 "pred": {
  "gpu": [
   42.21,
   43.87
  ],
  "cpu_band": [
   13.7,
   21.6
  ],
  "overlap": false
 },
 "mv3": {
  "gpu": [
   26.27,
   50.77
  ],
  "cpu_band": [
   36.0,
   53.4
  ],
  "overlap": true
 },
 "bf": {
  "gpu": [
   34.8,
   35.28
  ],
  "cpu_band": [
   30.6,
   35.3
  ],
  "overlap": true
 }
}
